Component: ARM Compiler 5.06 update 1 (build 61) Tool: armlink [4d35a8]

==============================================================================

Section Cross References

    main.o(.text) refers to sys.o(.text) for SysInit
    main.o(.text) refers to action.o(.text) for Steering_engine_action_handle
    main.o(.text) refers to delay.o(.text) for delay_ms
    system_stm32f10x.o(.text) refers to system_stm32f10x.o(.data) for SystemCoreClock
    led.o(.text) refers to delay.o(.text) for delay_ms
    timer.o(.text) refers to _printf_percent.o(.ARM.Collect$$_printf_percent$$00000000) for _printf_percent
    timer.o(.text) refers to _printf_x.o(.ARM.Collect$$_printf_percent$$0000000C) for _printf_x
    timer.o(.text) refers to _printf_hex_int.o(.text) for _printf_longlong_hex
    timer.o(.text) refers to stm32f10x_rcc.o(.text) for RCC_APB1PeriphClockCmd
    timer.o(.text) refers to stm32f10x_gpio.o(.text) for GPIO_Init
    timer.o(.text) refers to stm32f10x_tim.o(.text) for TIM_TimeBaseInit
    timer.o(.text) refers to misc.o(.text) for NVIC_Init
    timer.o(.text) refers to sys.o(.text) for System_state_check
    timer.o(.text) refers to 24l01.o(.text) for NRF24L01_Read_Reg
    timer.o(.text) refers to noretval__2printf.o(.text) for __2printf
    timer.o(.text) refers to timer.o(.data) for Timer7_base_cnt
    timer.o(.text) refers to sys.o(.data) for System_fault_state
    timer.o(.text) refers to exti.o(.bss) for Nrf24l01_rx_buff
    action.o(.text) refers to stm32f10x_tim.o(.text) for TIM_SetCompare1
    action.o(.text) refers to timer.o(.text) for TIM5_PWM_Init
    action.o(.text) refers to action.o(.data) for Nrf24l01_rx_handle_flag
    action.o(.text) refers to main.o(.data) for System_state_flag
    action.o(.text) refers to exti.o(.data) for Joystick_left_x_axis_val
    adc.o(.text) refers to stm32f10x_rcc.o(.text) for RCC_APB2PeriphClockCmd
    adc.o(.text) refers to stm32f10x_gpio.o(.text) for GPIO_Init
    adc.o(.text) refers to stm32f10x_adc.o(.text) for ADC_DeInit
    adc.o(.text) refers to stm32f10x_dma.o(.text) for DMA_Cmd
    adc.o(.text) refers to sys.o(.data) for Bat_adc_converted_value
    beep.o(.text) refers to delay.o(.text) for delay_ms
    24l01.o(.text) refers to stm32f10x_rcc.o(.text) for RCC_APB2PeriphClockCmd
    24l01.o(.text) refers to stm32f10x_gpio.o(.text) for GPIO_Init
    24l01.o(.text) refers to spi.o(.text) for SPI2_Init
    24l01.o(.text) refers to 24l01.o(.constdata) for RX_ADDRESS
    exti.o(.text) refers to _printf_percent.o(.ARM.Collect$$_printf_percent$$00000000) for _printf_percent
    exti.o(.text) refers to _printf_d.o(.ARM.Collect$$_printf_percent$$00000009) for _printf_d
    exti.o(.text) refers to _printf_dec.o(.text) for _printf_int_dec
    exti.o(.text) refers to _printf_x.o(.ARM.Collect$$_printf_percent$$0000000C) for _printf_x
    exti.o(.text) refers to _printf_hex_int.o(.text) for _printf_longlong_hex
    exti.o(.text) refers to stm32f10x_rcc.o(.text) for RCC_APB2PeriphClockCmd
    exti.o(.text) refers to stm32f10x_gpio.o(.text) for GPIO_EXTILineConfig
    exti.o(.text) refers to stm32f10x_exti.o(.text) for EXTI_Init
    exti.o(.text) refers to misc.o(.text) for NVIC_Init
    exti.o(.text) refers to noretval__2printf.o(.text) for __2printf
    exti.o(.text) refers to 24l01.o(.text) for NRF24L01_Read_Reg
    exti.o(.text) refers to exti.o(.data) for System_HW_cur_protect_flag
    exti.o(.text) refers to exti.o(.bss) for Nrf24l01_rx_buff
    exti.o(.text) refers to action.o(.data) for Nrf24l01_rx_handle_flag
    spi.o(.text) refers to stm32f10x_spi.o(.text) for SPI_Cmd
    spi.o(.text) refers to stm32f10x_rcc.o(.text) for RCC_APB2PeriphClockCmd
    spi.o(.text) refers to stm32f10x_gpio.o(.text) for GPIO_Init
    delay.o(.text) refers to misc.o(.text) for SysTick_CLKSourceConfig
    delay.o(.text) refers to system_stm32f10x.o(.data) for SystemCoreClock
    delay.o(.text) refers to delay.o(.data) for fac_us
    sys.o(.text) refers to _printf_percent.o(.ARM.Collect$$_printf_percent$$00000000) for _printf_percent
    sys.o(.text) refers to _printf_x.o(.ARM.Collect$$_printf_percent$$0000000C) for _printf_x
    sys.o(.text) refers to _printf_hex_int.o(.text) for _printf_longlong_hex
    sys.o(.text) refers to misc.o(.text) for NVIC_PriorityGroupConfig
    sys.o(.text) refers to delay.o(.text) for delay_ms
    sys.o(.text) refers to beep.o(.text) for SYS_SW_Init
    sys.o(.text) refers to led.o(.text) for LED_Init
    sys.o(.text) refers to action.o(.text) for Steering_engine_PWM_initial
    sys.o(.text) refers to adc.o(.text) for Adc_DMA_Init
    sys.o(.text) refers to usart.o(.text) for uart_init
    sys.o(.text) refers to 24l01.o(.text) for NRF24L01_Init
    sys.o(.text) refers to noretval__2printf.o(.text) for __2printf
    sys.o(.text) refers to timer.o(.text) for TIM6_Int_Init
    sys.o(.text) refers to exti.o(.text) for EXTIX_Init_Nrfirq
    sys.o(.text) refers to stm32f10x_tim.o(.text) for TIM_Cmd
[...]
    ../clib/printf.c                         0x00000000   Number         0  _printf_char_file.o ABSOLUTE
    ../clib/printf.c                         0x00000000   Number         0  _printf_char_common.o ABSOLUTE
    ../clib/printf.c                         0x00000000   Number         0  __2printf.o ABSOLUTE
    ../clib/printf.c                         0x00000000   Number         0  __printf_nopercent.o ABSOLUTE
    ../clib/printf.c                         0x00000000   Number         0  noretval__2printf.o ABSOLUTE
    ../clib/printf.c                         0x00000000   Number         0  __printf.o ABSOLUTE
    ../clib/printf.c                         0x00000000   Number         0  _printf_intcommon.o ABSOLUTE
    ../clib/printf.c                         0x00000000   Number         0  _printf_dec.o ABSOLUTE
    ../clib/printf.c                         0x00000000   Number         0  _printf_hex_int_ll.o ABSOLUTE
    ../clib/printf.c                         0x00000000   Number         0  _printf_hex_ptr.o ABSOLUTE
    ../clib/printf.c                         0x00000000   Number         0  _printf_hex_int_ptr.o ABSOLUTE
    ../clib/printf.c                         0x00000000   Number         0  _printf_hex_ll_ptr.o ABSOLUTE
    ../clib/printf.c                         0x00000000   Number         0  _printf_hex_int_ll_ptr.o ABSOLUTE
    ../clib/printf.c                         0x00000000   Number         0  __printf_flags.o ABSOLUTE
    ../clib/printf.c                         0x00000000   Number         0  __printf_ss.o ABSOLUTE
    ../clib/printf.c                         0x00000000   Number         0  __printf_flags_ss.o ABSOLUTE
    ../clib/printf.c                         0x00000000   Number         0  __printf_wp.o ABSOLUTE
    ../clib/printf.c                         0x00000000   Number         0  __printf_flags_wp.o ABSOLUTE
    ../clib/printf.c                         0x00000000   Number         0  __printf_ss_wp.o ABSOLUTE
    ../clib/printf.c                         0x00000000   Number         0  __printf_flags_ss_wp.o ABSOLUTE
    ../clib/printf_percent.s                 0x00000000   Number         0  _printf_d.o ABSOLUTE
    ../clib/printf_percent.s                 0x00000000   Number         0  _printf_percent.o ABSOLUTE
    ../clib/printf_percent.s                 0x00000000   Number         0  _printf_x.o ABSOLUTE
    ../clib/printf_percent.s                 0x00000000   Number         0  _printf_percent_end.o ABSOLUTE
    ../clib/signal.c                         0x00000000   Number         0  defsig_cppl_inner.o ABSOLUTE
    ../clib/signal.c                         0x00000000   Number         0  defsig_rtmem_formal.o ABSOLUTE
    ../clib/signal.c                         0x00000000   Number         0  defsig_pvfn_inner.o ABSOLUTE
    ../clib/signal.c                         0x00000000   Number         0  defsig_stak_inner.o ABSOLUTE
    ../clib/signal.c                         0x00000000   Number         0  defsig_rtred_inner.o ABSOLUTE
    ../clib/signal.c                         0x00000000   Number         0  defsig_fpe_inner.o ABSOLUTE
    ../clib/signal.c                         0x00000000   Number         0  defsig_general.o ABSOLUTE
    ../clib/signal.c                         0x00000000   Number         0  __raise.o ABSOLUTE
    ../clib/signal.c                         0x00000000   Number         0  defsig_rtmem_inner.o ABSOLUTE
    ../clib/signal.c                         0x00000000   Number         0  defsig_exit.o ABSOLUTE
    ../clib/signal.c                         0x00000000   Number         0  defsig_rtmem_outer.o ABSOLUTE
    ../clib/signal.c                         0x00000000   Number         0  defsig_abrt_inner.o ABSOLUTE
    ../clib/signal.c                         0x00000000   Number         0  defsig_other.o ABSOLUTE
    ../clib/signal.c                         0x00000000   Number         0  defsig_segv_inner.o ABSOLUTE
    ../clib/signal.s                         0x00000000   Number         0  defsig.o ABSOLUTE
    ../clib/stdio.c                          0x00000000   Number         0  ferror.o ABSOLUTE
    ../clib/stdio.c                          0x00000000   Number         0  ferror_locked.o ABSOLUTE
    ../clib/stdlib.c                         0x00000000   Number         0  exit.o ABSOLUTE
    ../fplib/fpinit.s                        0x00000000   Number         0  fpinit.o ABSOLUTE
    ..\CORE\core_cm3.c                       0x00000000   Number         0  core_cm3.o ABSOLUTE
    ..\CORE\startup_stm32f10x_hd.s           0x00000000   Number         0  startup_stm32f10x_hd.o ABSOLUTE
    ..\HARDWARE\ACTION\action.c              0x00000000   Number         0  action.o ABSOLUTE
    ..\HARDWARE\ADC\adc.c                    0x00000000   Number         0  adc.o ABSOLUTE
    ..\HARDWARE\BEEP\beep.c                  0x00000000   Number         0  beep.o ABSOLUTE
    ..\HARDWARE\EXTI\exti.c                  0x00000000   Number         0  exti.o ABSOLUTE
    ..\HARDWARE\LED\led.c                    0x00000000   Number         0  led.o ABSOLUTE
    ..\HARDWARE\NRF24L01\24l01.c             0x00000000   Number         0  24l01.o ABSOLUTE
    ..\HARDWARE\SPI\spi.c                    0x00000000   Number         0  spi.o ABSOLUTE
    ..\HARDWARE\TIMER\timer.c                0x00000000   Number         0  timer.o ABSOLUTE
    ..\STM32F10x_FWLib\src\misc.c            0x00000000   Number         0  misc.o ABSOLUTE
    ..\STM32F10x_FWLib\src\stm32f10x_adc.c   0x00000000   Number         0  stm32f10x_adc.o ABSOLUTE
    ..\STM32F10x_FWLib\src\stm32f10x_dma.c   0x00000000   Number         0  stm32f10x_dma.o ABSOLUTE
    ..\STM32F10x_FWLib\src\stm32f10x_exti.c  0x00000000   Number         0  stm32f10x_exti.o ABSOLUTE
    ..\STM32F10x_FWLib\src\stm32f10x_gpio.c  0x00000000   Number         0  stm32f10x_gpio.o ABSOLUTE
    ..\STM32F10x_FWLib\src\stm32f10x_rcc.c   0x00000000   Number         0  stm32f10x_rcc.o ABSOLUTE
    ..\STM32F10x_FWLib\src\stm32f10x_spi.c   0x00000000   Number         0  stm32f10x_spi.o ABSOLUTE
    ..\STM32F10x_FWLib\src\stm32f10x_tim.c   0x00000000   Number         0  stm32f10x_tim.o ABSOLUTE
    ..\STM32F10x_FWLib\src\stm32f10x_usart.c 0x00000000   Number         0  stm32f10x_usart.o ABSOLUTE
    ..\SYSTEM\delay\delay.c                  0x00000000   Number         0  delay.o ABSOLUTE
    ..\SYSTEM\sys\sys.c                      0x00000000   Number         0  sys.o ABSOLUTE
    ..\SYSTEM\usart\usart.c                  0x00000000   Number         0  usart.o ABSOLUTE
    ..\\CORE\\core_cm3.c                     0x00000000   Number         0  core_cm3.o ABSOLUTE
    dc.s                                     0x00000000   Number         0  dc.o ABSOLUTE
    main.c                                   0x00000000   Number         0  main.o ABSOLUTE
    stm32f10x_it.c                           0x00000000   Number         0  stm32f10x_it.o ABSOLUTE
    system_stm32f10x.c                       0x00000000   Number         0  system_stm32f10x.o ABSOLUTE
    RESET                                    0x08000000   Section      304  startup_stm32f10x_hd.o(RESET)
    !!!main                                  0x08000130   Section        8  __main.o(!!!main)
    !!!scatter                               0x08000138   Section       52  __scatter.o(!!!scatter)
    !!handler_copy                           0x0800016c   Section       26  __scatter_copy.o(!!handler_copy)
    !!handler_zi                             0x08000188   Section       28  __scatter_zi.o(!!handler_zi)
    .ARM.Collect$$_printf_percent$$00000000  0x080001a4   Section        0  _printf_percent.o(.ARM.Collect$$_printf_percent$$00000000)
    .ARM.Collect$$_printf_percent$$00000009  0x080001a4   Section        6  _printf_d.o(.ARM.Collect$$_printf_percent$$00000009)
    .ARM.Collect$$_printf_percent$$0000000C  0x080001aa   Section        6  _printf_x.o(.ARM.Collect$$_printf_percent$$0000000C)
    .ARM.Collect$$_printf_percent$$00000017  0x080001b0   Section        4  _printf_percent_end.o(.ARM.Collect$$_printf_percent$$00000017)
    .ARM.Collect$$libinit$$00000000          0x080001b4   Section        2  libinit.o(.ARM.Collect$$libinit$$00000000)
    .ARM.Collect$$libinit$$00000002          0x080001b6   Section        0  libinit2.o(.ARM.Collect$$libinit$$00000002)
    .ARM.Collect$$libinit$$00000004          0x080001b6   Section        0  libinit2.o(.ARM.Collect$$libinit$$00000004)
    .ARM.Collect$$libinit$$0000000A          0x080001b6   Section        0  libinit2.o(.ARM.Collect$$libinit$$0000000A)
    .ARM.Collect$$libinit$$0000000C          0x080001b6   Section        0  libinit2.o(.ARM.Collect$$libinit$$0000000C)
    .ARM.Collect$$libinit$$0000000E          0x080001b6   Section        0  libinit2.o(.ARM.Collect$$libinit$$0000000E)
    .ARM.Collect$$libinit$$00000011          0x080001b6   Section        0  libinit2.o(.ARM.Collect$$libinit$$00000011)
    .ARM.Collect$$libinit$$00000013          0x080001b6   Section        0  libinit2.o(.ARM.Collect$$libinit$$00000013)
    .ARM.Collect$$libinit$$00000015          0x080001b6   Section        0  libinit2.o(.ARM.Collect$$libinit$$00000015)
    .ARM.Collect$$libinit$$00000017          0x080001b6   Section        0  libinit2.o(.ARM.Collect$$libinit$$00000017)
    .ARM.Collect$$libinit$$00000019          0x080001b6   Section        0  libinit2.o(.ARM.Collect$$libinit$$00000019)
    .ARM.Collect$$libinit$$0000001B          0x080001b6   Section        0  libinit2.o(.ARM.Collect$$libinit$$0000001B)
    .ARM.Collect$$libinit$$0000001D          0x080001b6   Section        0  libinit2.o(.ARM.Collect$$libinit$$0000001D)
    .ARM.Collect$$libinit$$0000001F          0x080001b6   Section        0  libinit2.o(.ARM.Collect$$libinit$$0000001F)
    .ARM.Collect$$libinit$$00000021          0x080001b6   Section        0  libinit2.o(.ARM.Collect$$libinit$$00000021)
    .ARM.Collect$$libinit$$00000023          0x080001b6   Section        0  libinit2.o(.ARM.Collect$$libinit$$00000023)
    .ARM.Collect$$libinit$$00000025          0x080001b6   Section        0  libinit2.o(.ARM.Collect$$libinit$$00000025)
    .ARM.Collect$$libinit$$0000002C          0x080001b6   Section        0  libinit2.o(.ARM.Collect$$libinit$$0000002C)
    .ARM.Collect$$libinit$$0000002E          0x080001b6   Section        0  libinit2.o(.ARM.Collect$$libinit$$0000002E)
    .ARM.Collect$$libinit$$00000030          0x080001b6   Section        0  libinit2.o(.ARM.Collect$$libinit$$00000030)
    .ARM.Collect$$libinit$$00000032          0x080001b6   Section        0  libinit2.o(.ARM.Collect$$libinit$$00000032)
    .ARM.Collect$$libinit$$00000033          0x080001b6   Section        2  libinit2.o(.ARM.Collect$$libinit$$00000033)
    .ARM.Collect$$libshutdown$$00000000      0x080001b8   Section        2  libshutdown.o(.ARM.Collect$$libshutdown$$00000000)
    .ARM.Collect$$libshutdown$$00000002      0x080001ba   Section        0  libshutdown2.o(.ARM.Collect$$libshutdown$$00000002)
    .ARM.Collect$$libshutdown$$00000004      0x080001ba   Section        0  libshutdown2.o(.ARM.Collect$$libshutdown$$00000004)
    .ARM.Collect$$libshutdown$$00000007      0x080001ba   Section        0  libshutdown2.o(.ARM.Collect$$libshutdown$$00000007)
    .ARM.Collect$$libshutdown$$0000000A      0x080001ba   Section        0  libshutdown2.o(.ARM.Collect$$libshutdown$$0000000A)
    .ARM.Collect$$libshutdown$$0000000C      0x080001ba   Section        0  libshutdown2.o(.ARM.Collect$$libshutdown$$0000000C)
    .ARM.Collect$$libshutdown$$0000000F      0x080001ba   Section        0  libshutdown2.o(.ARM.Collect$$libshutdown$$0000000F)
    .ARM.Collect$$libshutdown$$00000010      0x080001ba   Section        2  libshutdown2.o(.ARM.Collect$$libshutdown$$00000010)
    .ARM.Collect$$rtentry$$00000000          0x080001bc   Section        0  __rtentry.o(.ARM.Collect$$rtentry$$00000000)
    .ARM.Collect$$rtentry$$00000002          0x080001bc   Section        0  __rtentry2.o(.ARM.Collect$$rtentry$$00000002)
    .ARM.Collect$$rtentry$$00000004          0x080001bc   Section        6  __rtentry4.o(.ARM.Collect$$rtentry$$00000004)
    .ARM.Collect$$rtentry$$00000009          0x080001c2   Section        0  __rtentry2.o(.ARM.Collect$$rtentry$$00000009)
    .ARM.Collect$$rtentry$$0000000A          0x080001c2   Section        4  __rtentry2.o(.ARM.Collect$$rtentry$$0000000A)
    .ARM.Collect$$rtentry$$0000000C          0x080001c6   Section        0  __rtentry2.o(.ARM.Collect$$rtentry$$0000000C)
    .ARM.Collect$$rtentry$$0000000D          0x080001c6   Section        8  __rtentry2.o(.ARM.Collect$$rtentry$$0000000D)
    .ARM.Collect$$rtexit$$00000000           0x080001ce   Section        2  rtexit.o(.ARM.Collect$$rtexit$$00000000)
    .ARM.Collect$$rtexit$$00000002           0x080001d0   Section        0  rtexit2.o(.ARM.Collect$$rtexit$$00000002)
    .ARM.Collect$$rtexit$$00000003           0x080001d0   Section        4  rtexit2.o(.ARM.Collect$$rtexit$$00000003)
    .ARM.Collect$$rtexit$$00000004           0x080001d4   Section        6  rtexit2.o(.ARM.Collect$$rtexit$$00000004)
    .text                                    0x080001da   Section        0  main.o(.text)
    .text                                    0x080001f4   Section        0  stm32f10x_it.o(.text)
    .text                                    0x08000210   Section        0  system_stm32f10x.o(.text)
    SetSysClockTo72                          0x08000211   Thumb Code   214  system_stm32f10x.o(.text)
    SetSysClock                              0x080002e7   Thumb Code     8  system_stm32f10x.o(.text)
    .text                                    0x080003f0   Section        0  led.o(.text)
    .text                                    0x080004b8   Section        0  timer.o(.text)
    .text                                    0x08000be0   Section        0  action.o(.text)
    .text                                    0x080011ac   Section        0  adc.o(.text)
    .text                                    0x080013f8   Section        0  beep.o(.text)
    .text                                    0x0800148c   Section        0  24l01.o(.text)
    .text                                    0x08001798   Section        0  exti.o(.text)
    .text                                    0x08001b20   Section        0  spi.o(.text)
    .text                                    0x08001c2c   Section        0  delay.o(.text)
    .text                                    0x08001d00   Section        0  sys.o(.text)
    .text                                    0x08002404   Section        0  usart.o(.text)
    .text                                    0x08002568   Section       64  startup_stm32f10x_hd.o(.text)
    .text                                    0x080025a8   Section        0  misc.o(.text)
    .text                                    0x08002684   Section        0  stm32f10x_gpio.o(.text)
    .text                                    0x080029e0   Section        0  stm32f10x_rcc.o(.text)
    .text                                    0x08002d84   Section        0  stm32f10x_tim.o(.text)
    TI4_Config                               0x0800322b   Thumb Code   130  stm32f10x_tim.o(.text)
    TI3_Config                               0x080032bf   Thumb Code   122  stm32f10x_tim.o(.text)
    TI2_Config                               0x08003353   Thumb Code   130  stm32f10x_tim.o(.text)
    TI1_Config                               0x080033e7   Thumb Code   108  stm32f10x_tim.o(.text)
    .text                                    0x08003ba0   Section        0  stm32f10x_usart.o(.text)
    .text                                    0x08003fa8   Section        0  stm32f10x_adc.o(.text)
    .text                                    0x080043f8   Section        0  stm32f10x_exti.o(.text)
    .text                                    0x08004514   Section        0  stm32f10x_spi.o(.text)
    .text                                    0x08004820   Section        0  stm32f10x_dma.o(.text)
    .text                                    0x08004a74   Section        2  use_no_semi_2.o(.text)
    .text                                    0x08004a78   Section        0  noretval__2printf.o(.text)
    .text                                    0x08004a90   Section        0  __printf.o(.text)
    .text                                    0x08004af8   Section        0  _printf_dec.o(.text)
    .text                                    0x08004b70   Section        0  _printf_hex_int.o(.text)
    .text                                    0x08004bc8   Section        0  heapauxi.o(.text)
    .text                                    0x08004bce   Section        2  use_no_semi.o(.text)
    .text                                    0x08004bd0   Section        0  _printf_intcommon.o(.text)
    .text                                    0x08004c84   Section        0  _printf_char_file.o(.text)
    .text                                    0x08004ca8   Section        0  _printf_char_common.o(.text)
    _printf_input_char                       0x08004ca9   Thumb Code    10  _printf_char_common.o(.text)
    .text                                    0x08004cd8   Section        0  ferror.o(.text)
    .text                                    0x08004ce0   Section       74  sys_stackheap_outer.o(.text)
    .text                                    0x08004d2a   Section        0  exit.o(.text)
    .text                                    0x08004d3c   Section        8  libspace.o(.text)
    .constdata                               0x08004d44   Section       10  24l01.o(.constdata)
    .constdata                               0x08004d4e   Section       40  _printf_hex_int.o(.constdata)
    uc_hextab                                0x08004d4e   Data          20  _printf_hex_int.o(.constdata)
    lc_hextab                                0x08004d62   Data          20  _printf_hex_int.o(.constdata)
    .data                                    0x20000000   Section        4  main.o(.data)
    .data                                    0x20000004   Section       20  system_stm32f10x.o(.data)
    .data                                    0x20000018   Section        6  timer.o(.data)
    .data                                    0x2000001e   Section        1  action.o(.data)
    .data                                    0x2000001f   Section       28  exti.o(.data)
    .data                                    0x2000003c   Section        4  delay.o(.data)
    fac_us                                   0x2000003c   Data           1  delay.o(.data)
    fac_ms                                   0x2000003e   Data           2  delay.o(.data)
    .data                                    0x20000040   Section       11  sys.o(.data)
    .data                                    0x2000004c   Section        6  usart.o(.data)
    .data                                    0x20000052   Section       20  stm32f10x_rcc.o(.data)
    APBAHBPrescTable                         0x20000052   Data          16  stm32f10x_rcc.o(.data)
    ADCPrescTable                            0x20000062   Data           4  stm32f10x_rcc.o(.data)
    .bss                                     0x20000068   Section       32  exti.o(.bss)
    .bss                                     0x20000088   Section       52  sys.o(.bss)
    .bss                                     0x200000bc   Section      200  usart.o(.bss)
    .bss                                     0x20000184   Section       96  libspace.o(.bss)
    HEAP                                     0x200001e8   Section      512  startup_stm32f10x_hd.o(HEAP)
    Heap_Mem                                 0x200001e8   Data         512  startup_stm32f10x_hd.o(HEAP)
    STACK                                    0x200003e8   Section     1024  startup_stm32f10x_hd.o(STACK)
    Stack_Mem                                0x200003e8   Data        1024  startup_stm32f10x_hd.o(STACK)
    __initial_sp                             0x200007e8   Data           0  startup_stm32f10x_hd.o(STACK)

    Global Symbols

    Symbol Name                              Value     Ov Type        Size  Object(Section)

    BuildAttributes$$THM_ISAv4$P$D$K$B$S$PE$A:L22UL41UL21$X:L11$S22US41US21$IEEE1$IW$USESV6$~STKCKD$USESV7$~SHL$OSPACE$ROPI$EBA8$UX$STANDARDLIB$REQ8$PRES8$EABIv2 0x00000000   Number         0  anon$$obj.o ABSOLUTE
    __ARM_use_no_argv                        0x00000000   Number         0  main.o ABSOLUTE
    __ARM_exceptions_init                     - Undefined Weak Reference
    __alloca_initialize                       - Undefined Weak Reference
    __arm_preinit_                            - Undefined Weak Reference
    __cpp_initialize__aeabi_                  - Undefined Weak Reference
    __cxa_finalize                            - Undefined Weak Reference
    __rt_locale                               - Undefined Weak Reference
    __sigvec_lookup                           - Undefined Weak Reference
    _atexit_init                              - Undefined Weak Reference
    _call_atexit_fns                          - Undefined Weak Reference
    _clock_init                               - Undefined Weak Reference
    _fp_trap_init                             - Undefined Weak Reference
    _fp_trap_shutdown                         - Undefined Weak Reference
    _get_lc_collate                           - Undefined Weak Reference
    _get_lc_ctype                             - Undefined Weak Reference
    _get_lc_monetary                          - Undefined Weak Reference
    _get_lc_numeric                           - Undefined Weak Reference
    _get_lc_time                              - Undefined Weak Reference
    _getenv_init                              - Undefined Weak Reference
    _handle_redirection                       - Undefined Weak Reference
    _init_alloc                               - Undefined Weak Reference
    _init_user_alloc                          - Undefined Weak Reference
    _initio                                   - Undefined Weak Reference
    _mutex_acquire                            - Undefined Weak Reference
    _mutex_release                            - Undefined Weak Reference
    _printf_post_padding                      - Undefined Weak Reference
    _printf_pre_padding                       - Undefined Weak Reference
    _printf_truncate_signed                   - Undefined Weak Reference
    _printf_truncate_unsigned                 - Undefined Weak Reference
    _rand_init                                - Undefined Weak Reference
    _signal_finish                            - Undefined Weak Reference
    _signal_init                              - Undefined Weak Reference
    _terminate_alloc                          - Undefined Weak Reference
    _terminate_user_alloc                     - Undefined Weak Reference
    _terminateio                              - Undefined Weak Reference
    __Vectors_Size                           0x00000130   Number         0  startup_stm32f10x_hd.o ABSOLUTE
    __Vectors                                0x08000000   Data           4  startup_stm32f10x_hd.o(RESET)
    __Vectors_End                            0x08000130   Data           0  startup_stm32f10x_hd.o(RESET)
    __main                                   0x08000131   Thumb Code     8  __main.o(!!!main)
    __scatterload                            0x08000139   Thumb Code     0  __scatter.o(!!!scatter)
    __scatterload_rt2                        0x08000139   Thumb Code    44  __scatter.o(!!!scatter)
    __scatterload_rt2_thumb_only             0x08000139   Thumb Code     0  __scatter.o(!!!scatter)
    __scatterload_null                       0x08000147   Thumb Code     0  __scatter.o(!!!scatter)
    __scatterload_copy                       0x0800016d   Thumb Code    26  __scatter_copy.o(!!handler_copy)
    __scatterload_zeroinit                   0x08000189   Thumb Code    28  __scatter_zi.o(!!handler_zi)
    _printf_d                                0x080001a5   Thumb Code     0  _printf_d.o(.ARM.Collect$$_printf_percent$$00000009)
    _printf_percent                          0x080001a5   Thumb Code     0  _printf_percent.o(.ARM.Collect$$_printf_percent$$00000000)
    _printf_x                                0x080001ab   Thumb Code     0  _printf_x.o(.ARM.Collect$$_printf_percent$$0000000C)
    _printf_percent_end                      0x080001b1   Thumb Code     0  _printf_percent_end.o(.ARM.Collect$$_printf_percent$$00000017)
    __rt_lib_init                            0x080001b5   Thumb Code     0  libinit.o(.ARM.Collect$$libinit$$00000000)
    __rt_lib_init_alloca_1                   0x080001b7   Thumb Code     0  libinit2.o(.ARM.Collect$$libinit$$0000002E)
    __rt_lib_init_argv_1                     0x080001b7   Thumb Code     0  libinit2.o(.ARM.Collect$$libinit$$0000002C)
    __rt_lib_init_atexit_1                   0x080001b7   Thumb Code     0  libinit2.o(.ARM.Collect$$libinit$$0000001B)
    __rt_lib_init_clock_1                    0x080001b7   Thumb Code     0  libinit2.o(.ARM.Collect$$libinit$$00000021)
    __rt_lib_init_cpp_1                      0x080001b7   Thumb Code     0  libinit2.o(.ARM.Collect$$libinit$$00000032)
    __rt_lib_init_exceptions_1               0x080001b7   Thumb Code     0  libinit2.o(.ARM.Collect$$libinit$$00000030)
    __rt_lib_init_fp_1                       0x080001b7   Thumb Code     0  libinit2.o(.ARM.Collect$$libinit$$00000002)
    __rt_lib_init_fp_trap_1                  0x080001b7   Thumb Code     0  libinit2.o(.ARM.Collect$$libinit$$0000001F)
    __rt_lib_init_getenv_1                   0x080001b7   Thumb Code     0  libinit2.o(.ARM.Collect$$libinit$$00000023)
    __rt_lib_init_heap_1                     0x080001b7   Thumb Code     0  libinit2.o(.ARM.Collect$$libinit$$0000000A)
    __rt_lib_init_lc_collate_1               0x080001b7   Thumb Code     0  libinit2.o(.ARM.Collect$$libinit$$00000011)
    __rt_lib_init_lc_ctype_1                 0x080001b7   Thumb Code     0  libinit2.o(.ARM.Collect$$libinit$$00000013)
    __rt_lib_init_lc_monetary_1              0x080001b7   Thumb Code     0  libinit2.o(.ARM.Collect$$libinit$$00000015)
    __rt_lib_init_lc_numeric_1               0x080001b7   Thumb Code     0  libinit2.o(.ARM.Collect$$libinit$$00000017)
    __rt_lib_init_lc_time_1                  0x080001b7   Thumb Code     0  libinit2.o(.ARM.Collect$$libinit$$00000019)
    __rt_lib_init_preinit_1                  0x080001b7   Thumb Code     0  libinit2.o(.ARM.Collect$$libinit$$00000004)
    __rt_lib_init_rand_1                     0x080001b7   Thumb Code     0  libinit2.o(.ARM.Collect$$libinit$$0000000E)
    __rt_lib_init_return                     0x080001b7   Thumb Code     0  libinit2.o(.ARM.Collect$$libinit$$00000033)
    __rt_lib_init_signal_1                   0x080001b7   Thumb Code     0  libinit2.o(.ARM.Collect$$libinit$$0000001D)
    __rt_lib_init_stdio_1                    0x080001b7   Thumb Code     0  libinit2.o(.ARM.Collect$$libinit$$00000025)
    __rt_lib_init_user_alloc_1               0x080001b7   Thumb Code     0  libinit2.o(.ARM.Collect$$libinit$$0000000C)
    __rt_lib_shutdown                        0x080001b9   Thumb Code     0  libshutdown.o(.ARM.Collect$$libshutdown$$00000000)
    __rt_lib_shutdown_cpp_1                  0x080001bb   Thumb Code     0  libshutdown2.o(.ARM.Collect$$libshutdown$$00000002)
    __rt_lib_shutdown_fp_trap_1              0x080001bb   Thumb Code     0  libshutdown2.o(.ARM.Collect$$libshutdown$$00000007)
    __rt_lib_shutdown_heap_1                 0x080001bb   Thumb Code     0  libshutdown2.o(.ARM.Collect$$libshutdown$$0000000F)
    __rt_lib_shutdown_return                 0x080001bb   Thumb Code     0  libshutdown2.o(.ARM.Collect$$libshutdown$$00000010)
    __rt_lib_shutdown_signal_1               0x080001bb   Thumb Code     0  libshutdown2.o(.ARM.Collect$$libshutdown$$0000000A)
    __rt_lib_shutdown_stdio_1                0x080001bb   Thumb Code     0  libshutdown2.o(.ARM.Collect$$libshutdown$$00000004)
    __rt_lib_shutdown_user_alloc_1           0x080001bb   Thumb Code     0  libshutdown2.o(.ARM.Collect$$libshutdown$$0000000C)
    __rt_entry                               0x080001bd   Thumb Code     0  __rtentry.o(.ARM.Collect$$rtentry$$00000000)
    __rt_entry_presh_1                       0x080001bd   Thumb Code     0  __rtentry2.o(.ARM.Collect$$rtentry$$00000002)
    __rt_entry_sh                            0x080001bd   Thumb Code     0  __rtentry4.o(.ARM.Collect$$rtentry$$00000004)
    __rt_entry_li                            0x080001c3   Thumb Code     0  __rtentry2.o(.ARM.Collect$$rtentry$$0000000A)
    __rt_entry_postsh_1                      0x080001c3   Thumb Code     0  __rtentry2.o(.ARM.Collect$$rtentry$$00000009)
    __rt_entry_main                          0x080001c7   Thumb Code     0  __rtentry2.o(.ARM.Collect$$rtentry$$0000000D)
    __rt_entry_postli_1                      0x080001c7   Thumb Code     0  __rtentry2.o(.ARM.Collect$$rtentry$$0000000C)
    __rt_exit                                0x080001cf   Thumb Code     0  rtexit.o(.ARM.Collect$$rtexit$$00000000)
    __rt_exit_ls                             0x080001d1   Thumb Code     0  rtexit2.o(.ARM.Collect$$rtexit$$00000003)
    __rt_exit_prels_1                        0x080001d1   Thumb Code     0  rtexit2.o(.ARM.Collect$$rtexit$$00000002)
    __rt_exit_exit                           0x080001d5   Thumb Code     0  rtexit2.o(.ARM.Collect$$rtexit$$00000004)
    main                                     0x080001db   Thumb Code    26  main.o(.text)
    NMI_Handler                              0x080001f5   Thumb Code     2  stm32f10x_it.o(.text)
    HardFault_Handler                        0x080001f7   Thumb Code     4  stm32f10x_it.o(.text)
    MemManage_Handler                        0x080001fb   Thumb Code     4  stm32f10x_it.o(.text)
    BusFault_Handler                         0x080001ff   Thumb Code     4  stm32f10x_it.o(.text)
    UsageFault_Handler                       0x08000203   Thumb Code     4  stm32f10x_it.o(.text)
    SVC_Handler                              0x08000207   Thumb Code     2  stm32f10x_it.o(.text)
    DebugMon_Handler                         0x08000209   Thumb Code     2  stm32f10x_it.o(.text)
    PendSV_Handler                           0x0800020b   Thumb Code     2  stm32f10x_it.o(.text)
    SysTick_Handler                          0x0800020d   Thumb Code     2  stm32f10x_it.o(.text)
    SystemInit                               0x080002ef   Thumb Code    78  system_stm32f10x.o(.text)
    SystemCoreClockUpdate                    0x0800033d   Thumb Code   142  system_stm32f10x.o(.text)
    LED_Init                                 0x080003f1   Thumb Code    46  led.o(.text)
    LED_flash_short                          0x0800041f   Thumb Code    68  led.o(.text)
    LED_flash_fast                           0x08000463   Thumb Code    68  led.o(.text)
    TIM4_PWM_Init                            0x080004b9   Thumb Code   196  timer.o(.text)
    TIM5_PWM_Init                            0x0800057d   Thumb Code   196  timer.o(.text)
    TIM3_PWM_Init                            0x08000641   Thumb Code   210  timer.o(.text)
    TIM2_PWM_Init                            0x08000713   Thumb Code   180  timer.o(.text)
    TIM8_PWM_Init                            0x080007c7   Thumb Code   210  timer.o(.text)
    TIM1_PWM_Init                            0x08000899   Thumb Code   256  timer.o(.text)
    TIM6_Int_Init                            0x08000999   Thumb Code    94  timer.o(.text)
    TIM7_Int_Init                            0x080009f7   Thumb Code   106  timer.o(.text)
    TIM6_IRQHandler                          0x08000a61   Thumb Code    26  timer.o(.text)
    TIM7_IRQHandler                          0x08000a7b   Thumb Code   274  timer.o(.text)
    Steering_engine_ang                      0x08000be1   Thumb Code    22  action.o(.text)
    Steering_engine_R_B_F_ang                0x08000bf7   Thumb Code    22  action.o(.text)
    Steering_engine_R_B_M_ang                0x08000c0d   Thumb Code    22  action.o(.text)
    Steering_engine_R_B_E_ang                0x08000c23   Thumb Code    22  action.o(.text)
    Steering_engine_R_M_F_ang                0x08000c39   Thumb Code    22  action.o(.text)
    Steering_engine_R_M_M_ang                0x08000c4f   Thumb Code    22  action.o(.text)
    Steering_engine_R_M_E_ang                0x08000c65   Thumb Code    22  action.o(.text)
    Steering_engine_R_F_F_ang                0x08000c7b   Thumb Code    22  action.o(.text)
    Steering_engine_R_F_M_ang                0x08000c91   Thumb Code    22  action.o(.text)
    Steering_engine_R_F_E_ang                0x08000ca7   Thumb Code    24  action.o(.text)
    Steering_engine_L_F_E_ang                0x08000cbf   Thumb Code    24  action.o(.text)
    Steering_engine_L_F_M_ang                0x08000cd7   Thumb Code    22  action.o(.text)
    Steering_engine_L_F_F_ang                0x08000ced   Thumb Code    22  action.o(.text)
    Steering_engine_L_M_E_ang                0x08000d03   Thumb Code    22  action.o(.text)
    Steering_engine_L_M_M_ang                0x08000d19   Thumb Code    22  action.o(.text)
    Steering_engine_L_M_F_ang                0x08000d2f   Thumb Code    22  action.o(.text)
    Steering_engine_L_B_E_ang                0x08000d45   Thumb Code    22  action.o(.text)
    Steering_engine_L_B_M_ang                0x08000d5b   Thumb Code    22  action.o(.text)
    Steering_engine_L_B_F_ang                0x08000d71   Thumb Code    22  action.o(.text)
    Steering_engine_DRV1_ang                 0x08000d87   Thumb Code    22  action.o(.text)
    Steering_engine_DRV2_ang                 0x08000d9d   Thumb Code    22  action.o(.text)
    Steering_engine_DRV3_ang                 0x08000db3   Thumb Code    22  action.o(.text)
    Steering_engine_DRV4_ang                 0x08000dc9   Thumb Code    22  action.o(.text)
    Steering_engine_all_off                  0x08000ddf   Thumb Code    70  action.o(.text)
    Steering_engine_all_on                   0x08000e25   Thumb Code    68  action.o(.text)
    Steering_engine_PWM_initial              0x08000e69   Thumb Code    64  action.o(.text)
    Steering_engine_action_initial           0x08000ea9   Thumb Code   136  action.o(.text)
    Steering_engine_action_handle            0x08000f31   Thumb Code   548  action.o(.text)
    Adc_Init                                 0x080011ad   Thumb Code   182  adc.o(.text)
    Adc_DMA_Init                             0x08001263   Thumb Code    76  adc.o(.text)
    Get_Adc                                  0x080012af   Thumb Code    46  adc.o(.text)
    Get_Adc_Average                          0x080012dd   Thumb Code    40  adc.o(.text)
    AD_get_avg                               0x08001305   Thumb Code    32  adc.o(.text)
    AD_add_queue                             0x08001325   Thumb Code    34  adc.o(.text)
    Get_AD_Percentage                        0x08001347   Thumb Code    22  adc.o(.text)
    Get_Bat_Ad                               0x0800135d   Thumb Code    16  adc.o(.text)
    Get_Bat_Percentage_Ad                    0x0800136d   Thumb Code    28  adc.o(.text)
    Get_Left_Joystick_X_Percentage_Ad        0x08001389   Thumb Code    24  adc.o(.text)
    Get_Left_Joystick_Y_Percentage_Ad        0x080013a1   Thumb Code    24  adc.o(.text)
    Get_Right_Joystick_X_Percentage_Ad       0x080013b9   Thumb Code    24  adc.o(.text)
    Get_Right_Joystick_Y_Percentage_Ad       0x080013d1   Thumb Code    24  adc.o(.text)
    BEEP_Init                                0x080013f9   Thumb Code    42  beep.o(.text)
    BEEP_flash                               0x08001423   Thumb Code    46  beep.o(.text)
    SYS_SW_Init                              0x08001451   Thumb Code    44  beep.o(.text)
    NRF24L01_Init                            0x0800148d   Thumb Code   128  24l01.o(.text)
    NRF24L01_Read_Buf                        0x0800150d   Thumb Code    56  24l01.o(.text)
    NRF24L01_Write_Buf                       0x08001545   Thumb Code    56  24l01.o(.text)
    NRF24L01_Check                           0x0800157d   Thumb Code    72  24l01.o(.text)
    NRF24L01_Write_Reg                       0x080015c5   Thumb Code    38  24l01.o(.text)
    NRF24L01_Read_Reg                        0x080015eb   Thumb Code    36  24l01.o(.text)
    NRF24L01_TxPacket                        0x0800160f   Thumb Code    94  24l01.o(.text)
    NRF24L01_RxPacket                        0x0800166d   Thumb Code    52  24l01.o(.text)
    NRF24L01_RX_Mode                         0x080016a1   Thumb Code    98  24l01.o(.text)
    NRF24L01_TX_Mode                         0x08001703   Thumb Code   110  24l01.o(.text)
    EXTIX_Init_Nrfirq                        0x08001799   Thumb Code    78  exti.o(.text)
    EXTIX_Init_curkill                       0x080017e7   Thumb Code   124  exti.o(.text)
    Nrf24l01_Receive_Data_Handle             0x08001863   Thumb Code   264  exti.o(.text)
    EXTI4_IRQHandler                         0x0800196b   Thumb Code   150  exti.o(.text)
    EXTI9_5_IRQHandler                       0x08001a01   Thumb Code    40  exti.o(.text)
    SPI2_SetSpeed                            0x08001b21   Thumb Code    36  spi.o(.text)
    SPI2_ReadWriteByte                       0x08001b45   Thumb Code    78  spi.o(.text)
    SPI2_Init                                0x08001b93   Thumb Code   144  spi.o(.text)
    delay_init                               0x08001c2d   Thumb Code    50  delay.o(.text)
    delay_us                                 0x08001c5f   Thumb Code    72  delay.o(.text)
    delay_ms                                 0x08001ca7   Thumb Code    72  delay.o(.text)
    NVIC_Configuration                       0x08001d01   Thumb Code    12  sys.o(.text)
    System_pre_sampling                      0x08001d0d   Thumb Code    94  sys.o(.text)
    SysInit                                  0x08001d6b   Thumb Code   196  sys.o(.text)
    System_fault_display                     0x08001e2f   Thumb Code   410  sys.o(.text)
    System_state_display                     0x08001fc9   Thumb Code   186  sys.o(.text)
    System_moving_average_filter             0x08002083   Thumb Code   110  sys.o(.text)
    System_fault_check                       0x080020f1   Thumb Code   282  sys.o(.text)
    System_state_check                       0x0800220b   Thumb Code   160  sys.o(.text)
    System_lock_check                        0x080022ab   Thumb Code    56  sys.o(.text)
    System_nrf_tx_flame                      0x080022e3   Thumb Code   120  sys.o(.text)
    System_nrf_tx_handle                     0x0800235b   Thumb Code    80  sys.o(.text)
    _sys_exit                                0x08002405   Thumb Code     6  usart.o(.text)
    fputc                                    0x0800240b   Thumb Code    32  usart.o(.text)
    uart_init                                0x0800242b   Thumb Code   174  usart.o(.text)
    USART3_IRQHandler                        0x080024d9   Thumb Code   122  usart.o(.text)
    Reset_Handler                            0x08002569   Thumb Code     8  startup_stm32f10x_hd.o(.text)
    ADC1_2_IRQHandler                        0x08002583   Thumb Code     0  startup_stm32f10x_hd.o(.text)
    ADC3_IRQHandler                          0x08002583   Thumb Code     0  startup_stm32f10x_hd.o(.text)
    CAN1_RX1_IRQHandler                      0x08002583   Thumb Code     0  startup_stm32f10x_hd.o(.text)
    CAN1_SCE_IRQHandler                      0x08002583   Thumb Code     0  startup_stm32f10x_hd.o(.text)
    DMA1_Channel1_IRQHandler                 0x08002583   Thumb Code     0  startup_stm32f10x_hd.o(.text)
    DMA1_Channel2_IRQHandler                 0x08002583   Thumb Code     0  startup_stm32f10x_hd.o(.text)
    DMA1_Channel3_IRQHandler                 0x08002583   Thumb Code     0  startup_stm32f10x_hd.o(.text)
    DMA1_Channel4_IRQHandler                 0x08002583   Thumb Code     0  startup_stm32f10x_hd.o(.text)
    DMA1_Channel5_IRQHandler                 0x08002583   Thumb Code     0  startup_stm32f10x_hd.o(.text)
    DMA1_Channel6_IRQHandler                 0x08002583   Thumb Code     0  startup_stm32f10x_hd.o(.text)
    DMA1_Channel7_IRQHandler                 0x08002583   Thumb Code     0  startup_stm32f10x_hd.o(.text)
    DMA2_Channel1_IRQHandler                 0x08002583   Thumb Code     0  startup_stm32f10x_hd.o(.text)
    DMA2_Channel2_IRQHandler                 0x08002583   Thumb Code     0  startup_stm32f10x_hd.o(.text)
    DMA2_Channel3_IRQHandler                 0x08002583   Thumb Code     0  startup_stm32f10x_hd.o(.text)
    DMA2_Channel4_5_IRQHandler               0x08002583   Thumb Code     0  startup_stm32f10x_hd.o(.text)
    EXTI0_IRQHandler                         0x08002583   Thumb Code     0  startup_stm32f10x_hd.o(.text)
    EXTI15_10_IRQHandler                     0x08002583   Thumb Code     0  startup_stm32f10x_hd.o(.text)
    EXTI1_IRQHandler                         0x08002583   Thumb Code     0  startup_stm32f10x_hd.o(.text)
    EXTI2_IRQHandler                         0x08002583   Thumb Code     0  startup_stm32f10x_hd.o(.text)
    EXTI3_IRQHandler                         0x08002583   Thumb Code     0  startup_stm32f10x_hd.o(.text)
    FLASH_IRQHandler                         0x08002583   Thumb Code     0  startup_stm32f10x_hd.o(.text)
    FSMC_IRQHandler                          0x08002583   Thumb Code     0  startup_stm32f10x_hd.o(.text)
    I2C1_ER_IRQHandler                       0x08002583   Thumb Code     0  startup_stm32f10x_hd.o(.text)
    I2C1_EV_IRQHandler                       0x08002583   Thumb Code     0  startup_stm32f10x_hd.o(.text)
    I2C2_ER_IRQHandler                       0x08002583   Thumb Code     0  startup_stm32f10x_hd.o(.text)
    I2C2_EV_IRQHandler                       0x08002583   Thumb Code     0  startup_stm32f10x_hd.o(.text)
    PVD_IRQHandler                           0x08002583   Thumb Code     0  startup_stm32f10x_hd.o(.text)
    RCC_IRQHandler                           0x08002583   Thumb Code     0  startup_stm32f10x_hd.o(.text)
    RTCAlarm_IRQHandler                      0x08002583   Thumb Code     0  startup_stm32f10x_hd.o(.text)
    RTC_IRQHandler                           0x08002583   Thumb Code     0  startup_stm32f10x_hd.o(.text)
    SDIO_IRQHandler                          0x08002583   Thumb Code     0  startup_stm32f10x_hd.o(.text)
    SPI1_IRQHandler                          0x08002583   Thumb Code     0  startup_stm32f10x_hd.o(.text)
    SPI2_IRQHandler                          0x08002583   Thumb Code     0  startup_stm32f10x_hd.o(.text)
    SPI3_IRQHandler                          0x08002583   Thumb Code     0  startup_stm32f10x_hd.o(.text)
    TAMPER_IRQHandler                        0x08002583   Thumb Code     0  startup_stm32f10x_hd.o(.text)
    TIM1_BRK_IRQHandler                      0x08002583   Thumb Code     0  startup_stm32f10x_hd.o(.text)
    TIM1_CC_IRQHandler                       0x08002583   Thumb Code     0  startup_stm32f10x_hd.o(.text)
    TIM1_TRG_COM_IRQHandler                  0x08002583   Thumb Code     0  startup_stm32f10x_hd.o(.text)
    TIM1_UP_IRQHandler                       0x08002583   Thumb Code     0  startup_stm32f10x_hd.o(.text)
    TIM2_IRQHandler                          0x08002583   Thumb Code     0  startup_stm32f10x_hd.o(.text)
    TIM3_IRQHandler                          0x08002583   Thumb Code     0  startup_stm32f10x_hd.o(.text)
    TIM4_IRQHandler                          0x08002583   Thumb Code     0  startup_stm32f10x_hd.o(.text)
    TIM5_IRQHandler                          0x08002583   Thumb Code     0  startup_stm32f10x_hd.o(.text)
    TIM8_BRK_IRQHandler                      0x08002583   Thumb Code     0  startup_stm32f10x_hd.o(.text)
    TIM8_CC_IRQHandler                       0x08002583   Thumb Code     0  startup_stm32f10x_hd.o(.text)
    TIM8_TRG_COM_IRQHandler                  0x08002583   Thumb Code     0  startup_stm32f10x_hd.o(.text)
    TIM8_UP_IRQHandler                       0x08002583   Thumb Code     0  startup_stm32f10x_hd.o(.text)
    UART4_IRQHandler                         0x08002583   Thumb Code     0  startup_stm32f10x_hd.o(.text)
    UART5_IRQHandler                         0x08002583   Thumb Code     0  startup_stm32f10x_hd.o(.text)
    USART1_IRQHandler                        0x08002583   Thumb Code     0  startup_stm32f10x_hd.o(.text)
    USART2_IRQHandler                        0x08002583   Thumb Code     0  startup_stm32f10x_hd.o(.text)
    USBWakeUp_IRQHandler                     0x08002583   Thumb Code     0  startup_stm32f10x_hd.o(.text)
    USB_HP_CAN1_TX_IRQHandler                0x08002583   Thumb Code     0  startup_stm32f10x_hd.o(.text)
    USB_LP_CAN1_RX0_IRQHandler               0x08002583   Thumb Code     0  startup_stm32f10x_hd.o(.text)
    WWDG_IRQHandler                          0x08002583   Thumb Code     0  startup_stm32f10x_hd.o(.text)
    __user_initial_stackheap                 0x08002585   Thumb Code     0  startup_stm32f10x_hd.o(.text)
    NVIC_PriorityGroupConfig                 0x080025a9   Thumb Code    10  misc.o(.text)
    NVIC_Init                                0x080025b3   Thumb Code   100  misc.o(.text)
    NVIC_SetVectorTable                      0x08002617   Thumb Code    14  misc.o(.text)
    NVIC_SystemLPConfig                      0x08002625   Thumb Code    34  misc.o(.text)
    SysTick_CLKSourceConfig                  0x08002647   Thumb Code    40  misc.o(.text)
    GPIO_DeInit                              0x08002685   Thumb Code   172  stm32f10x_gpio.o(.text)
    GPIO_AFIODeInit                          0x08002731   Thumb Code    20  stm32f10x_gpio.o(.text)
    GPIO_Init                                0x08002745   Thumb Code   278  stm32f10x_gpio.o(.text)
    GPIO_StructInit                          0x0800285b   Thumb Code    16  stm32f10x_gpio.o(.text)
    GPIO_ReadInputDataBit                    0x0800286b   Thumb Code    18  stm32f10x_gpio.o(.text)
    GPIO_ReadInputData                       0x0800287d   Thumb Code     8  stm32f10x_gpio.o(.text)
    GPIO_ReadOutputDataBit                   0x08002885   Thumb Code    18  stm32f10x_gpio.o(.text)
    GPIO_ReadOutputData                      0x08002897   Thumb Code     8  stm32f10x_gpio.o(.text)
    GPIO_SetBits                             0x0800289f   Thumb Code     4  stm32f10x_gpio.o(.text)
    GPIO_ResetBits                           0x080028a3   Thumb Code     4  stm32f10x_gpio.o(.text)
    GPIO_WriteBit                            0x080028a7   Thumb Code    10  stm32f10x_gpio.o(.text)
    GPIO_Write                               0x080028b1   Thumb Code     4  stm32f10x_gpio.o(.text)
    GPIO_PinLockConfig                       0x080028b5   Thumb Code    18  stm32f10x_gpio.o(.text)
    GPIO_EventOutputConfig                   0x080028c7   Thumb Code    26  stm32f10x_gpio.o(.text)
    GPIO_EventOutputCmd                      0x080028e1   Thumb Code     6  stm32f10x_gpio.o(.text)
    GPIO_PinRemapConfig                      0x080028e7   Thumb Code   138  stm32f10x_gpio.o(.text)
    GPIO_EXTILineConfig                      0x08002971   Thumb Code    66  stm32f10x_gpio.o(.text)
    GPIO_ETH_MediaInterfaceConfig            0x080029b3   Thumb Code     8  stm32f10x_gpio.o(.text)
    RCC_DeInit                               0x080029e1   Thumb Code    64  stm32f10x_rcc.o(.text)
    RCC_HSEConfig                            0x08002a21   Thumb Code    70  stm32f10x_rcc.o(.text)
    RCC_GetFlagStatus                        0x08002a67   Thumb Code    56  stm32f10x_rcc.o(.text)
    RCC_WaitForHSEStartUp                    0x08002a9f   Thumb Code    56  stm32f10x_rcc.o(.text)
    RCC_AdjustHSICalibrationValue            0x08002ad7   Thumb Code    20  stm32f10x_rcc.o(.text)
    RCC_HSICmd                               0x08002aeb   Thumb Code     6  stm32f10x_rcc.o(.text)
    RCC_PLLConfig                            0x08002af1   Thumb Code    24  stm32f10x_rcc.o(.text)
    RCC_PLLCmd                               0x08002b09   Thumb Code     6  stm32f10x_rcc.o(.text)
    RCC_SYSCLKConfig                         0x08002b0f   Thumb Code    18  stm32f10x_rcc.o(.text)
    RCC_GetSYSCLKSource                      0x08002b21   Thumb Code    10  stm32f10x_rcc.o(.text)
    RCC_HCLKConfig                           0x08002b2b   Thumb Code    18  stm32f10x_rcc.o(.text)
    RCC_PCLK1Config                          0x08002b3d   Thumb Code    18  stm32f10x_rcc.o(.text)
    RCC_PCLK2Config                          0x08002b4f   Thumb Code    20  stm32f10x_rcc.o(.text)
    RCC_ITConfig                             0x08002b63   Thumb Code    26  stm32f10x_rcc.o(.text)
    RCC_USBCLKConfig                         0x08002b7d   Thumb Code     8  stm32f10x_rcc.o(.text)
    RCC_ADCCLKConfig                         0x08002b85   Thumb Code    18  stm32f10x_rcc.o(.text)
    RCC_LSEConfig                            0x08002b97   Thumb Code    50  stm32f10x_rcc.o(.text)
    RCC_LSICmd                               0x08002bc9   Thumb Code     6  stm32f10x_rcc.o(.text)
    RCC_RTCCLKConfig                         0x08002bcf   Thumb Code    12  stm32f10x_rcc.o(.text)
    RCC_RTCCLKCmd                            0x08002bdb   Thumb Code     8  stm32f10x_rcc.o(.text)
    RCC_GetClocksFreq                        0x08002be3   Thumb Code   192  stm32f10x_rcc.o(.text)
    RCC_AHBPeriphClockCmd                    0x08002ca3   Thumb Code    26  stm32f10x_rcc.o(.text)
    RCC_APB2PeriphClockCmd                   0x08002cbd   Thumb Code    26  stm32f10x_rcc.o(.text)
    RCC_APB1PeriphClockCmd                   0x08002cd7   Thumb Code    26  stm32f10x_rcc.o(.text)
    RCC_APB2PeriphResetCmd                   0x08002cf1   Thumb Code    26  stm32f10x_rcc.o(.text)
    RCC_APB1PeriphResetCmd                   0x08002d0b   Thumb Code    26  stm32f10x_rcc.o(.text)
    RCC_BackupResetCmd                       0x08002d25   Thumb Code     8  stm32f10x_rcc.o(.text)
    RCC_ClockSecuritySystemCmd               0x08002d2d   Thumb Code     6  stm32f10x_rcc.o(.text)
    RCC_MCOConfig                            0x08002d33   Thumb Code     6  stm32f10x_rcc.o(.text)
    RCC_ClearFlag                            0x08002d39   Thumb Code    14  stm32f10x_rcc.o(.text)
    RCC_GetITStatus                          0x08002d47   Thumb Code    20  stm32f10x_rcc.o(.text)
    RCC_ClearITPendingBit                    0x08002d5b   Thumb Code     6  stm32f10x_rcc.o(.text)
    TIM_DeInit                               0x08002d85   Thumb Code   424  stm32f10x_tim.o(.text)
    TIM_TimeBaseInit                         0x08002f2d   Thumb Code   122  stm32f10x_tim.o(.text)
    TIM_OC1Init                              0x08002fa7   Thumb Code   132  stm32f10x_tim.o(.text)
    TIM_OC2Init                              0x0800302b   Thumb Code   154  stm32f10x_tim.o(.text)
    TIM_OC3Init                              0x080030c5   Thumb Code   150  stm32f10x_tim.o(.text)
    TIM_OC4Init                              0x0800315b   Thumb Code   182  stm32f10x_tim.o(.text)
    TIM_SetIC4Prescaler                      0x08003211   Thumb Code    26  stm32f10x_tim.o(.text)
    TIM_SetIC3Prescaler                      0x080032ad   Thumb Code    18  stm32f10x_tim.o(.text)
    TIM_SetIC2Prescaler                      0x08003339   Thumb Code    26  stm32f10x_tim.o(.text)
    TIM_SetIC1Prescaler                      0x080033d5   Thumb Code    18  stm32f10x_tim.o(.text)
    TIM_ICInit                               0x08003453   Thumb Code   150  stm32f10x_tim.o(.text)
    TIM_PWMIConfig                           0x080034e9   Thumb Code   124  stm32f10x_tim.o(.text)
    TIM_BDTRConfig                           0x08003565   Thumb Code    32  stm32f10x_tim.o(.text)
    TIM_TimeBaseStructInit                   0x08003585   Thumb Code    18  stm32f10x_tim.o(.text)
    TIM_OCStructInit                         0x08003597   Thumb Code    20  stm32f10x_tim.o(.text)
    TIM_ICStructInit                         0x080035ab   Thumb Code    18  stm32f10x_tim.o(.text)
    TIM_BDTRStructInit                       0x080035bd   Thumb Code    40  stm32f10x_tim.o(.text)
    TIM_Cmd                                  0x080035e5   Thumb Code    24  stm32f10x_tim.o(.text)
    TIM_CtrlPWMOutputs                       0x080035fd   Thumb Code    30  stm32f10x_tim.o(.text)
    TIM_ITConfig                             0x0800361b   Thumb Code    18  stm32f10x_tim.o(.text)
    TIM_GenerateEvent                        0x0800362d   Thumb Code     4  stm32f10x_tim.o(.text)
    TIM_DMAConfig                            0x08003631   Thumb Code    10  stm32f10x_tim.o(.text)
    TIM_DMACmd                               0x0800363b   Thumb Code    18  stm32f10x_tim.o(.text)
    TIM_InternalClockConfig                  0x0800364d   Thumb Code    12  stm32f10x_tim.o(.text)
    TIM_SelectInputTrigger                   0x08003659   Thumb Code    18  stm32f10x_tim.o(.text)
    TIM_ITRxExternalClockConfig              0x0800366b   Thumb Code    24  stm32f10x_tim.o(.text)
    TIM_TIxExternalClockConfig               0x08003683   Thumb Code    62  stm32f10x_tim.o(.text)
    TIM_ETRConfig                            0x080036c1   Thumb Code    28  stm32f10x_tim.o(.text)
    TIM_ETRClockMode1Config                  0x080036dd   Thumb Code    54  stm32f10x_tim.o(.text)
    TIM_ETRClockMode2Config                  0x08003713   Thumb Code    32  stm32f10x_tim.o(.text)
    TIM_PrescalerConfig                      0x08003733   Thumb Code     6  stm32f10x_tim.o(.text)
    TIM_CounterModeConfig                    0x08003739   Thumb Code    18  stm32f10x_tim.o(.text)
    TIM_EncoderInterfaceConfig               0x0800374b   Thumb Code    66  stm32f10x_tim.o(.text)
    TIM_ForcedOC1Config                      0x0800378d   Thumb Code    18  stm32f10x_tim.o(.text)
    TIM_ForcedOC2Config                      0x0800379f   Thumb Code    26  stm32f10x_tim.o(.text)
    TIM_ForcedOC3Config                      0x080037b9   Thumb Code    18  stm32f10x_tim.o(.text)
    TIM_ForcedOC4Config                      0x080037cb   Thumb Code    26  stm32f10x_tim.o(.text)
    TIM_ARRPreloadConfig                     0x080037e5   Thumb Code    24  stm32f10x_tim.o(.text)
    TIM_SelectCOM                            0x080037fd   Thumb Code    24  stm32f10x_tim.o(.text)
    TIM_SelectCCDMA                          0x08003815   Thumb Code    24  stm32f10x_tim.o(.text)
    TIM_CCPreloadControl                     0x0800382d   Thumb Code    24  stm32f10x_tim.o(.text)
    TIM_OC1PreloadConfig                     0x08003845   Thumb Code    18  stm32f10x_tim.o(.text)
    TIM_OC2PreloadConfig                     0x08003857   Thumb Code    26  stm32f10x_tim.o(.text)
    TIM_OC3PreloadConfig                     0x08003871   Thumb Code    18  stm32f10x_tim.o(.text)
    TIM_OC4PreloadConfig                     0x08003883   Thumb Code    26  stm32f10x_tim.o(.text)
    TIM_OC1FastConfig                        0x0800389d   Thumb Code    18  stm32f10x_tim.o(.text)
    TIM_OC2FastConfig                        0x080038af   Thumb Code    26  stm32f10x_tim.o(.text)
    TIM_OC3FastConfig                        0x080038c9   Thumb Code    18  stm32f10x_tim.o(.text)
    TIM_OC4FastConfig                        0x080038db   Thumb Code    26  stm32f10x_tim.o(.text)
    TIM_ClearOC1Ref                          0x080038f5   Thumb Code    18  stm32f10x_tim.o(.text)
    TIM_ClearOC2Ref                          0x08003907   Thumb Code    24  stm32f10x_tim.o(.text)
    TIM_ClearOC3Ref                          0x0800391f   Thumb Code    18  stm32f10x_tim.o(.text)
    TIM_ClearOC4Ref                          0x08003931   Thumb Code    24  stm32f10x_tim.o(.text)
    TIM_OC1PolarityConfig                    0x08003949   Thumb Code    18  stm32f10x_tim.o(.text)
    TIM_OC1NPolarityConfig                   0x0800395b   Thumb Code    18  stm32f10x_tim.o(.text)
    TIM_OC2PolarityConfig                    0x0800396d   Thumb Code    26  stm32f10x_tim.o(.text)
    TIM_OC2NPolarityConfig                   0x08003987   Thumb Code    26  stm32f10x_tim.o(.text)
    TIM_OC3PolarityConfig                    0x080039a1   Thumb Code    26  stm32f10x_tim.o(.text)
    TIM_OC3NPolarityConfig                   0x080039bb   Thumb Code    26  stm32f10x_tim.o(.text)
    TIM_OC4PolarityConfig                    0x080039d5   Thumb Code    26  stm32f10x_tim.o(.text)
    TIM_CCxCmd                               0x080039ef   Thumb Code    30  stm32f10x_tim.o(.text)
    TIM_CCxNCmd                              0x08003a0d   Thumb Code    30  stm32f10x_tim.o(.text)
    TIM_SelectOCxM                           0x08003a2b   Thumb Code    82  stm32f10x_tim.o(.text)
    TIM_UpdateDisableConfig                  0x08003a7d   Thumb Code    24  stm32f10x_tim.o(.text)
    TIM_UpdateRequestConfig                  0x08003a95   Thumb Code    24  stm32f10x_tim.o(.text)
    TIM_SelectHallSensor                     0x08003aad   Thumb Code    24  stm32f10x_tim.o(.text)
    TIM_SelectOnePulseMode                   0x08003ac5   Thumb Code    18  stm32f10x_tim.o(.text)
    TIM_SelectOutputTrigger                  0x08003ad7   Thumb Code    18  stm32f10x_tim.o(.text)
    TIM_SelectSlaveMode                      0x08003ae9   Thumb Code    18  stm32f10x_tim.o(.text)
    TIM_SelectMasterSlaveMode                0x08003afb   Thumb Code    18  stm32f10x_tim.o(.text)
    TIM_SetCounter                           0x08003b0d   Thumb Code     4  stm32f10x_tim.o(.text)
    TIM_SetAutoreload                        0x08003b11   Thumb Code     4  stm32f10x_tim.o(.text)
    TIM_SetCompare1                          0x08003b15   Thumb Code     4  stm32f10x_tim.o(.text)
    TIM_SetCompare2                          0x08003b19   Thumb Code     4  stm32f10x_tim.o(.text)
    TIM_SetCompare3                          0x08003b1d   Thumb Code     4  stm32f10x_tim.o(.text)
    TIM_SetCompare4                          0x08003b21   Thumb Code     6  stm32f10x_tim.o(.text)
    TIM_SetClockDivision                     0x08003b27   Thumb Code    18  stm32f10x_tim.o(.text)
    TIM_GetCapture1                          0x08003b39   Thumb Code     6  stm32f10x_tim.o(.text)
    TIM_GetCapture2                          0x08003b3f   Thumb Code     6  stm32f10x_tim.o(.text)
    TIM_GetCapture3                          0x08003b45   Thumb Code     6  stm32f10x_tim.o(.text)
    TIM_GetCapture4                          0x08003b4b   Thumb Code     8  stm32f10x_tim.o(.text)
    TIM_GetCounter                           0x08003b53   Thumb Code     6  stm32f10x_tim.o(.text)
    TIM_GetPrescaler                         0x08003b59   Thumb Code     6  stm32f10x_tim.o(.text)
    TIM_GetFlagStatus                        0x08003b5f   Thumb Code    18  stm32f10x_tim.o(.text)
    TIM_ClearFlag                            0x08003b71   Thumb Code     6  stm32f10x_tim.o(.text)
    TIM_GetITStatus                          0x08003b77   Thumb Code    34  stm32f10x_tim.o(.text)
    TIM_ClearITPendingBit                    0x08003b99   Thumb Code     6  stm32f10x_tim.o(.text)
    USART_DeInit                             0x08003ba1   Thumb Code   134  stm32f10x_usart.o(.text)
    USART_Init                               0x08003c27   Thumb Code   210  stm32f10x_usart.o(.text)
    USART_StructInit                         0x08003cf9   Thumb Code    24  stm32f10x_usart.o(.text)
    USART_ClockInit                          0x08003d11   Thumb Code    34  stm32f10x_usart.o(.text)
    USART_ClockStructInit                    0x08003d33   Thumb Code    12  stm32f10x_usart.o(.text)
    USART_Cmd                                0x08003d3f   Thumb Code    24  stm32f10x_usart.o(.text)
    USART_ITConfig                           0x08003d57   Thumb Code    74  stm32f10x_usart.o(.text)
    USART_DMACmd                             0x08003da1   Thumb Code    18  stm32f10x_usart.o(.text)
    USART_SetAddress                         0x08003db3   Thumb Code    18  stm32f10x_usart.o(.text)
    USART_WakeUpConfig                       0x08003dc5   Thumb Code    18  stm32f10x_usart.o(.text)
    USART_ReceiverWakeUpCmd                  0x08003dd7   Thumb Code    24  stm32f10x_usart.o(.text)
    USART_LINBreakDetectLengthConfig         0x08003def   Thumb Code    18  stm32f10x_usart.o(.text)
    USART_LINCmd                             0x08003e01   Thumb Code    24  stm32f10x_usart.o(.text)
    USART_SendData                           0x08003e19   Thumb Code     8  stm32f10x_usart.o(.text)
    USART_ReceiveData                        0x08003e21   Thumb Code    10  stm32f10x_usart.o(.text)
    USART_SendBreak                          0x08003e2b   Thumb Code    10  stm32f10x_usart.o(.text)
    USART_SetGuardTime                       0x08003e35   Thumb Code    16  stm32f10x_usart.o(.text)
    USART_SetPrescaler                       0x08003e45   Thumb Code    16  stm32f10x_usart.o(.text)
    USART_SmartCardCmd                       0x08003e55   Thumb Code    24  stm32f10x_usart.o(.text)
    USART_SmartCardNACKCmd                   0x08003e6d   Thumb Code    24  stm32f10x_usart.o(.text)
    USART_HalfDuplexCmd                      0x08003e85   Thumb Code    24  stm32f10x_usart.o(.text)
    USART_OverSampling8Cmd                   0x08003e9d   Thumb Code    22  stm32f10x_usart.o(.text)
    USART_OneBitMethodCmd                    0x08003eb3   Thumb Code    24  stm32f10x_usart.o(.text)
    USART_IrDAConfig                         0x08003ecb   Thumb Code    18  stm32f10x_usart.o(.text)
    USART_IrDACmd                            0x08003edd   Thumb Code    24  stm32f10x_usart.o(.text)
    USART_GetFlagStatus                      0x08003ef5   Thumb Code    26  stm32f10x_usart.o(.text)
    USART_ClearFlag                          0x08003f0f   Thumb Code    18  stm32f10x_usart.o(.text)
    USART_GetITStatus                        0x08003f21   Thumb Code    84  stm32f10x_usart.o(.text)
    USART_ClearITPendingBit                  0x08003f75   Thumb Code    52  stm32f10x_usart.o(.text)
    ADC_DeInit                               0x08003fa9   Thumb Code    78  stm32f10x_adc.o(.text)
    ADC_Init                                 0x08003ff7   Thumb Code    70  stm32f10x_adc.o(.text)
    ADC_StructInit                           0x0800403d   Thumb Code    18  stm32f10x_adc.o(.text)
    ADC_Cmd                                  0x0800404f   Thumb Code    22  stm32f10x_adc.o(.text)
    ADC_DMACmd                               0x08004065   Thumb Code    22  stm32f10x_adc.o(.text)
    ADC_ITConfig                             0x0800407b   Thumb Code    24  stm32f10x_adc.o(.text)
    ADC_ResetCalibration                     0x08004093   Thumb Code    10  stm32f10x_adc.o(.text)
    ADC_GetResetCalibrationStatus            0x0800409d   Thumb Code    20  stm32f10x_adc.o(.text)
    ADC_StartCalibration                     0x080040b1   Thumb Code    10  stm32f10x_adc.o(.text)
    ADC_GetCalibrationStatus                 0x080040bb   Thumb Code    20  stm32f10x_adc.o(.text)
    ADC_SoftwareStartConvCmd                 0x080040cf   Thumb Code    22  stm32f10x_adc.o(.text)
    ADC_GetSoftwareStartConvStatus           0x080040e5   Thumb Code    20  stm32f10x_adc.o(.text)
    ADC_DiscModeChannelCountConfig           0x080040f9   Thumb Code    24  stm32f10x_adc.o(.text)
    ADC_DiscModeCmd                          0x08004111   Thumb Code    22  stm32f10x_adc.o(.text)
    ADC_RegularChannelConfig                 0x08004127   Thumb Code   184  stm32f10x_adc.o(.text)
    ADC_ExternalTrigConvCmd                  0x080041df   Thumb Code    22  stm32f10x_adc.o(.text)
    ADC_GetConversionValue                   0x080041f5   Thumb Code     8  stm32f10x_adc.o(.text)
    ADC_GetDualModeConversionValue           0x080041fd   Thumb Code     8  stm32f10x_adc.o(.text)
    ADC_AutoInjectedConvCmd                  0x08004205   Thumb Code    22  stm32f10x_adc.o(.text)
    ADC_InjectedDiscModeCmd                  0x0800421b   Thumb Code    22  stm32f10x_adc.o(.text)
    ADC_ExternalTrigInjectedConvConfig       0x08004231   Thumb Code    16  stm32f10x_adc.o(.text)
    ADC_ExternalTrigInjectedConvCmd          0x08004241   Thumb Code    22  stm32f10x_adc.o(.text)
    ADC_SoftwareStartInjectedConvCmd         0x08004257   Thumb Code    22  stm32f10x_adc.o(.text)
    ADC_GetSoftwareStartInjectedConvCmdStatus 0x0800426d   Thumb Code    20  stm32f10x_adc.o(.text)
    ADC_InjectedChannelConfig                0x08004281   Thumb Code   130  stm32f10x_adc.o(.text)
    ADC_InjectedSequencerLengthConfig        0x08004303   Thumb Code    24  stm32f10x_adc.o(.text)
    ADC_SetInjectedOffset                    0x0800431b   Thumb Code    20  stm32f10x_adc.o(.text)
    ADC_GetInjectedConversionValue           0x0800432f   Thumb Code    28  stm32f10x_adc.o(.text)
    ADC_AnalogWatchdogCmd                    0x0800434b   Thumb Code    16  stm32f10x_adc.o(.text)
    ADC_AnalogWatchdogThresholdsConfig       0x0800435b   Thumb Code     6  stm32f10x_adc.o(.text)
    ADC_AnalogWatchdogSingleChannelConfig    0x08004361   Thumb Code    16  stm32f10x_adc.o(.text)
    ADC_TempSensorVrefintCmd                 0x08004371   Thumb Code    64  stm32f10x_adc.o(.text)
    ADC_GetFlagStatus                        0x080043b1   Thumb Code    18  stm32f10x_adc.o(.text)
    ADC_ClearFlag                            0x080043c3   Thumb Code     6  stm32f10x_adc.o(.text)
    ADC_GetITStatus                          0x080043c9   Thumb Code    36  stm32f10x_adc.o(.text)
    ADC_ClearITPendingBit                    0x080043ed   Thumb Code    10  stm32f10x_adc.o(.text)
    EXTI_DeInit                              0x080043f9   Thumb Code    28  stm32f10x_exti.o(.text)
    EXTI_Init                                0x08004415   Thumb Code   142  stm32f10x_exti.o(.text)
    EXTI_StructInit                          0x080044a3   Thumb Code    16  stm32f10x_exti.o(.text)
    EXTI_GenerateSWInterrupt                 0x080044b3   Thumb Code    16  stm32f10x_exti.o(.text)
    EXTI_GetFlagStatus                       0x080044c3   Thumb Code    22  stm32f10x_exti.o(.text)
    EXTI_ClearFlag                           0x080044d9   Thumb Code     8  stm32f10x_exti.o(.text)
    EXTI_GetITStatus                         0x080044e1   Thumb Code    34  stm32f10x_exti.o(.text)
    EXTI_ClearITPendingBit                   0x08004503   Thumb Code     8  stm32f10x_exti.o(.text)
    SPI_I2S_DeInit                           0x08004515   Thumb Code    76  stm32f10x_spi.o(.text)
    SPI_Init                                 0x08004561   Thumb Code    60  stm32f10x_spi.o(.text)
    I2S_Init                                 0x0800459d   Thumb Code   226  stm32f10x_spi.o(.text)
    SPI_StructInit                           0x0800467f   Thumb Code    24  stm32f10x_spi.o(.text)
    I2S_StructInit                           0x08004697   Thumb Code    20  stm32f10x_spi.o(.text)
    SPI_Cmd                                  0x080046ab   Thumb Code    24  stm32f10x_spi.o(.text)
    I2S_Cmd                                  0x080046c3   Thumb Code    24  stm32f10x_spi.o(.text)
    SPI_I2S_ITConfig                         0x080046db   Thumb Code    32  stm32f10x_spi.o(.text)
    SPI_I2S_DMACmd                           0x080046fb   Thumb Code    18  stm32f10x_spi.o(.text)
    SPI_I2S_SendData                         0x0800470d   Thumb Code     4  stm32f10x_spi.o(.text)
    SPI_I2S_ReceiveData                      0x08004711   Thumb Code     6  stm32f10x_spi.o(.text)
    SPI_NSSInternalSoftwareConfig            0x08004717   Thumb Code    30  stm32f10x_spi.o(.text)
    SPI_SSOutputCmd                          0x08004735   Thumb Code    24  stm32f10x_spi.o(.text)
    SPI_DataSizeConfig                       0x0800474d   Thumb Code    18  stm32f10x_spi.o(.text)
    SPI_TransmitCRC                          0x0800475f   Thumb Code    10  stm32f10x_spi.o(.text)
    SPI_CalculateCRC                         0x08004769   Thumb Code    24  stm32f10x_spi.o(.text)
    SPI_GetCRC                               0x08004781   Thumb Code    16  stm32f10x_spi.o(.text)
    SPI_GetCRCPolynomial                     0x08004791   Thumb Code     6  stm32f10x_spi.o(.text)
    SPI_BiDirectionalLineConfig              0x08004797   Thumb Code    28  stm32f10x_spi.o(.text)
    SPI_I2S_GetFlagStatus                    0x080047b3   Thumb Code    18  stm32f10x_spi.o(.text)
    SPI_I2S_ClearFlag                        0x080047c5   Thumb Code     6  stm32f10x_spi.o(.text)
    SPI_I2S_GetITStatus                      0x080047cb   Thumb Code    52  stm32f10x_spi.o(.text)
    SPI_I2S_ClearITPendingBit                0x080047ff   Thumb Code    20  stm32f10x_spi.o(.text)
    DMA_DeInit                               0x08004821   Thumb Code   324  stm32f10x_dma.o(.text)
    DMA_Init                                 0x08004965   Thumb Code    60  stm32f10x_dma.o(.text)
    DMA_StructInit                           0x080049a1   Thumb Code    26  stm32f10x_dma.o(.text)
    DMA_Cmd                                  0x080049bb   Thumb Code    24  stm32f10x_dma.o(.text)
    DMA_ITConfig                             0x080049d3   Thumb Code    18  stm32f10x_dma.o(.text)
    DMA_SetCurrDataCounter                   0x080049e5   Thumb Code     4  stm32f10x_dma.o(.text)
    DMA_GetCurrDataCounter                   0x080049e9   Thumb Code     8  stm32f10x_dma.o(.text)
    DMA_GetFlagStatus                        0x080049f1   Thumb Code    40  stm32f10x_dma.o(.text)
    DMA_ClearFlag                            0x08004a19   Thumb Code    22  stm32f10x_dma.o(.text)
    DMA_GetITStatus                          0x08004a2f   Thumb Code    40  stm32f10x_dma.o(.text)
    DMA_ClearITPendingBit                    0x08004a57   Thumb Code    22  stm32f10x_dma.o(.text)
    __use_no_semihosting                     0x08004a75   Thumb Code     2  use_no_semi_2.o(.text)
    __2printf                                0x08004a79   Thumb Code    20  noretval__2printf.o(.text)
    __printf                                 0x08004a91   Thumb Code   104  __printf.o(.text)
    _printf_int_dec                          0x08004af9   Thumb Code   104  _printf_dec.o(.text)
    _printf_int_hex                          0x08004b71   Thumb Code    84  _printf_hex_int.o(.text)
    _printf_longlong_hex                     0x08004b71   Thumb Code     0  _printf_hex_int.o(.text)
    __use_two_region_memory                  0x08004bc9   Thumb Code     2  heapauxi.o(.text)
    __rt_heap_escrow$2region                 0x08004bcb   Thumb Code     2  heapauxi.o(.text)
    __rt_heap_expand$2region                 0x08004bcd   Thumb Code     2  heapauxi.o(.text)
    __I$use$semihosting                      0x08004bcf   Thumb Code     0  use_no_semi.o(.text)
    __use_no_semihosting_swi                 0x08004bcf   Thumb Code     2  use_no_semi.o(.text)
    _printf_int_common                       0x08004bd1   Thumb Code   178  _printf_intcommon.o(.text)
    _printf_char_file                        0x08004c85   Thumb Code    32  _printf_char_file.o(.text)
    _printf_char_common                      0x08004cb3   Thumb Code    32  _printf_char_common.o(.text)
    ferror                                   0x08004cd9   Thumb Code     8  ferror.o(.text)
    __user_setup_stackheap                   0x08004ce1   Thumb Code    74  sys_stackheap_outer.o(.text)
    exit                                     0x08004d2b   Thumb Code    18  exit.o(.text)
    __user_libspace                          0x08004d3d   Thumb Code     8  libspace.o(.text)
    __user_perproc_libspace                  0x08004d3d   Thumb Code     0  libspace.o(.text)
    __user_perthread_libspace                0x08004d3d   Thumb Code     0  libspace.o(.text)
    TX_ADDRESS                               0x08004d44   Data           5  24l01.o(.constdata)
    RX_ADDRESS                               0x08004d49   Data           5  24l01.o(.constdata)
    Region$$Table$$Base                      0x08004d78   Number         0  anon$$obj.o(Region$$Table)
    Region$$Table$$Limit                     0x08004d98   Number         0  anon$$obj.o(Region$$Table)
    System_state_flag                        0x20000000   Data           1  main.o(.data)
    System_initial_state_flag                0x20000001   Data           1  main.o(.data)
    Communicate_state_flag                   0x20000002   Data           1  main.o(.data)
    Old_system_state_flag                    0x20000003   Data           1  main.o(.data)
    SystemCoreClock                          0x20000004   Data           4  system_stm32f10x.o(.data)
    AHBPrescTable                            0x20000008   Data          16  system_stm32f10x.o(.data)
    Timer7_base_cnt                          0x20000018   Data           2  timer.o(.data)
    Timer7_nrf_base_cnt                      0x2000001a   Data           2  timer.o(.data)
    Timer7_nrf_enable                        0x2000001c   Data           1  timer.o(.data)
    System_tim7_display_flag                 0x2000001d   Data           1  timer.o(.data)
    Nrf24l01_rx_handle_flag                  0x2000001e   Data           1  action.o(.data)
    Ctrl_state_flag                          0x2000001f   Data           1  exti.o(.data)
    Steering_engine_L_B_E_angle              0x20000020   Data           1  exti.o(.data)
    Steering_engine_L_B_F_angle              0x20000021   Data           1  exti.o(.data)
    Steering_engine_L_B_M_angle              0x20000022   Data           1  exti.o(.data)
    Steering_engine_L_M_E_angle              0x20000023   Data           1  exti.o(.data)
    Steering_engine_L_M_M_angle              0x20000024   Data           1  exti.o(.data)
    Steering_engine_L_M_F_angle              0x20000025   Data           1  exti.o(.data)
    Steering_engine_L_F_E_angle              0x20000026   Data           1  exti.o(.data)
    Steering_engine_L_F_M_angle              0x20000027   Data           1  exti.o(.data)
    Steering_engine_L_F_F_angle              0x20000028   Data           1  exti.o(.data)
    Steering_engine_R_B_E_angle              0x20000029   Data           1  exti.o(.data)
    Steering_engine_R_B_M_angle              0x2000002a   Data           1  exti.o(.data)
    Steering_engine_R_B_F_angle              0x2000002b   Data           1  exti.o(.data)
    Steering_engine_R_M_E_angle              0x2000002c   Data           1  exti.o(.data)
    Steering_engine_R_M_M_angle              0x2000002d   Data           1  exti.o(.data)
    Steering_engine_R_M_F_angle              0x2000002e   Data           1  exti.o(.data)
    Steering_engine_R_F_E_angle              0x2000002f   Data           1  exti.o(.data)
    Steering_engine_R_F_M_angle              0x20000030   Data           1  exti.o(.data)
    Steering_engine_R_F_F_angle              0x20000031   Data           1  exti.o(.data)
    Steering_engine_DRV1_angle               0x20000032   Data           1  exti.o(.data)
    Steering_engine_DRV2_angle               0x20000033   Data           1  exti.o(.data)
    Steering_engine_DRV3_angle               0x20000034   Data           1  exti.o(.data)
    Steering_engine_DRV4_angle               0x20000035   Data           1  exti.o(.data)
    Joystick_left_x_axis_val                 0x20000036   Data           1  exti.o(.data)
    Joystick_left_y_axis_val                 0x20000037   Data           1  exti.o(.data)
    Joystick_right_x_axis_val                0x20000038   Data           1  exti.o(.data)
    Joystick_right_y_axis_val                0x20000039   Data           1  exti.o(.data)
    System_HW_cur_protect_flag               0x2000003a   Data           1  exti.o(.data)
    Bat_val                                  0x20000040   Data           2  sys.o(.data)
    Bat_cur                                  0x20000042   Data           2  sys.o(.data)
    average_filter_len_cnt                   0x20000044   Data           1  sys.o(.data)
    Bat_adc_converted_value                  0x20000046   Data           4  sys.o(.data)
    System_fault_state                       0x2000004a   Data           1  sys.o(.data)
    __stdout                                 0x2000004c   Data           4  usart.o(.data)
    USART_RX_STA                             0x20000050   Data           2  usart.o(.data)
    Nrf24l01_rx_buff                         0x20000068   Data          32  exti.o(.bss)
    Nrf24l01_tx_buff                         0x20000088   Data          32  sys.o(.bss)
    bat_vol_buf                              0x200000a8   Data          10  sys.o(.bss)
    bat_cur_buf                              0x200000b2   Data          10  sys.o(.bss)
    USART_RX_BUF                             0x200000bc   Data         200  usart.o(.bss)
    __libspace_start                         0x20000184   Data          96  libspace.o(.bss)
    __temporary_stack_top$libspace           0x200001e4   Data           0  libspace.o(.bss)



==============================================================================

Memory Map of the image

  Image Entry point : 0x08000131

  Load Region LR_IROM1 (Base: 0x08000000, Size: 0x00004e00, Max: 0x00040000, ABSOLUTE)

    Execution Region ER_IROM1 (Base: 0x08000000, Size: 0x00004d98, Max: 0x00040000, ABSOLUTE)

    Base Addr    Size         Type   Attr      Idx    E Section Name        Object

    0x08000000   0x00000130   Data   RO          362    RESET               startup_stm32f10x_hd.o
    0x08000130   0x00000008   Code   RO          535  * !!!main             c_w.l(__main.o)
    0x08000138   0x00000034   Code   RO          703    !!!scatter          c_w.l(__scatter.o)
    0x0800016c   0x0000001a   Code   RO          705    !!handler_copy      c_w.l(__scatter_copy.o)
    0x08000186   0x00000002   PAD
    0x08000188   0x0000001c   Code   RO          707    !!handler_zi        c_w.l(__scatter_zi.o)
    0x080001a4   0x00000000   Code   RO          532    .ARM.Collect$$_printf_percent$$00000000  c_w.l(_printf_percent.o)
    0x080001a4   0x00000006   Code   RO          531    .ARM.Collect$$_printf_percent$$00000009  c_w.l(_printf_d.o)
    0x080001aa   0x00000006   Code   RO          530    .ARM.Collect$$_printf_percent$$0000000C  c_w.l(_printf_x.o)
    0x080001b0   0x00000004   Code   RO          544    .ARM.Collect$$_printf_percent$$00000017  c_w.l(_printf_percent_end.o)
    0x080001b4   0x00000002   Code   RO          577    .ARM.Collect$$libinit$$00000000  c_w.l(libinit.o)
    0x080001b6   0x00000000   Code   RO          584    .ARM.Collect$$libinit$$00000002  c_w.l(libinit2.o)
    0x080001b6   0x00000000   Code   RO          586    .ARM.Collect$$libinit$$00000004  c_w.l(libinit2.o)
    0x080001b6   0x00000000   Code   RO          589    .ARM.Collect$$libinit$$0000000A  c_w.l(libinit2.o)
    0x080001b6   0x00000000   Code   RO          591    .ARM.Collect$$libinit$$0000000C  c_w.l(libinit2.o)
    0x080001b6   0x00000000   Code   RO          593    .ARM.Collect$$libinit$$0000000E  c_w.l(libinit2.o)
    0x080001b6   0x00000000   Code   RO          596    .ARM.Collect$$libinit$$00000011  c_w.l(libinit2.o)
    0x080001b6   0x00000000   Code   RO          598    .ARM.Collect$$libinit$$00000013  c_w.l(libinit2.o)
    0x080001b6   0x00000000   Code   RO          600    .ARM.Collect$$libinit$$00000015  c_w.l(libinit2.o)
    0x080001b6   0x00000000   Code   RO          602    .ARM.Collect$$libinit$$00000017  c_w.l(libinit2.o)
    0x080001b6   0x00000000   Code   RO          604    .ARM.Collect$$libinit$$00000019  c_w.l(libinit2.o)
    0x080001b6   0x00000000   Code   RO          606    .ARM.Collect$$libinit$$0000001B  c_w.l(libinit2.o)
    0x080001b6   0x00000000   Code   RO          608    .ARM.Collect$$libinit$$0000001D  c_w.l(libinit2.o)
    0x080001b6   0x00000000   Code   RO          610    .ARM.Collect$$libinit$$0000001F  c_w.l(libinit2.o)
    0x080001b6   0x00000000   Code   RO          612    .ARM.Collect$$libinit$$00000021  c_w.l(libinit2.o)
    0x080001b6   0x00000000   Code   RO          614    .ARM.Collect$$libinit$$00000023  c_w.l(libinit2.o)
    0x080001b6   0x00000000   Code   RO          616    .ARM.Collect$$libinit$$00000025  c_w.l(libinit2.o)
    0x080001b6   0x00000000   Code   RO          620    .ARM.Collect$$libinit$$0000002C  c_w.l(libinit2.o)
    0x080001b6   0x00000000   Code   RO          622    .ARM.Collect$$libinit$$0000002E  c_w.l(libinit2.o)
    0x080001b6   0x00000000   Code   RO          624    .ARM.Collect$$libinit$$00000030  c_w.l(libinit2.o)
    0x080001b6   0x00000000   Code   RO          626    .ARM.Collect$$libinit$$00000032  c_w.l(libinit2.o)
    0x080001b6   0x00000002   Code   RO          627    .ARM.Collect$$libinit$$00000033  c_w.l(libinit2.o)
    0x080001b8   0x00000002   Code   RO          645    .ARM.Collect$$libshutdown$$00000000  c_w.l(libshutdown.o)
    0x080001ba   0x00000000   Code   RO          655    .ARM.Collect$$libshutdown$$00000002  c_w.l(libshutdown2.o)
    0x080001ba   0x00000000   Code   RO          657    .ARM.Collect$$libshutdown$$00000004  c_w.l(libshutdown2.o)
    0x080001ba   0x00000000   Code   RO          660    .ARM.Collect$$libshutdown$$00000007  c_w.l(libshutdown2.o)
    0x080001ba   0x00000000   Code   RO          663    .ARM.Collect$$libshutdown$$0000000A  c_w.l(libshutdown2.o)
    0x080001ba   0x00000000   Code   RO          665    .ARM.Collect$$libshutdown$$0000000C  c_w.l(libshutdown2.o)
    0x080001ba   0x00000000   Code   RO          668    .ARM.Collect$$libshutdown$$0000000F  c_w.l(libshutdown2.o)
    0x080001ba   0x00000002   Code   RO          669    .ARM.Collect$$libshutdown$$00000010  c_w.l(libshutdown2.o)
    0x080001bc   0x00000000   Code   RO          539    .ARM.Collect$$rtentry$$00000000  c_w.l(__rtentry.o)
    0x080001bc   0x00000000   Code   RO          546    .ARM.Collect$$rtentry$$00000002  c_w.l(__rtentry2.o)
    0x080001bc   0x00000006   Code   RO          558    .ARM.Collect$$rtentry$$00000004  c_w.l(__rtentry4.o)
    0x080001c2   0x00000000   Code   RO          548    .ARM.Collect$$rtentry$$00000009  c_w.l(__rtentry2.o)
    0x080001c2   0x00000004   Code   RO          549    .ARM.Collect$$rtentry$$0000000A  c_w.l(__rtentry2.o)
    0x080001c6   0x00000000   Code   RO          551    .ARM.Collect$$rtentry$$0000000C  c_w.l(__rtentry2.o)
    0x080001c6   0x00000008   Code   RO          552    .ARM.Collect$$rtentry$$0000000D  c_w.l(__rtentry2.o)
    0x080001ce   0x00000002   Code   RO          581    .ARM.Collect$$rtexit$$00000000  c_w.l(rtexit.o)
    0x080001d0   0x00000000   Code   RO          629    .ARM.Collect$$rtexit$$00000002  c_w.l(rtexit2.o)
    0x080001d0   0x00000004   Code   RO          630    .ARM.Collect$$rtexit$$00000003  c_w.l(rtexit2.o)
    0x080001d4   0x00000006   Code   RO          631    .ARM.Collect$$rtexit$$00000004  c_w.l(rtexit2.o)
    0x080001da   0x0000001a   Code   RO            1    .text               main.o
    0x080001f4   0x0000001a   Code   RO          107    .text               stm32f10x_it.o
    0x0800020e   0x00000002   PAD
    0x08000210   0x000001e0   Code   RO          145    .text               system_stm32f10x.o
    0x080003f0   0x000000c8   Code   RO          163    .text               led.o
    0x080004b8   0x00000728   Code   RO          179    .text               timer.o
    0x08000be0   0x000005cc   Code   RO          198    .text               action.o
    0x080011ac   0x0000024c   Code   RO          217    .text               adc.o
    0x080013f8   0x00000094   Code   RO          230    .text               beep.o
    0x0800148c   0x0000030c   Code   RO          242    .text               24l01.o
    0x08001798   0x00000388   Code   RO          257    .text               exti.o
    0x08001b20   0x0000010c   Code   RO          280    .text               spi.o
    0x08001c2c   0x000000d4   Code   RO          292    .text               delay.o
    0x08001d00   0x00000704   Code   RO          306    .text               sys.o
    0x08002404   0x00000164   Code   RO          326    .text               usart.o
    0x08002568   0x00000040   Code   RO          363    .text               startup_stm32f10x_hd.o
    0x080025a8   0x000000dc   Code   RO          367    .text               misc.o
    0x08002684   0x0000035c   Code   RO          379    .text               stm32f10x_gpio.o
    0x080029e0   0x000003a4   Code   RO          391    .text               stm32f10x_rcc.o
    0x08002d84   0x00000e1a   Code   RO          405    .text               stm32f10x_tim.o
    0x08003b9e   0x00000002   PAD
    0x08003ba0   0x00000408   Code   RO          417    .text               stm32f10x_usart.o
    0x08003fa8   0x0000044e   Code   RO          429    .text               stm32f10x_adc.o
    0x080043f6   0x00000002   PAD
    0x080043f8   0x0000011c   Code   RO          441    .text               stm32f10x_exti.o
    0x08004514   0x0000030c   Code   RO          453    .text               stm32f10x_spi.o
    0x08004820   0x00000254   Code   RO          465    .text               stm32f10x_dma.o
    0x08004a74   0x00000002   Code   RO          479    .text               c_w.l(use_no_semi_2.o)
    0x08004a76   0x00000002   PAD
    0x08004a78   0x00000018   Code   RO          483    .text               c_w.l(noretval__2printf.o)
    0x08004a90   0x00000068   Code   RO          485    .text               c_w.l(__printf.o)
    0x08004af8   0x00000078   Code   RO          487    .text               c_w.l(_printf_dec.o)
    0x08004b70   0x00000058   Code   RO          492    .text               c_w.l(_printf_hex_int.o)
    0x08004bc8   0x00000006   Code   RO          533    .text               c_w.l(heapauxi.o)
    0x08004bce   0x00000002   Code   RO          537    .text               c_w.l(use_no_semi.o)
    0x08004bd0   0x000000b2   Code   RO          540    .text               c_w.l(_printf_intcommon.o)
    0x08004c82   0x00000002   PAD
    0x08004c84   0x00000024   Code   RO          542    .text               c_w.l(_printf_char_file.o)
    0x08004ca8   0x00000030   Code   RO          560    .text               c_w.l(_printf_char_common.o)
    0x08004cd8   0x00000008   Code   RO          562    .text               c_w.l(ferror.o)
    0x08004ce0   0x0000004a   Code   RO          566    .text               c_w.l(sys_stackheap_outer.o)
    0x08004d2a   0x00000012   Code   RO          570    .text               c_w.l(exit.o)
    0x08004d3c   0x00000008   Code   RO          578    .text               c_w.l(libspace.o)
    0x08004d44   0x0000000a   Data   RO          243    .constdata          24l01.o
    0x08004d4e   0x00000028   Data   RO          493    .constdata          c_w.l(_printf_hex_int.o)
    0x08004d76   0x00000002   PAD
    0x08004d78   0x00000020   Data   RO          701    Region$$Table       anon$$obj.o


    Execution Region RW_IRAM1 (Base: 0x20000000, Size: 0x000007e8, Max: 0x0000c000, ABSOLUTE)

    Base Addr    Size         Type   Attr      Idx    E Section Name        Object

    0x20000000   0x00000004   Data   RW            2    .data               main.o
    0x20000004   0x00000014   Data   RW          146    .data               system_stm32f10x.o
    0x20000018   0x00000006   Data   RW          180    .data               timer.o
    0x2000001e   0x00000001   Data   RW          199    .data               action.o
    0x2000001f   0x0000001c   Data   RW          259    .data               exti.o
    0x2000003b   0x00000001   PAD
    0x2000003c   0x00000004   Data   RW          293    .data               delay.o
    0x20000040   0x0000000b   Data   RW          308    .data               sys.o
    0x2000004b   0x00000001   PAD
    0x2000004c   0x00000006   Data   RW          328    .data               usart.o
    0x20000052   0x00000014   Data   RW          392    .data               stm32f10x_rcc.o
    0x20000066   0x00000002   PAD
    0x20000068   0x00000020   Zero   RW          258    .bss                exti.o
    0x20000088   0x00000034   Zero   RW          307    .bss                sys.o
    0x200000bc   0x000000c8   Zero   RW          327    .bss                usart.o
    0x20000184   0x00000060   Zero   RW          579    .bss                c_w.l(libspace.o)
    0x200001e4   0x00000004   PAD
    0x200001e8   0x00000200   Zero   RW          361    HEAP                startup_stm32f10x_hd.o
    0x200003e8   0x00000400   Zero   RW          360    STACK               startup_stm32f10x_hd.o


==============================================================================

Image component sizes


      Code (inc. data)   RO Data    RW Data    ZI Data      Debug   Object Name

       780         40         10          0          0       3651   24l01.o
      1484        196          0          1          0       6736   action.o
       588         16          0          0          0       3803   adc.o
       148         16          0          0          0        827   beep.o
         0          0          0          0          0         32   core_cm3.o
       212         18          0          4          0        995   delay.o
       904        248          0         28         32       4276   exti.o
       200         18          0          0          0        930   led.o
        26          0          0          4          0     281370   main.o
       220         22          0          0          0       1761   misc.o
       268         10          0          0          0       1105   spi.o
        64         26        304          0       1536        784   startup_stm32f10x_hd.o
      1102         26          0          0          0      11001   stm32f10x_adc.o
       596          8          0          0          0       4326   stm32f10x_dma.o
       284         10          0          0          0       2215   stm32f10x_exti.o
       860         38          0          0          0       5693   stm32f10x_gpio.o
        26          0          0          0          0       1162   stm32f10x_it.o
       932         36          0         20          0       8852   stm32f10x_rcc.o
       780         14          0          0          0       6574   stm32f10x_spi.o
      3610         88          0          0          0      22800   stm32f10x_tim.o
      1032         22          0          0          0       8420   stm32f10x_usart.o
      1796        264          0         11         52       3902   sys.o
       480         38          0         20          0       1683   system_stm32f10x.o
      1832        120          0          6          0       4687   timer.o
       356         22          0          6        200       3238   usart.o

    ----------------------------------------------------------------------
     18586       1296        346        104       1820     390823   Object Totals
         0          0         32          0          0          0   (incl. Generated)
         6          0          0          4          0          0   (incl. Padding)

    ----------------------------------------------------------------------

      Code (inc. data)   RO Data    RW Data    ZI Data      Debug   Library Member Name

         8          0          0          0          0         68   __main.o
       104          0          0          0          0         84   __printf.o
         0          0          0          0          0          0   __rtentry.o
        12          0          0          0          0          0   __rtentry2.o
         6          0          0          0          0          0   __rtentry4.o
        52          8          0          0          0          0   __scatter.o
        26          0          0          0          0          0   __scatter_copy.o
        28          0          0          0          0          0   __scatter_zi.o
        48          6          0          0          0         96   _printf_char_common.o
        36          4          0          0          0         80   _printf_char_file.o
         6          0          0          0          0          0   _printf_d.o
       120         16          0          0          0         92   _printf_dec.o
        88          4         40          0          0         88   _printf_hex_int.o
       178          0          0          0          0         88   _printf_intcommon.o
         0          0          0          0          0          0   _printf_percent.o
         4          0          0          0          0          0   _printf_percent_end.o
         6          0          0          0          0          0   _printf_x.o
        18          0          0          0          0         80   exit.o
         8          0          0          0          0         68   ferror.o
         6          0          0          0          0        152   heapauxi.o
         2          0          0          0          0          0   libinit.o
         2          0          0          0          0          0   libinit2.o
         2          0          0          0          0          0   libshutdown.o
         2          0          0          0          0          0   libshutdown2.o
         8          4          0          0         96         68   libspace.o
        24          4          0          0          0         84   noretval__2printf.o
         2          0          0          0          0          0   rtexit.o
        10          0          0          0          0          0   rtexit2.o
        74          0          0          0          0         80   sys_stackheap_outer.o
         2          0          0          0          0         68   use_no_semi.o
         2          0          0          0          0         68   use_no_semi_2.o

    ----------------------------------------------------------------------
       890         46         42          0        100       1264   Library Totals
         6          0          2          0          4          0   (incl. Padding)

    ----------------------------------------------------------------------

      Code (inc. data)   RO Data    RW Data    ZI Data      Debug   Library Name

       884         46         40          0         96       1264   c_w.l

    ----------------------------------------------------------------------
       890         46         42          0        100       1264   Library Totals

    ----------------------------------------------------------------------

==============================================================================


      Code (inc. data)   RO Data    RW Data    ZI Data      Debug   

     19476       1342        388        104       1920     389379   Grand Totals
     19476       1342        388        104       1920     389379   ELF Image Totals
     19476       1342        388        104          0          0   ROM Totals

==============================================================================

    Total RO  Size (Code + RO Data)                19864 (  19.40kB)
    Total RW  Size (RW Data + ZI Data)              2024 (   1.98kB)
    Total ROM Size (Code + RO Data + RW Data)      19968 (  19.50kB)

==============================================================================

