ARM Linker, 5.03 [Build 76] [MDK-ARM Standard]

==============================================================================

Section Cross References

    main.o(.text) refers to sys.o(.text) for SysInit
    main.o(.text) refers to adc.o(.text) for Get_all_percentage_ad
    main.o(.text) refers to lcd_driver.o(.text) for LCD_backlight_set
    main.o(.text) refers to imu_motion.o(.text) for Imu_motion_read
    main.o(.text) refers to key.o(.text) for Key_action
    main.o(.text) refers to sys.o(.data) for System_fault_flag
    system_stm32f10x.o(.text) refers to system_stm32f10x.o(.data) for SystemCoreClock
    led.o(.text) refers to stm32f10x_rcc.o(.text) for RCC_APB2PeriphClockCmd
    led.o(.text) refers to stm32f10x_gpio.o(.text) for GPIO_Init
    led.o(.text) refers to stm32f10x_tim.o(.text) for TIM_TimeBaseInit
    led.o(.text) refers to delay.o(.text) for delay_ms
    led.o(.text) refers to sys.o(.bss) for System_ini_state
    led.o(.text) refers to sys.o(.data) for System_fault_flag
    led.o(.text) refers to led.o(.data) for temp_4ms
    key.o(.text) refers to stm32f10x_rcc.o(.text) for RCC_APB2PeriphClockCmd
    key.o(.text) refers to stm32f10x_gpio.o(.text) for GPIO_PinRemapConfig
    key.o(.text) refers to beep.o(.text) for buzzer_sound
    key.o(.text) refers to lcd_driver.o(.text) for Lcd_Clear
    key.o(.text) refers to sys.o(.bss) for System_ini_state
    key.o(.text) refers to key.o(.data) for System_key_type
    key.o(.text) refers to lcd_driver.o(.data) for Back_color
    timer.o(.text) refers to stm32f10x_rcc.o(.text) for RCC_APB1PeriphClockCmd
    timer.o(.text) refers to stm32f10x_tim.o(.text) for TIM_TimeBaseInit
    timer.o(.text) refers to misc.o(.text) for NVIC_Init
    timer.o(.text) refers to 24l01.o(.text) for NRF24L01_TX_Mode
    timer.o(.text) refers to adc.o(.text) for Adc_timer
    timer.o(.text) refers to lcd_driver.o(.text) for LCD_backlight_set_timer
    timer.o(.text) refers to key.o(.text) for Key_detect
    timer.o(.text) refers to imu_motion.o(.text) for Imu_motion_timer
    timer.o(.text) refers to led.o(.text) for LED_rgb_flash_timer
    timer.o(.text) refers to beep.o(.text) for buzzer_type_timer
    timer.o(.text) refers to sys.o(.text) for System_fault_check_timer
    timer.o(.text) refers to sys.o(.bss) for System_ini_state
    timer.o(.text) refers to timer.o(.data) for timer_cnt
    adc.o(.text) refers to stm32f10x_rcc.o(.text) for RCC_APB2PeriphClockCmd
    adc.o(.text) refers to stm32f10x_gpio.o(.text) for GPIO_Init
    adc.o(.text) refers to stm32f10x_adc.o(.text) for ADC_DeInit
    adc.o(.text) refers to stm32f10x_dma.o(.text) for DMA_Cmd
    adc.o(.text) refers to gui.o(.text) for GUI_ShowNum
    adc.o(.text) refers to sys.o(.bss) for System_ini_state
    adc.o(.text) refers to adc.o(.bss) for Adc_converted_value
    adc.o(.text) refers to adc.o(.data) for Bat_val
    adc.o(.text) refers to sys.o(.data) for System_fault_flag
    adc.o(.text) refers to key.o(.data) for System_key_type
    beep.o(.text) refers to stm32f10x_rcc.o(.text) for RCC_APB2PeriphClockCmd
    beep.o(.text) refers to stm32f10x_gpio.o(.text) for GPIO_Init
    beep.o(.text) refers to stm32f10x_tim.o(.text) for TIM_TimeBaseInit
    beep.o(.text) refers to sys.o(.bss) for System_ini_state
    beep.o(.text) refers to beep.o(.data) for SoundTypeTemp
    exti.o(.text) refers to stm32f10x_rcc.o(.text) for RCC_APB2PeriphClockCmd
    exti.o(.text) refers to stm32f10x_gpio.o(.text) for GPIO_EXTILineConfig
    exti.o(.text) refers to stm32f10x_exti.o(.text) for EXTI_Init
    exti.o(.text) refers to misc.o(.text) for NVIC_Init
    exti.o(.text) refers to 24l01.o(.text) for NRF24L01_Read_Reg
    exti.o(.text) refers to stm32f10x_tim.o(.text) for TIM_Cmd
    exti.o(.text) refers to exti.o(.bss) for Nrf24l01_rx_buff
    exti.o(.text) refers to exti.o(.data) for Nrf24l01_rx_handle_flag
    spi.o(.text) refers to stm32f10x_spi.o(.text) for SPI_Cmd
    spi.o(.text) refers to stm32f10x_rcc.o(.text) for RCC_APB2PeriphClockCmd
    spi.o(.text) refers to stm32f10x_gpio.o(.text) for GPIO_Init
    24l01.o(.text) refers to stm32f10x_rcc.o(.text) for RCC_APB2PeriphClockCmd
    24l01.o(.text) refers to stm32f10x_gpio.o(.text) for GPIO_Init
    24l01.o(.text) refers to spi.o(.text) for SPI2_Init
    24l01.o(.text) refers to 24l01.o(.constdata) for RX_ADDRESS
    gui.o(.text) refers to lcd_driver.o(.text) for Lcd_SetXY
    gui.o(.text) refers to lcd_driver.o(.data) for Point_color
    gui.o(.text) refers to gui.o(.constdata) for asc2_1206
    gui.o(.text) refers to delay.o(.text) for delay_ms
    gui.o(.text) refers to sys.o(.bss) for System_ini_state
    lcd_driver.o(.text) refers to stm32f10x_rcc.o(.text) for RCC_APB2PeriphClockCmd
    lcd_driver.o(.text) refers to stm32f10x_gpio.o(.text) for GPIO_Init
    lcd_driver.o(.text) refers to stm32f10x_tim.o(.text) for TIM_TimeBaseInit
    lcd_driver.o(.text) refers to delay.o(.text) for delay_ms
    lcd_driver.o(.text) refers to sys.o(.bss) for System_ini_state
[...]
    temp_4ms                                 0x2000003e   Data           2  beep.o(.data)
    .data                                    0x20000040   Section        5  exti.o(.data)
    .data                                    0x20000046   Section        7  lcd_driver.o(.data)
    lcd_bl_flag_100ms                        0x20000046   Data           1  lcd_driver.o(.data)
    tick_4ms                                 0x2000004c   Data           1  lcd_driver.o(.data)
    .data                                    0x20000050   Section       44  inv_mpu.o(.data)
    st                                       0x20000050   Data          44  inv_mpu.o(.data)
    .data                                    0x2000007c   Section       16  imu_motion.o(.data)
    imu_flag_100ms                           0x2000007c   Data           1  imu_motion.o(.data)
    tick_4ms                                 0x2000007d   Data           1  imu_motion.o(.data)
    .data                                    0x2000008c   Section        4  delay.o(.data)
    fac_us                                   0x2000008c   Data           1  delay.o(.data)
    fac_ms                                   0x2000008e   Data           2  delay.o(.data)
    .data                                    0x20000090   Section       22  sys.o(.data)
    system_fault_check                       0x20000091   Data           1  sys.o(.data)
    system_fault_counter_start               0x20000092   Data           1  sys.o(.data)
    system_fault_counter_end                 0x20000093   Data           1  sys.o(.data)
    system_nrf_tx_check                      0x20000094   Data           1  sys.o(.data)
    system_nrf_rx_check                      0x20000095   Data           1  sys.o(.data)
    gyro_orientation                         0x20000096   Data           9  sys.o(.data)
    tick_4ms                                 0x2000009f   Data           1  sys.o(.data)
    tick_4ms                                 0x200000a0   Data           1  sys.o(.data)
    tick_4ms                                 0x200000a1   Data           1  sys.o(.data)
    tick_4ms                                 0x200000a2   Data           1  sys.o(.data)
    fault_temp_falg                          0x200000a3   Data           1  sys.o(.data)
    .data                                    0x200000a6   Section       20  stm32f10x_rcc.o(.data)
    APBAHBPrescTable                         0x200000a6   Data          16  stm32f10x_rcc.o(.data)
    ADCPrescTable                            0x200000b6   Data           4  stm32f10x_rcc.o(.data)
    .bss                                     0x200000bc   Section       12  adc.o(.bss)
    .bss                                     0x200000c8   Section       33  exti.o(.bss)
    .bss                                     0x200000ec   Section       16  inv_mpu_dmp_motion_driver.o(.bss)
    dmp                                      0x200000ec   Data          16  inv_mpu_dmp_motion_driver.o(.bss)
    .bss                                     0x200000fc   Section       42  sys.o(.bss)
    .bss                                     0x20000128   Section       96  libspace.o(.bss)
    HEAP                                     0x20000188   Section      512  startup_stm32f10x_hd.o(HEAP)
    Heap_Mem                                 0x20000188   Data         512  startup_stm32f10x_hd.o(HEAP)
    STACK                                    0x20000388   Section     1024  startup_stm32f10x_hd.o(STACK)
    Stack_Mem                                0x20000388   Data        1024  startup_stm32f10x_hd.o(STACK)
    __initial_sp                             0x20000788   Data           0  startup_stm32f10x_hd.o(STACK)

    Global Symbols

    Symbol Name                              Value     Ov Type        Size  Object(Section)

    BuildAttributes$$THM_ISAv4$P$D$K$B$S$PE$A:L22UL41UL21$X:L11$S22US41US21$IEEE1$IW$USESV6$~STKCKD$USESV7$~SHL$OTIME$ROPI$IEEEX$EBA8$UX$STANDARDLIB$REQ8$PRES8$EABIv2 0x00000000   Number         0  anon$$obj.o ABSOLUTE
    __ARM_use_no_argv                        0x00000000   Number         0  main.o ABSOLUTE
    __ARM_exceptions_init                     - Undefined Weak Reference
    __alloca_initialize                       - Undefined Weak Reference
    __cpp_initialize__aeabi_                  - Undefined Weak Reference
    __cxa_finalize                            - Undefined Weak Reference
    __rt_locale                               - Undefined Weak Reference
    __sigvec_lookup                           - Undefined Weak Reference
    _atexit_init                              - Undefined Weak Reference
    _call_atexit_fns                          - Undefined Weak Reference
    _clock_init                               - Undefined Weak Reference
    _fp_trap_init                             - Undefined Weak Reference
    _fp_trap_shutdown                         - Undefined Weak Reference
    _get_lc_collate                           - Undefined Weak Reference
    _get_lc_ctype                             - Undefined Weak Reference
    _get_lc_monetary                          - Undefined Weak Reference
    _get_lc_numeric                           - Undefined Weak Reference
    _get_lc_time                              - Undefined Weak Reference
    _getenv_init                              - Undefined Weak Reference
    _handle_redirection                       - Undefined Weak Reference
    _init_alloc                               - Undefined Weak Reference
    _init_user_alloc                          - Undefined Weak Reference
    _initio                                   - Undefined Weak Reference
    _rand_init                                - Undefined Weak Reference
    _signal_finish                            - Undefined Weak Reference
    _signal_init                              - Undefined Weak Reference
    _terminate_alloc                          - Undefined Weak Reference
    _terminate_user_alloc                     - Undefined Weak Reference
    _terminateio                              - Undefined Weak Reference
    __Vectors_Size                           0x00000130   Number         0  startup_stm32f10x_hd.o ABSOLUTE
    __Vectors                                0x08000000   Data           4  startup_stm32f10x_hd.o(RESET)
    __Vectors_End                            0x08000130   Data           0  startup_stm32f10x_hd.o(RESET)
    __main                                   0x08000131   Thumb Code     8  __main.o(!!!main)
    __scatterload                            0x08000139   Thumb Code     0  __scatter.o(!!!scatter)
    __scatterload_rt2                        0x08000139   Thumb Code    44  __scatter.o(!!!scatter)
    __scatterload_rt2_thumb_only             0x08000139   Thumb Code     0  __scatter.o(!!!scatter)
    __scatterload_null                       0x08000147   Thumb Code     0  __scatter.o(!!!scatter)
    __scatterload_copy                       0x0800016d   Thumb Code    26  __scatter_copy.o(!!handler_copy)
    __scatterload_zeroinit                   0x08000189   Thumb Code    28  __scatter_zi.o(!!handler_zi)
    __rt_lib_init                            0x080001a5   Thumb Code     0  libinit.o(.ARM.Collect$$libinit$$00000000)
    __rt_lib_init_alloca_1                   0x080001a7   Thumb Code     0  libinit2.o(.ARM.Collect$$libinit$$0000002C)
    __rt_lib_init_argv_1                     0x080001a7   Thumb Code     0  libinit2.o(.ARM.Collect$$libinit$$0000002A)
    __rt_lib_init_atexit_1                   0x080001a7   Thumb Code     0  libinit2.o(.ARM.Collect$$libinit$$00000019)
    __rt_lib_init_clock_1                    0x080001a7   Thumb Code     0  libinit2.o(.ARM.Collect$$libinit$$0000001F)
    __rt_lib_init_cpp_1                      0x080001a7   Thumb Code     0  libinit2.o(.ARM.Collect$$libinit$$00000030)
    __rt_lib_init_exceptions_1               0x080001a7   Thumb Code     0  libinit2.o(.ARM.Collect$$libinit$$0000002E)
    __rt_lib_init_fp_1                       0x080001a7   Thumb Code     0  libinit2.o(.ARM.Collect$$libinit$$00000002)
    __rt_lib_init_fp_trap_1                  0x080001a7   Thumb Code     0  libinit2.o(.ARM.Collect$$libinit$$0000001D)
    __rt_lib_init_getenv_1                   0x080001a7   Thumb Code     0  libinit2.o(.ARM.Collect$$libinit$$00000021)
    __rt_lib_init_heap_1                     0x080001a7   Thumb Code     0  libinit2.o(.ARM.Collect$$libinit$$00000008)
    __rt_lib_init_lc_collate_1               0x080001a7   Thumb Code     0  libinit2.o(.ARM.Collect$$libinit$$0000000F)
    __rt_lib_init_lc_ctype_1                 0x080001a7   Thumb Code     0  libinit2.o(.ARM.Collect$$libinit$$00000011)
    __rt_lib_init_lc_monetary_1              0x080001a7   Thumb Code     0  libinit2.o(.ARM.Collect$$libinit$$00000013)
    __rt_lib_init_lc_numeric_1               0x080001a7   Thumb Code     0  libinit2.o(.ARM.Collect$$libinit$$00000015)
    __rt_lib_init_lc_time_1                  0x080001a7   Thumb Code     0  libinit2.o(.ARM.Collect$$libinit$$00000017)
    __rt_lib_init_rand_1                     0x080001a7   Thumb Code     0  libinit2.o(.ARM.Collect$$libinit$$0000000C)
    __rt_lib_init_return                     0x080001a7   Thumb Code     0  libinit2.o(.ARM.Collect$$libinit$$00000031)
    __rt_lib_init_signal_1                   0x080001a7   Thumb Code     0  libinit2.o(.ARM.Collect$$libinit$$0000001B)
    __rt_lib_init_stdio_1                    0x080001a7   Thumb Code     0  libinit2.o(.ARM.Collect$$libinit$$00000023)
    __rt_lib_init_user_alloc_1               0x080001a7   Thumb Code     0  libinit2.o(.ARM.Collect$$libinit$$0000000A)
    __rt_lib_shutdown                        0x080001a9   Thumb Code     0  libshutdown.o(.ARM.Collect$$libshutdown$$00000000)
    __rt_lib_shutdown_fp_trap_1              0x080001ab   Thumb Code     0  libshutdown2.o(.ARM.Collect$$libshutdown$$00000006)
    __rt_lib_shutdown_heap_1                 0x080001ab   Thumb Code     0  libshutdown2.o(.ARM.Collect$$libshutdown$$0000000E)
    __rt_lib_shutdown_return                 0x080001ab   Thumb Code     0  libshutdown2.o(.ARM.Collect$$libshutdown$$0000000F)
    __rt_lib_shutdown_signal_1               0x080001ab   Thumb Code     0  libshutdown2.o(.ARM.Collect$$libshutdown$$00000009)
    __rt_lib_shutdown_stdio_1                0x080001ab   Thumb Code     0  libshutdown2.o(.ARM.Collect$$libshutdown$$00000003)
    __rt_lib_shutdown_user_alloc_1           0x080001ab   Thumb Code     0  libshutdown2.o(.ARM.Collect$$libshutdown$$0000000B)
    __rt_entry                               0x080001ad   Thumb Code     0  rtentry.o(.ARM.Collect$$rtentry$$00000000)
    __rt_entry_presh_1                       0x080001ad   Thumb Code     0  rtentry2.o(.ARM.Collect$$rtentry$$00000002)
    __rt_entry_sh                            0x080001ad   Thumb Code     0  rtentry4.o(.ARM.Collect$$rtentry$$00000004)
    __rt_entry_li                            0x080001b3   Thumb Code     0  rtentry2.o(.ARM.Collect$$rtentry$$0000000A)
    __rt_entry_postsh_1                      0x080001b3   Thumb Code     0  rtentry2.o(.ARM.Collect$$rtentry$$00000009)
    __rt_entry_main                          0x080001b7   Thumb Code     0  rtentry2.o(.ARM.Collect$$rtentry$$0000000D)
    __rt_entry_postli_1                      0x080001b7   Thumb Code     0  rtentry2.o(.ARM.Collect$$rtentry$$0000000C)
    __rt_exit                                0x080001bf   Thumb Code     0  rtexit.o(.ARM.Collect$$rtexit$$00000000)
    __rt_exit_ls                             0x080001c1   Thumb Code     0  rtexit2.o(.ARM.Collect$$rtexit$$00000003)
    __rt_exit_prels_1                        0x080001c1   Thumb Code     0  rtexit2.o(.ARM.Collect$$rtexit$$00000002)
    __rt_exit_exit                           0x080001c5   Thumb Code     0  rtexit2.o(.ARM.Collect$$rtexit$$00000004)
    main                                     0x080001cd   Thumb Code    48  main.o(.text)
    NMI_Handler                              0x08000201   Thumb Code     2  stm32f10x_it.o(.text)
    HardFault_Handler                        0x08000203   Thumb Code     4  stm32f10x_it.o(.text)
    MemManage_Handler                        0x08000207   Thumb Code     4  stm32f10x_it.o(.text)
    BusFault_Handler                         0x0800020b   Thumb Code     4  stm32f10x_it.o(.text)
    UsageFault_Handler                       0x0800020f   Thumb Code     4  stm32f10x_it.o(.text)
    SVC_Handler                              0x08000213   Thumb Code     2  stm32f10x_it.o(.text)
    DebugMon_Handler                         0x08000215   Thumb Code     2  stm32f10x_it.o(.text)
    PendSV_Handler                           0x08000217   Thumb Code     2  stm32f10x_it.o(.text)
    SysTick_Handler                          0x08000219   Thumb Code     2  stm32f10x_it.o(.text)
    SystemInit                               0x080002f9   Thumb Code    78  system_stm32f10x.o(.text)
    SystemCoreClockUpdate                    0x08000347   Thumb Code   142  system_stm32f10x.o(.text)
    LED_Init                                 0x080003f9   Thumb Code   198  led.o(.text)
    LEDR_PWM_duty_set                        0x080004bf   Thumb Code    28  led.o(.text)
    LEDG_PWM_duty_set                        0x080004db   Thumb Code    28  led.o(.text)
    LEDB_PWM_duty_set                        0x080004f7   Thumb Code    28  led.o(.text)
    LED_flash_RGB                            0x08000513   Thumb Code   122  led.o(.text)
    LED_R_shadow                             0x0800058d   Thumb Code    42  led.o(.text)
    LED_G_shadow                             0x080005b7   Thumb Code    42  led.o(.text)
    LED_B_shadow                             0x080005e1   Thumb Code    42  led.o(.text)
    LED_RGB_turnoff                          0x0800060b   Thumb Code    22  led.o(.text)
    LED_rgb_flash_timer                      0x08000621   Thumb Code   322  led.o(.text)
    Key_init                                 0x080007a1   Thumb Code   102  key.o(.text)
    Key_detect                               0x08000807   Thumb Code   454  key.o(.text)
    Key_action                               0x080009cd   Thumb Code   330  key.o(.text)
    Key_handle_timer                         0x08000b17   Thumb Code    30  key.o(.text)
    TIM2_Int_Init                            0x08000b5d   Thumb Code    84  timer.o(.text)
    TIM4_Int_Init                            0x08000bb1   Thumb Code    94  timer.o(.text)
    TIM2_IRQHandler                          0x08000c0f   Thumb Code    36  timer.o(.text)
    TIM4_IRQHandler                          0x08000c33   Thumb Code    88  timer.o(.text)
    Adc_Init                                 0x08000c99   Thumb Code   236  adc.o(.text)
    Adc_DMA_Init                             0x08000d85   Thumb Code    82  adc.o(.text)
    Get_Adc                                  0x08000dd7   Thumb Code    86  adc.o(.text)
    Get_Percentage_Ad                        0x08000e2d   Thumb Code    22  adc.o(.text)
    Get_Photoresistor_Percentage_Ad          0x08000e43   Thumb Code    22  adc.o(.text)
    Get_all_percentage_ad                    0x08000e59   Thumb Code   442  adc.o(.text)
    Adc_timer                                0x08001013   Thumb Code    30  adc.o(.text)
    BEEP_Init                                0x080010b1   Thumb Code   186  beep.o(.text)
    BEEP_PWM_duty_set                        0x0800116b   Thumb Code    28  beep.o(.text)
    buzzer_sound                             0x08001187   Thumb Code     6  beep.o(.text)
    buzzer_high_Hz                           0x0800118d   Thumb Code    54  beep.o(.text)
    buzzer_type_timer                        0x080011c3   Thumb Code   896  beep.o(.text)
    buzzer_power_on                          0x08001543   Thumb Code    10  beep.o(.text)
    EXTIX_Init                               0x0800155d   Thumb Code    80  exti.o(.text)
    EXTI9_5_IRQHandler                       0x080015ad   Thumb Code   146  exti.o(.text)
    SPI2_SetSpeed                            0x0800164d   Thumb Code    36  spi.o(.text)
    SPI2_ReadWriteByte                       0x08001671   Thumb Code    78  spi.o(.text)
    SPI2_Init                                0x080016bf   Thumb Code   144  spi.o(.text)
    NRF24L01_Init                            0x08001759   Thumb Code   116  24l01.o(.text)
    NRF24L01_Read_Buf                        0x080017cd   Thumb Code    56  24l01.o(.text)
    NRF24L01_Write_Buf                       0x08001805   Thumb Code    56  24l01.o(.text)
    NRF24L01_Check                           0x0800183d   Thumb Code    72  24l01.o(.text)
    NRF24L01_Write_Reg                       0x08001885   Thumb Code    38  24l01.o(.text)
    NRF24L01_Read_Reg                        0x080018ab   Thumb Code    36  24l01.o(.text)
    NRF24L01_TxPacket                        0x080018cf   Thumb Code    98  24l01.o(.text)
    NRF24L01_RxPacket                        0x08001931   Thumb Code    58  24l01.o(.text)
    NRF24L01_RX_Mode                         0x0800196b   Thumb Code    80  24l01.o(.text)
    NRF24L01_TX_Mode                         0x080019bb   Thumb Code    90  24l01.o(.text)
    GUI_DrawPoint                            0x08001a3d   Thumb Code    24  gui.o(.text)
    GUI_Fill                                 0x08001a55   Thumb Code   102  gui.o(.text)
    LCD_DrawFillRectangle                    0x08001abb   Thumb Code    30  gui.o(.text)
    GUI_DrawLine                             0x08001ad9   Thumb Code   176  gui.o(.text)
    GUI_DrawRectangle                        0x08001b89   Thumb Code    64  gui.o(.text)
    _draw_circle_8                           0x08001bc9   Thumb Code   132  gui.o(.text)
    GUI_Circle                               0x08001c4d   Thumb Code   154  gui.o(.text)
    GUI_ShowChar                             0x08001ce7   Thumb Code   264  gui.o(.text)
    GUI_ShowString                           0x08001def   Thumb Code    82  gui.o(.text)
    mypow                                    0x08001e41   Thumb Code    22  gui.o(.text)
    GUI_ShowNum                              0x08001e57   Thumb Code   184  gui.o(.text)
    Gui_Drawbmp16                            0x08001f0f   Thumb Code    78  gui.o(.text)
    LCD_power_on_action                      0x08001f5d   Thumb Code   682  gui.o(.text)
    Lcd_144inch_IO_Init                      0x08002369   Thumb Code   232  lcd_driver.o(.text)
    SPI_WriteData                            0x08002451   Thumb Code    64  lcd_driver.o(.text)
    Lcd_WriteIndex                           0x08002491   Thumb Code    30  lcd_driver.o(.text)
    Lcd_WriteData                            0x080024af   Thumb Code    34  lcd_driver.o(.text)
    LCD_WriteData_16Bit                      0x080024d1   Thumb Code    42  lcd_driver.o(.text)
    Lcd_WriteReg                             0x080024fb   Thumb Code    20  lcd_driver.o(.text)
    Lcd_Reset                                0x0800250f   Thumb Code    32  lcd_driver.o(.text)
    Lcd_144inch_Init                         0x0800252f   Thumb Code   558  lcd_driver.o(.text)
    Lcd_SetRegion                            0x0800275d   Thumb Code   132  lcd_driver.o(.text)
    Lcd_SetXY                                0x080027e1   Thumb Code    20  lcd_driver.o(.text)
    Lcd_DrawPoint                            0x080027f5   Thumb Code    32  lcd_driver.o(.text)
    Lcd_ReadPoint                            0x08002815   Thumb Code    24  lcd_driver.o(.text)
    Lcd_Clear                                0x0800282d   Thumb Code    58  lcd_driver.o(.text)
    Lcd_Init_Clear                           0x08002867   Thumb Code    50  lcd_driver.o(.text)
    LCD_BL_PWM_duty_set                      0x08002899   Thumb Code    28  lcd_driver.o(.text)
    LCD_fault_display                        0x080028b5   Thumb Code   148  lcd_driver.o(.text)
    LCD_backlight_set_timer                  0x08002949   Thumb Code    30  lcd_driver.o(.text)
    LCD_backlight_set                        0x08002967   Thumb Code    56  lcd_driver.o(.text)
    i2c_Init                                 0x08002b99   Thumb Code    60  iic.o(.text)
    i2cWriteBuffer                           0x08002bd5   Thumb Code   100  iic.o(.text)
    i2cwrite                                 0x08002c39   Thumb Code    38  iic.o(.text)
    i2cRead                                  0x08002c5f   Thumb Code   120  iic.o(.text)
    i2cread                                  0x08002cd7   Thumb Code    38  iic.o(.text)
    i2cWrite                                 0x08002cfd   Thumb Code    72  iic.o(.text)
    i2cGetErrorCounter                       0x08002d45   Thumb Code     4  iic.o(.text)
    mpu_get_accel_sens                       0x08002d5d   Thumb Code    78  inv_mpu.o(.text)
    mpu_get_gyro_sens                        0x08002dab   Thumb Code    58  inv_mpu.o(.text)
    mpu_reset_fifo                           0x08002de5   Thumb Code   450  inv_mpu.o(.text)
    mpu_set_lpf                              0x08003031   Thumb Code   126  inv_mpu.o(.text)
    mpu_configure_fifo                       0x080030af   Thumb Code   106  inv_mpu.o(.text)
    mpu_set_int_latched                      0x08003119   Thumb Code   124  inv_mpu.o(.text)
    mpu_lp_accel_mode                        0x08003195   Thumb Code   218  inv_mpu.o(.text)
    mpu_set_sample_rate                      0x0800326f   Thumb Code   152  inv_mpu.o(.text)
    mpu_set_bypass                           0x08003307   Thumb Code   328  inv_mpu.o(.text)
    mpu_set_dmp_state                        0x0800344f   Thumb Code   138  inv_mpu.o(.text)
    mpu_set_sensors                          0x080034d9   Thumb Code   208  inv_mpu.o(.text)
    mpu_set_accel_fsr                        0x080035a9   Thumb Code   126  inv_mpu.o(.text)
    mpu_set_gyro_fsr                         0x08003627   Thumb Code   132  inv_mpu.o(.text)
    mpu_get_fifo_config                      0x08003d71   Thumb Code    12  inv_mpu.o(.text)
    mpu_get_sample_rate                      0x08003d7d   Thumb Code    26  inv_mpu.o(.text)
    mpu_get_lpf                              0x08003d97   Thumb Code    74  inv_mpu.o(.text)
    mpu_get_accel_fsr                        0x08003de1   Thumb Code    72  inv_mpu.o(.text)
    mpu_get_gyro_fsr                         0x08003e29   Thumb Code    64  inv_mpu.o(.text)
    mpu_run_self_test                        0x08003e69   Thumb Code   278  inv_mpu.o(.text)
    run_self_test                            0x08003f7f   Thumb Code   144  inv_mpu.o(.text)
    inv_row_2_scale                          0x0800400f   Thumb Code    78  inv_mpu.o(.text)
    inv_orientation_matrix_to_scalar         0x0800405d   Thumb Code    40  inv_mpu.o(.text)
    get_ms                                   0x08004085   Thumb Code     2  inv_mpu.o(.text)
    mpu_reg_dump                             0x08004087   Thumb Code    72  inv_mpu.o(.text)
    mpu_read_reg                             0x080040cf   Thumb Code    66  inv_mpu.o(.text)
    mpu_init                                 0x08004111   Thumb Code   400  inv_mpu.o(.text)
    mpu_get_gyro_reg                         0x080042a1   Thumb Code   110  inv_mpu.o(.text)
    mpu_get_accel_reg                        0x0800430f   Thumb Code   110  inv_mpu.o(.text)
    mpu_get_temperature                      0x0800437d   Thumb Code   150  inv_mpu.o(.text)
    mpu_set_accel_bias                       0x08004413   Thumb Code   390  inv_mpu.o(.text)
    mpu_get_compass_sample_rate              0x08004599   Thumb Code    10  inv_mpu.o(.text)
    mpu_set_compass_sample_rate              0x080045a3   Thumb Code     8  inv_mpu.o(.text)
    mpu_get_power_state                      0x080045ab   Thumb Code    22  inv_mpu.o(.text)
    mpu_get_int_status                       0x080045c1   Thumb Code    64  inv_mpu.o(.text)
    mpu_read_fifo                            0x08004601   Thumb Code   500  inv_mpu.o(.text)
    mpu_read_fifo_stream                     0x080047f5   Thumb Code   186  inv_mpu.o(.text)
    mpu_set_int_level                        0x080048af   Thumb Code    12  inv_mpu.o(.text)
    mpu_write_mem                            0x080048bb   Thumb Code   122  inv_mpu.o(.text)
    mpu_read_mem                             0x08004935   Thumb Code   128  inv_mpu.o(.text)
    mpu_load_firmware                        0x080049b5   Thumb Code   180  inv_mpu.o(.text)
    mpu_get_dmp_state                        0x08004a69   Thumb Code    14  inv_mpu.o(.text)
    mpu_get_compass_reg                      0x08004a77   Thumb Code     8  inv_mpu.o(.text)
    mpu_get_compass_fsr                      0x08004a7f   Thumb Code     8  inv_mpu.o(.text)
    mpu_lp_motion_interrupt                  0x08004a87   Thumb Code   512  inv_mpu.o(.text)
    dmp_load_motion_driver_firmware          0x08004c8d   Thumb Code    20  inv_mpu_dmp_motion_driver.o(.text)
    dmp_set_orientation                      0x08004ca1   Thumb Code   290  inv_mpu_dmp_motion_driver.o(.text)
    dmp_set_gyro_bias                        0x08004dc3   Thumb Code   294  inv_mpu_dmp_motion_driver.o(.text)
    dmp_set_accel_bias                       0x08004ee9   Thumb Code   300  inv_mpu_dmp_motion_driver.o(.text)
    dmp_set_fifo_rate                        0x08005015   Thumb Code   136  inv_mpu_dmp_motion_driver.o(.text)
    dmp_get_fifo_rate                        0x0800509d   Thumb Code    12  inv_mpu_dmp_motion_driver.o(.text)
    dmp_set_tap_thresh                       0x080050a9   Thumb Code   396  inv_mpu_dmp_motion_driver.o(.text)
    dmp_set_tap_axes                         0x08005235   Thumb Code    70  inv_mpu_dmp_motion_driver.o(.text)
    dmp_set_tap_count                        0x0800527b   Thumb Code    38  inv_mpu_dmp_motion_driver.o(.text)
    dmp_set_tap_time                         0x080052a1   Thumb Code    38  inv_mpu_dmp_motion_driver.o(.text)
    dmp_set_tap_time_multi                   0x080052c7   Thumb Code    38  inv_mpu_dmp_motion_driver.o(.text)
    dmp_set_shake_reject_thresh              0x080052ed   Thumb Code    56  inv_mpu_dmp_motion_driver.o(.text)
    dmp_set_shake_reject_time                0x08005325   Thumb Code    38  inv_mpu_dmp_motion_driver.o(.text)
    dmp_set_shake_reject_timeout             0x0800534b   Thumb Code    38  inv_mpu_dmp_motion_driver.o(.text)
    dmp_get_pedometer_step_count             0x08005371   Thumb Code    66  inv_mpu_dmp_motion_driver.o(.text)
    dmp_set_pedometer_step_count             0x080053b3   Thumb Code    42  inv_mpu_dmp_motion_driver.o(.text)
    dmp_get_pedometer_walk_time              0x080053dd   Thumb Code    72  inv_mpu_dmp_motion_driver.o(.text)
    dmp_set_pedometer_walk_time              0x08005425   Thumb Code    48  inv_mpu_dmp_motion_driver.o(.text)
    dmp_enable_6x_lp_quat                    0x08005455   Thumb Code    84  inv_mpu_dmp_motion_driver.o(.text)
    dmp_enable_lp_quat                       0x080054a9   Thumb Code    60  inv_mpu_dmp_motion_driver.o(.text)
    dmp_enable_gyro_cal                      0x080054e5   Thumb Code    62  inv_mpu_dmp_motion_driver.o(.text)
    dmp_enable_feature                       0x08005523   Thumb Code   530  inv_mpu_dmp_motion_driver.o(.text)
    dmp_get_enabled_features                 0x08005735   Thumb Code    12  inv_mpu_dmp_motion_driver.o(.text)
    dmp_set_interrupt_mode                   0x0800579f   Thumb Code    66  inv_mpu_dmp_motion_driver.o(.text)
    dmp_read_fifo                            0x080057e1   Thumb Code   512  inv_mpu_dmp_motion_driver.o(.text)
    dmp_register_tap_cb                      0x080059e1   Thumb Code    10  inv_mpu_dmp_motion_driver.o(.text)
    dmp_register_android_orient_cb           0x080059eb   Thumb Code    10  inv_mpu_dmp_motion_driver.o(.text)
    Imu_motion_read                          0x080059f9   Thumb Code   984  imu_motion.o(.text)
    Imu_motion_timer                         0x08005dd1   Thumb Code   100  imu_motion.o(.text)
    delay_init                               0x08005e35   Thumb Code    50  delay.o(.text)
    delay_us                                 0x08005e67   Thumb Code    70  delay.o(.text)
    delay_ms                                 0x08005ead   Thumb Code    70  delay.o(.text)
    NVIC_Configuration                       0x08005f05   Thumb Code    12  sys.o(.text)
    System_variable_init                     0x08005f11   Thumb Code    26  sys.o(.text)
    SysInit                                  0x08005f2b   Thumb Code   752  sys.o(.text)
    Syterm_master_nrf_tx_handle              0x0800621b   Thumb Code   142  sys.o(.text)
    Syterm_master_nrf_rx_handle              0x080062a9   Thumb Code   922  sys.o(.text)
    System_nrf_tx_timer                      0x08006643   Thumb Code    30  sys.o(.text)
    System_nrf_rx_timer                      0x08006661   Thumb Code    30  sys.o(.text)
    System_fault_clear_timer                 0x0800667f   Thumb Code    44  sys.o(.text)
    System_fault_clear_handle                0x080066ab   Thumb Code    20  sys.o(.text)
    System_fault_check_timer                 0x080066bf   Thumb Code    30  sys.o(.text)
    System_fault_check_handle                0x080066dd   Thumb Code   126  sys.o(.text)
    Reset_Handler                            0x080067a9   Thumb Code     8  startup_stm32f10x_hd.o(.text)
    ADC1_2_IRQHandler                        0x080067c3   Thumb Code     0  startup_stm32f10x_hd.o(.text)
    ADC3_IRQHandler                          0x080067c3   Thumb Code     0  startup_stm32f10x_hd.o(.text)
    CAN1_RX1_IRQHandler                      0x080067c3   Thumb Code     0  startup_stm32f10x_hd.o(.text)
    CAN1_SCE_IRQHandler                      0x080067c3   Thumb Code     0  startup_stm32f10x_hd.o(.text)
    DMA1_Channel1_IRQHandler                 0x080067c3   Thumb Code     0  startup_stm32f10x_hd.o(.text)
    DMA1_Channel2_IRQHandler                 0x080067c3   Thumb Code     0  startup_stm32f10x_hd.o(.text)
    DMA1_Channel3_IRQHandler                 0x080067c3   Thumb Code     0  startup_stm32f10x_hd.o(.text)
    DMA1_Channel4_IRQHandler                 0x080067c3   Thumb Code     0  startup_stm32f10x_hd.o(.text)
    DMA1_Channel5_IRQHandler                 0x080067c3   Thumb Code     0  startup_stm32f10x_hd.o(.text)
    DMA1_Channel6_IRQHandler                 0x080067c3   Thumb Code     0  startup_stm32f10x_hd.o(.text)
    DMA1_Channel7_IRQHandler                 0x080067c3   Thumb Code     0  startup_stm32f10x_hd.o(.text)
    DMA2_Channel1_IRQHandler                 0x080067c3   Thumb Code     0  startup_stm32f10x_hd.o(.text)
    DMA2_Channel2_IRQHandler                 0x080067c3   Thumb Code     0  startup_stm32f10x_hd.o(.text)
    DMA2_Channel3_IRQHandler                 0x080067c3   Thumb Code     0  startup_stm32f10x_hd.o(.text)
    DMA2_Channel4_5_IRQHandler               0x080067c3   Thumb Code     0  startup_stm32f10x_hd.o(.text)
    EXTI0_IRQHandler                         0x080067c3   Thumb Code     0  startup_stm32f10x_hd.o(.text)
    EXTI15_10_IRQHandler                     0x080067c3   Thumb Code     0  startup_stm32f10x_hd.o(.text)
    EXTI1_IRQHandler                         0x080067c3   Thumb Code     0  startup_stm32f10x_hd.o(.text)
    EXTI2_IRQHandler                         0x080067c3   Thumb Code     0  startup_stm32f10x_hd.o(.text)
    EXTI3_IRQHandler                         0x080067c3   Thumb Code     0  startup_stm32f10x_hd.o(.text)
    EXTI4_IRQHandler                         0x080067c3   Thumb Code     0  startup_stm32f10x_hd.o(.text)
    FLASH_IRQHandler                         0x080067c3   Thumb Code     0  startup_stm32f10x_hd.o(.text)
    FSMC_IRQHandler                          0x080067c3   Thumb Code     0  startup_stm32f10x_hd.o(.text)
    I2C1_ER_IRQHandler                       0x080067c3   Thumb Code     0  startup_stm32f10x_hd.o(.text)
    I2C1_EV_IRQHandler                       0x080067c3   Thumb Code     0  startup_stm32f10x_hd.o(.text)
    I2C2_ER_IRQHandler                       0x080067c3   Thumb Code     0  startup_stm32f10x_hd.o(.text)
    I2C2_EV_IRQHandler                       0x080067c3   Thumb Code     0  startup_stm32f10x_hd.o(.text)
    PVD_IRQHandler                           0x080067c3   Thumb Code     0  startup_stm32f10x_hd.o(.text)
    RCC_IRQHandler                           0x080067c3   Thumb Code     0  startup_stm32f10x_hd.o(.text)
    RTCAlarm_IRQHandler                      0x080067c3   Thumb Code     0  startup_stm32f10x_hd.o(.text)
    RTC_IRQHandler                           0x080067c3   Thumb Code     0  startup_stm32f10x_hd.o(.text)
    SDIO_IRQHandler                          0x080067c3   Thumb Code     0  startup_stm32f10x_hd.o(.text)
    SPI1_IRQHandler                          0x080067c3   Thumb Code     0  startup_stm32f10x_hd.o(.text)
    SPI2_IRQHandler                          0x080067c3   Thumb Code     0  startup_stm32f10x_hd.o(.text)
    SPI3_IRQHandler                          0x080067c3   Thumb Code     0  startup_stm32f10x_hd.o(.text)
    TAMPER_IRQHandler                        0x080067c3   Thumb Code     0  startup_stm32f10x_hd.o(.text)
    TIM1_BRK_IRQHandler                      0x080067c3   Thumb Code     0  startup_stm32f10x_hd.o(.text)
    TIM1_CC_IRQHandler                       0x080067c3   Thumb Code     0  startup_stm32f10x_hd.o(.text)
    TIM1_TRG_COM_IRQHandler                  0x080067c3   Thumb Code     0  startup_stm32f10x_hd.o(.text)
    TIM1_UP_IRQHandler                       0x080067c3   Thumb Code     0  startup_stm32f10x_hd.o(.text)
    TIM3_IRQHandler                          0x080067c3   Thumb Code     0  startup_stm32f10x_hd.o(.text)
    TIM5_IRQHandler                          0x080067c3   Thumb Code     0  startup_stm32f10x_hd.o(.text)
    TIM6_IRQHandler                          0x080067c3   Thumb Code     0  startup_stm32f10x_hd.o(.text)
    TIM7_IRQHandler                          0x080067c3   Thumb Code     0  startup_stm32f10x_hd.o(.text)
    TIM8_BRK_IRQHandler                      0x080067c3   Thumb Code     0  startup_stm32f10x_hd.o(.text)
    TIM8_CC_IRQHandler                       0x080067c3   Thumb Code     0  startup_stm32f10x_hd.o(.text)
    TIM8_TRG_COM_IRQHandler                  0x080067c3   Thumb Code     0  startup_stm32f10x_hd.o(.text)
    TIM8_UP_IRQHandler                       0x080067c3   Thumb Code     0  startup_stm32f10x_hd.o(.text)
    UART4_IRQHandler                         0x080067c3   Thumb Code     0  startup_stm32f10x_hd.o(.text)
    UART5_IRQHandler                         0x080067c3   Thumb Code     0  startup_stm32f10x_hd.o(.text)
    USART1_IRQHandler                        0x080067c3   Thumb Code     0  startup_stm32f10x_hd.o(.text)
    USART2_IRQHandler                        0x080067c3   Thumb Code     0  startup_stm32f10x_hd.o(.text)
    USART3_IRQHandler                        0x080067c3   Thumb Code     0  startup_stm32f10x_hd.o(.text)
    USBWakeUp_IRQHandler                     0x080067c3   Thumb Code     0  startup_stm32f10x_hd.o(.text)
    USB_HP_CAN1_TX_IRQHandler                0x080067c3   Thumb Code     0  startup_stm32f10x_hd.o(.text)
    USB_LP_CAN1_RX0_IRQHandler               0x080067c3   Thumb Code     0  startup_stm32f10x_hd.o(.text)
    WWDG_IRQHandler                          0x080067c3   Thumb Code     0  startup_stm32f10x_hd.o(.text)
    __user_initial_stackheap                 0x080067c5   Thumb Code     0  startup_stm32f10x_hd.o(.text)
    NVIC_PriorityGroupConfig                 0x080067e9   Thumb Code    10  misc.o(.text)
    NVIC_Init                                0x080067f3   Thumb Code   102  misc.o(.text)
    NVIC_SetVectorTable                      0x08006859   Thumb Code    14  misc.o(.text)
    NVIC_SystemLPConfig                      0x08006867   Thumb Code    34  misc.o(.text)
    SysTick_CLKSourceConfig                  0x08006889   Thumb Code    40  misc.o(.text)
    GPIO_DeInit                              0x080068c5   Thumb Code   172  stm32f10x_gpio.o(.text)
    GPIO_AFIODeInit                          0x08006971   Thumb Code    20  stm32f10x_gpio.o(.text)
    GPIO_Init                                0x08006985   Thumb Code   274  stm32f10x_gpio.o(.text)
    GPIO_StructInit                          0x08006a97   Thumb Code    16  stm32f10x_gpio.o(.text)
    GPIO_ReadInputDataBit                    0x08006aa7   Thumb Code    18  stm32f10x_gpio.o(.text)
    GPIO_ReadInputData                       0x08006ab9   Thumb Code     8  stm32f10x_gpio.o(.text)
    GPIO_ReadOutputDataBit                   0x08006ac1   Thumb Code    18  stm32f10x_gpio.o(.text)
    GPIO_ReadOutputData                      0x08006ad3   Thumb Code     8  stm32f10x_gpio.o(.text)
    GPIO_SetBits                             0x08006adb   Thumb Code     4  stm32f10x_gpio.o(.text)
    GPIO_ResetBits                           0x08006adf   Thumb Code     4  stm32f10x_gpio.o(.text)
    GPIO_WriteBit                            0x08006ae3   Thumb Code    10  stm32f10x_gpio.o(.text)
    GPIO_Write                               0x08006aed   Thumb Code     4  stm32f10x_gpio.o(.text)
    GPIO_PinLockConfig                       0x08006af1   Thumb Code    18  stm32f10x_gpio.o(.text)
    GPIO_EventOutputConfig                   0x08006b03   Thumb Code    26  stm32f10x_gpio.o(.text)
    GPIO_EventOutputCmd                      0x08006b1d   Thumb Code     6  stm32f10x_gpio.o(.text)
    GPIO_PinRemapConfig                      0x08006b23   Thumb Code   138  stm32f10x_gpio.o(.text)
    GPIO_EXTILineConfig                      0x08006bad   Thumb Code    66  stm32f10x_gpio.o(.text)
    GPIO_ETH_MediaInterfaceConfig            0x08006bef   Thumb Code     6  stm32f10x_gpio.o(.text)
    RCC_DeInit                               0x08006c1d   Thumb Code    64  stm32f10x_rcc.o(.text)
    RCC_HSEConfig                            0x08006c5d   Thumb Code    70  stm32f10x_rcc.o(.text)
    RCC_GetFlagStatus                        0x08006ca3   Thumb Code    56  stm32f10x_rcc.o(.text)
    RCC_WaitForHSEStartUp                    0x08006cdb   Thumb Code    56  stm32f10x_rcc.o(.text)
    RCC_AdjustHSICalibrationValue            0x08006d13   Thumb Code    20  stm32f10x_rcc.o(.text)
    RCC_HSICmd                               0x08006d27   Thumb Code     6  stm32f10x_rcc.o(.text)
    RCC_PLLConfig                            0x08006d2d   Thumb Code    24  stm32f10x_rcc.o(.text)
    RCC_PLLCmd                               0x08006d45   Thumb Code     6  stm32f10x_rcc.o(.text)
    RCC_SYSCLKConfig                         0x08006d4b   Thumb Code    18  stm32f10x_rcc.o(.text)
    RCC_GetSYSCLKSource                      0x08006d5d   Thumb Code    10  stm32f10x_rcc.o(.text)
    RCC_HCLKConfig                           0x08006d67   Thumb Code    18  stm32f10x_rcc.o(.text)
    RCC_PCLK1Config                          0x08006d79   Thumb Code    18  stm32f10x_rcc.o(.text)
    RCC_PCLK2Config                          0x08006d8b   Thumb Code    20  stm32f10x_rcc.o(.text)
    RCC_ITConfig                             0x08006d9f   Thumb Code    26  stm32f10x_rcc.o(.text)
    RCC_USBCLKConfig                         0x08006db9   Thumb Code     6  stm32f10x_rcc.o(.text)
    RCC_ADCCLKConfig                         0x08006dbf   Thumb Code    18  stm32f10x_rcc.o(.text)
    RCC_LSEConfig                            0x08006dd1   Thumb Code    44  stm32f10x_rcc.o(.text)
    RCC_LSICmd                               0x08006dfd   Thumb Code     6  stm32f10x_rcc.o(.text)
    RCC_RTCCLKConfig                         0x08006e03   Thumb Code    12  stm32f10x_rcc.o(.text)
    RCC_RTCCLKCmd                            0x08006e0f   Thumb Code     8  stm32f10x_rcc.o(.text)
    RCC_GetClocksFreq                        0x08006e17   Thumb Code   192  stm32f10x_rcc.o(.text)
    RCC_AHBPeriphClockCmd                    0x08006ed7   Thumb Code    26  stm32f10x_rcc.o(.text)
    RCC_APB2PeriphClockCmd                   0x08006ef1   Thumb Code    26  stm32f10x_rcc.o(.text)
    RCC_APB1PeriphClockCmd                   0x08006f0b   Thumb Code    26  stm32f10x_rcc.o(.text)
    RCC_APB2PeriphResetCmd                   0x08006f25   Thumb Code    26  stm32f10x_rcc.o(.text)
    RCC_APB1PeriphResetCmd                   0x08006f3f   Thumb Code    26  stm32f10x_rcc.o(.text)
    RCC_BackupResetCmd                       0x08006f59   Thumb Code     8  stm32f10x_rcc.o(.text)
    RCC_ClockSecuritySystemCmd               0x08006f61   Thumb Code     6  stm32f10x_rcc.o(.text)
    RCC_MCOConfig                            0x08006f67   Thumb Code     6  stm32f10x_rcc.o(.text)
    RCC_ClearFlag                            0x08006f6d   Thumb Code    14  stm32f10x_rcc.o(.text)
    RCC_GetITStatus                          0x08006f7b   Thumb Code    20  stm32f10x_rcc.o(.text)
    RCC_ClearITPendingBit                    0x08006f8f   Thumb Code     6  stm32f10x_rcc.o(.text)
    TIM_DeInit                               0x08006fc1   Thumb Code   424  stm32f10x_tim.o(.text)
    TIM_TimeBaseInit                         0x08007169   Thumb Code   122  stm32f10x_tim.o(.text)
    TIM_OC1Init                              0x080071e3   Thumb Code   132  stm32f10x_tim.o(.text)
    TIM_OC2Init                              0x08007267   Thumb Code   154  stm32f10x_tim.o(.text)
    TIM_OC3Init                              0x08007301   Thumb Code   150  stm32f10x_tim.o(.text)
    TIM_OC4Init                              0x08007397   Thumb Code   182  stm32f10x_tim.o(.text)
    TIM_SetIC4Prescaler                      0x0800744d   Thumb Code    26  stm32f10x_tim.o(.text)
    TIM_SetIC3Prescaler                      0x080074e9   Thumb Code    18  stm32f10x_tim.o(.text)
    TIM_SetIC2Prescaler                      0x08007575   Thumb Code    26  stm32f10x_tim.o(.text)
    TIM_SetIC1Prescaler                      0x08007611   Thumb Code    18  stm32f10x_tim.o(.text)
    TIM_ICInit                               0x0800768f   Thumb Code   150  stm32f10x_tim.o(.text)
    TIM_PWMIConfig                           0x08007725   Thumb Code   124  stm32f10x_tim.o(.text)
    TIM_BDTRConfig                           0x080077a1   Thumb Code    32  stm32f10x_tim.o(.text)
    TIM_TimeBaseStructInit                   0x080077c1   Thumb Code    18  stm32f10x_tim.o(.text)
    TIM_OCStructInit                         0x080077d3   Thumb Code    20  stm32f10x_tim.o(.text)
    TIM_ICStructInit                         0x080077e7   Thumb Code    18  stm32f10x_tim.o(.text)
    TIM_BDTRStructInit                       0x080077f9   Thumb Code    40  stm32f10x_tim.o(.text)
    TIM_Cmd                                  0x08007821   Thumb Code    24  stm32f10x_tim.o(.text)
    TIM_CtrlPWMOutputs                       0x08007839   Thumb Code    30  stm32f10x_tim.o(.text)
    TIM_ITConfig                             0x08007857   Thumb Code    18  stm32f10x_tim.o(.text)
    TIM_GenerateEvent                        0x08007869   Thumb Code     4  stm32f10x_tim.o(.text)
    TIM_DMAConfig                            0x0800786d   Thumb Code    10  stm32f10x_tim.o(.text)
    TIM_DMACmd                               0x08007877   Thumb Code    18  stm32f10x_tim.o(.text)
    TIM_InternalClockConfig                  0x08007889   Thumb Code    12  stm32f10x_tim.o(.text)
    TIM_SelectInputTrigger                   0x08007895   Thumb Code    18  stm32f10x_tim.o(.text)
    TIM_ITRxExternalClockConfig              0x080078a7   Thumb Code    24  stm32f10x_tim.o(.text)
    TIM_TIxExternalClockConfig               0x080078bf   Thumb Code    62  stm32f10x_tim.o(.text)
    TIM_ETRConfig                            0x080078fd   Thumb Code    28  stm32f10x_tim.o(.text)
    TIM_ETRClockMode1Config                  0x08007919   Thumb Code    54  stm32f10x_tim.o(.text)
    TIM_ETRClockMode2Config                  0x0800794f   Thumb Code    32  stm32f10x_tim.o(.text)
    TIM_PrescalerConfig                      0x0800796f   Thumb Code     6  stm32f10x_tim.o(.text)
    TIM_CounterModeConfig                    0x08007975   Thumb Code    18  stm32f10x_tim.o(.text)
    TIM_EncoderInterfaceConfig               0x08007987   Thumb Code    66  stm32f10x_tim.o(.text)
    TIM_ForcedOC1Config                      0x080079c9   Thumb Code    18  stm32f10x_tim.o(.text)
    TIM_ForcedOC2Config                      0x080079db   Thumb Code    26  stm32f10x_tim.o(.text)
    TIM_ForcedOC3Config                      0x080079f5   Thumb Code    18  stm32f10x_tim.o(.text)
    TIM_ForcedOC4Config                      0x08007a07   Thumb Code    26  stm32f10x_tim.o(.text)
    TIM_ARRPreloadConfig                     0x08007a21   Thumb Code    24  stm32f10x_tim.o(.text)
    TIM_SelectCOM                            0x08007a39   Thumb Code    24  stm32f10x_tim.o(.text)
    TIM_SelectCCDMA                          0x08007a51   Thumb Code    24  stm32f10x_tim.o(.text)
    TIM_CCPreloadControl                     0x08007a69   Thumb Code    24  stm32f10x_tim.o(.text)
    TIM_OC1PreloadConfig                     0x08007a81   Thumb Code    18  stm32f10x_tim.o(.text)
    TIM_OC2PreloadConfig                     0x08007a93   Thumb Code    26  stm32f10x_tim.o(.text)
    TIM_OC3PreloadConfig                     0x08007aad   Thumb Code    18  stm32f10x_tim.o(.text)
    TIM_OC4PreloadConfig                     0x08007abf   Thumb Code    26  stm32f10x_tim.o(.text)
    TIM_OC1FastConfig                        0x08007ad9   Thumb Code    18  stm32f10x_tim.o(.text)
    TIM_OC2FastConfig                        0x08007aeb   Thumb Code    26  stm32f10x_tim.o(.text)
    TIM_OC3FastConfig                        0x08007b05   Thumb Code    18  stm32f10x_tim.o(.text)
    TIM_OC4FastConfig                        0x08007b17   Thumb Code    26  stm32f10x_tim.o(.text)
    TIM_ClearOC1Ref                          0x08007b31   Thumb Code    18  stm32f10x_tim.o(.text)
    TIM_ClearOC2Ref                          0x08007b43   Thumb Code    24  stm32f10x_tim.o(.text)
    TIM_ClearOC3Ref                          0x08007b5b   Thumb Code    18  stm32f10x_tim.o(.text)
    TIM_ClearOC4Ref                          0x08007b6d   Thumb Code    24  stm32f10x_tim.o(.text)
    TIM_OC1PolarityConfig                    0x08007b85   Thumb Code    18  stm32f10x_tim.o(.text)
    TIM_OC1NPolarityConfig                   0x08007b97   Thumb Code    18  stm32f10x_tim.o(.text)
    TIM_OC2PolarityConfig                    0x08007ba9   Thumb Code    26  stm32f10x_tim.o(.text)
    TIM_OC2NPolarityConfig                   0x08007bc3   Thumb Code    26  stm32f10x_tim.o(.text)
    TIM_OC3PolarityConfig                    0x08007bdd   Thumb Code    26  stm32f10x_tim.o(.text)
    TIM_OC3NPolarityConfig                   0x08007bf7   Thumb Code    26  stm32f10x_tim.o(.text)
    TIM_OC4PolarityConfig                    0x08007c11   Thumb Code    26  stm32f10x_tim.o(.text)
    TIM_CCxCmd                               0x08007c2b   Thumb Code    30  stm32f10x_tim.o(.text)
    TIM_CCxNCmd                              0x08007c49   Thumb Code    30  stm32f10x_tim.o(.text)
    TIM_SelectOCxM                           0x08007c67   Thumb Code    82  stm32f10x_tim.o(.text)
    TIM_UpdateDisableConfig                  0x08007cb9   Thumb Code    24  stm32f10x_tim.o(.text)
    TIM_UpdateRequestConfig                  0x08007cd1   Thumb Code    24  stm32f10x_tim.o(.text)
    TIM_SelectHallSensor                     0x08007ce9   Thumb Code    24  stm32f10x_tim.o(.text)
    TIM_SelectOnePulseMode                   0x08007d01   Thumb Code    18  stm32f10x_tim.o(.text)
    TIM_SelectOutputTrigger                  0x08007d13   Thumb Code    18  stm32f10x_tim.o(.text)
    TIM_SelectSlaveMode                      0x08007d25   Thumb Code    18  stm32f10x_tim.o(.text)
    TIM_SelectMasterSlaveMode                0x08007d37   Thumb Code    18  stm32f10x_tim.o(.text)
    TIM_SetCounter                           0x08007d49   Thumb Code     4  stm32f10x_tim.o(.text)
    TIM_SetAutoreload                        0x08007d4d   Thumb Code     4  stm32f10x_tim.o(.text)
    TIM_SetCompare1                          0x08007d51   Thumb Code     4  stm32f10x_tim.o(.text)
    TIM_SetCompare2                          0x08007d55   Thumb Code     4  stm32f10x_tim.o(.text)
    TIM_SetCompare3                          0x08007d59   Thumb Code     4  stm32f10x_tim.o(.text)
    TIM_SetCompare4                          0x08007d5d   Thumb Code     6  stm32f10x_tim.o(.text)
    TIM_SetClockDivision                     0x08007d63   Thumb Code    18  stm32f10x_tim.o(.text)
    TIM_GetCapture1                          0x08007d75   Thumb Code     6  stm32f10x_tim.o(.text)
    TIM_GetCapture2                          0x08007d7b   Thumb Code     6  stm32f10x_tim.o(.text)
    TIM_GetCapture3                          0x08007d81   Thumb Code     6  stm32f10x_tim.o(.text)
    TIM_GetCapture4                          0x08007d87   Thumb Code     8  stm32f10x_tim.o(.text)
    TIM_GetCounter                           0x08007d8f   Thumb Code     6  stm32f10x_tim.o(.text)
    TIM_GetPrescaler                         0x08007d95   Thumb Code     6  stm32f10x_tim.o(.text)
    TIM_GetFlagStatus                        0x08007d9b   Thumb Code    18  stm32f10x_tim.o(.text)
    TIM_ClearFlag                            0x08007dad   Thumb Code     6  stm32f10x_tim.o(.text)
    TIM_GetITStatus                          0x08007db3   Thumb Code    34  stm32f10x_tim.o(.text)
    TIM_ClearITPendingBit                    0x08007dd5   Thumb Code     6  stm32f10x_tim.o(.text)
    ADC_DeInit                               0x08007ddd   Thumb Code    78  stm32f10x_adc.o(.text)
    ADC_Init                                 0x08007e2b   Thumb Code    70  stm32f10x_adc.o(.text)
    ADC_StructInit                           0x08007e71   Thumb Code    18  stm32f10x_adc.o(.text)
    ADC_Cmd                                  0x08007e83   Thumb Code    22  stm32f10x_adc.o(.text)
    ADC_DMACmd                               0x08007e99   Thumb Code    22  stm32f10x_adc.o(.text)
    ADC_ITConfig                             0x08007eaf   Thumb Code    24  stm32f10x_adc.o(.text)
    ADC_ResetCalibration                     0x08007ec7   Thumb Code    10  stm32f10x_adc.o(.text)
    ADC_GetResetCalibrationStatus            0x08007ed1   Thumb Code    20  stm32f10x_adc.o(.text)
    ADC_StartCalibration                     0x08007ee5   Thumb Code    10  stm32f10x_adc.o(.text)
    ADC_GetCalibrationStatus                 0x08007eef   Thumb Code    20  stm32f10x_adc.o(.text)
    ADC_SoftwareStartConvCmd                 0x08007f03   Thumb Code    22  stm32f10x_adc.o(.text)
    ADC_GetSoftwareStartConvStatus           0x08007f19   Thumb Code    20  stm32f10x_adc.o(.text)
    ADC_DiscModeChannelCountConfig           0x08007f2d   Thumb Code    24  stm32f10x_adc.o(.text)
    ADC_DiscModeCmd                          0x08007f45   Thumb Code    22  stm32f10x_adc.o(.text)
    ADC_RegularChannelConfig                 0x08007f5b   Thumb Code   184  stm32f10x_adc.o(.text)
    ADC_ExternalTrigConvCmd                  0x08008013   Thumb Code    22  stm32f10x_adc.o(.text)
    ADC_GetConversionValue                   0x08008029   Thumb Code     8  stm32f10x_adc.o(.text)
    ADC_GetDualModeConversionValue           0x08008031   Thumb Code     8  stm32f10x_adc.o(.text)
    ADC_AutoInjectedConvCmd                  0x08008039   Thumb Code    22  stm32f10x_adc.o(.text)
    ADC_InjectedDiscModeCmd                  0x0800804f   Thumb Code    22  stm32f10x_adc.o(.text)
    ADC_ExternalTrigInjectedConvConfig       0x08008065   Thumb Code    16  stm32f10x_adc.o(.text)
    ADC_ExternalTrigInjectedConvCmd          0x08008075   Thumb Code    22  stm32f10x_adc.o(.text)
    ADC_SoftwareStartInjectedConvCmd         0x0800808b   Thumb Code    22  stm32f10x_adc.o(.text)
    ADC_GetSoftwareStartInjectedConvCmdStatus 0x080080a1   Thumb Code    20  stm32f10x_adc.o(.text)
    ADC_InjectedChannelConfig                0x080080b5   Thumb Code   130  stm32f10x_adc.o(.text)
    ADC_InjectedSequencerLengthConfig        0x08008137   Thumb Code    24  stm32f10x_adc.o(.text)
    ADC_SetInjectedOffset                    0x0800814f   Thumb Code    20  stm32f10x_adc.o(.text)
    ADC_GetInjectedConversionValue           0x08008163   Thumb Code    28  stm32f10x_adc.o(.text)
    ADC_AnalogWatchdogCmd                    0x0800817f   Thumb Code    16  stm32f10x_adc.o(.text)
    ADC_AnalogWatchdogThresholdsConfig       0x0800818f   Thumb Code     6  stm32f10x_adc.o(.text)
    ADC_AnalogWatchdogSingleChannelConfig    0x08008195   Thumb Code    16  stm32f10x_adc.o(.text)
    ADC_TempSensorVrefintCmd                 0x080081a5   Thumb Code    64  stm32f10x_adc.o(.text)
    ADC_GetFlagStatus                        0x080081e5   Thumb Code    18  stm32f10x_adc.o(.text)
    ADC_ClearFlag                            0x080081f7   Thumb Code     6  stm32f10x_adc.o(.text)
    ADC_GetITStatus                          0x080081fd   Thumb Code    36  stm32f10x_adc.o(.text)
    ADC_ClearITPendingBit                    0x08008221   Thumb Code    10  stm32f10x_adc.o(.text)
    EXTI_DeInit                              0x0800822d   Thumb Code    28  stm32f10x_exti.o(.text)
    EXTI_Init                                0x08008249   Thumb Code   142  stm32f10x_exti.o(.text)
    EXTI_StructInit                          0x080082d7   Thumb Code    16  stm32f10x_exti.o(.text)
    EXTI_GenerateSWInterrupt                 0x080082e7   Thumb Code    16  stm32f10x_exti.o(.text)
    EXTI_GetFlagStatus                       0x080082f7   Thumb Code    22  stm32f10x_exti.o(.text)
    EXTI_ClearFlag                           0x0800830d   Thumb Code     8  stm32f10x_exti.o(.text)
    EXTI_GetITStatus                         0x08008315   Thumb Code    34  stm32f10x_exti.o(.text)
    EXTI_ClearITPendingBit                   0x08008337   Thumb Code     8  stm32f10x_exti.o(.text)
    SPI_I2S_DeInit                           0x08008349   Thumb Code    76  stm32f10x_spi.o(.text)
    SPI_Init                                 0x08008395   Thumb Code    60  stm32f10x_spi.o(.text)
    I2S_Init                                 0x080083d1   Thumb Code   226  stm32f10x_spi.o(.text)
    SPI_StructInit                           0x080084b3   Thumb Code    24  stm32f10x_spi.o(.text)
    I2S_StructInit                           0x080084cb   Thumb Code    20  stm32f10x_spi.o(.text)
    SPI_Cmd                                  0x080084df   Thumb Code    24  stm32f10x_spi.o(.text)
    I2S_Cmd                                  0x080084f7   Thumb Code    24  stm32f10x_spi.o(.text)
    SPI_I2S_ITConfig                         0x0800850f   Thumb Code    32  stm32f10x_spi.o(.text)
    SPI_I2S_DMACmd                           0x0800852f   Thumb Code    18  stm32f10x_spi.o(.text)
    SPI_I2S_SendData                         0x08008541   Thumb Code     4  stm32f10x_spi.o(.text)
    SPI_I2S_ReceiveData                      0x08008545   Thumb Code     6  stm32f10x_spi.o(.text)
    SPI_NSSInternalSoftwareConfig            0x0800854b   Thumb Code    30  stm32f10x_spi.o(.text)
    SPI_SSOutputCmd                          0x08008569   Thumb Code    24  stm32f10x_spi.o(.text)
    SPI_DataSizeConfig                       0x08008581   Thumb Code    18  stm32f10x_spi.o(.text)
    SPI_TransmitCRC                          0x08008593   Thumb Code    10  stm32f10x_spi.o(.text)
    SPI_CalculateCRC                         0x0800859d   Thumb Code    24  stm32f10x_spi.o(.text)
    SPI_GetCRC                               0x080085b5   Thumb Code    16  stm32f10x_spi.o(.text)
    SPI_GetCRCPolynomial                     0x080085c5   Thumb Code     6  stm32f10x_spi.o(.text)
    SPI_BiDirectionalLineConfig              0x080085cb   Thumb Code    28  stm32f10x_spi.o(.text)
    SPI_I2S_GetFlagStatus                    0x080085e7   Thumb Code    18  stm32f10x_spi.o(.text)
    SPI_I2S_ClearFlag                        0x080085f9   Thumb Code     6  stm32f10x_spi.o(.text)
    SPI_I2S_GetITStatus                      0x080085ff   Thumb Code    52  stm32f10x_spi.o(.text)
    SPI_I2S_ClearITPendingBit                0x08008633   Thumb Code    20  stm32f10x_spi.o(.text)
    DMA_DeInit                               0x08008655   Thumb Code   324  stm32f10x_dma.o(.text)
    DMA_Init                                 0x08008799   Thumb Code    60  stm32f10x_dma.o(.text)
    DMA_StructInit                           0x080087d5   Thumb Code    26  stm32f10x_dma.o(.text)
    DMA_Cmd                                  0x080087ef   Thumb Code    24  stm32f10x_dma.o(.text)
    DMA_ITConfig                             0x08008807   Thumb Code    18  stm32f10x_dma.o(.text)
    DMA_SetCurrDataCounter                   0x08008819   Thumb Code     4  stm32f10x_dma.o(.text)
    DMA_GetCurrDataCounter                   0x0800881d   Thumb Code     8  stm32f10x_dma.o(.text)
    DMA_GetFlagStatus                        0x08008825   Thumb Code    38  stm32f10x_dma.o(.text)
    DMA_ClearFlag                            0x0800884b   Thumb Code    22  stm32f10x_dma.o(.text)
    DMA_GetITStatus                          0x08008861   Thumb Code    38  stm32f10x_dma.o(.text)
    DMA_ClearITPendingBit                    0x08008887   Thumb Code    22  stm32f10x_dma.o(.text)
    __aeabi_ldivmod                          0x080088a5   Thumb Code     0  llsdiv.o(.text)
    _ll_sdiv                                 0x080088a5   Thumb Code    72  llsdiv.o(.text)
    memcmp                                   0x080088ed   Thumb Code    88  memcmp.o(.text)
    __aeabi_memset                           0x08008945   Thumb Code    16  aeabi_memset.o(.text)
    __use_two_region_memory                  0x08008955   Thumb Code     2  heapauxi.o(.text)
    __rt_heap_escrow$2region                 0x08008957   Thumb Code     2  heapauxi.o(.text)
    __rt_heap_expand$2region                 0x08008959   Thumb Code     2  heapauxi.o(.text)
    __aeabi_uldivmod                         0x0800895b   Thumb Code     0  lludivv7m.o(.text)
    _ll_udiv                                 0x0800895b   Thumb Code   238  lludivv7m.o(.text)
    __read_errno                             0x08008a49   Thumb Code    10  _rserrno.o(.text)
    __set_errno                              0x08008a53   Thumb Code    12  _rserrno.o(.text)
    __aeabi_memclr                           0x08008a5f   Thumb Code     0  rt_memclr.o(.text)
    __rt_memclr                              0x08008a5f   Thumb Code    68  rt_memclr.o(.text)
    _memset                                  0x08008a63   Thumb Code     0  rt_memclr.o(.text)
    __aeabi_errno_addr                       0x08008aa5   Thumb Code     8  rt_errno_addr_intlibspace.o(.text)
    __errno$intlibspace                      0x08008aa5   Thumb Code     0  rt_errno_addr_intlibspace.o(.text)
    __rt_errno_addr$intlibspace              0x08008aa5   Thumb Code     0  rt_errno_addr_intlibspace.o(.text)
    __aeabi_memclr4                          0x08008aad   Thumb Code     0  rt_memclr_w.o(.text)
    __aeabi_memclr8                          0x08008aad   Thumb Code     0  rt_memclr_w.o(.text)
    __rt_memclr_w                            0x08008aad   Thumb Code    78  rt_memclr_w.o(.text)
    _memset_w                                0x08008ab1   Thumb Code     0  rt_memclr_w.o(.text)
    __user_libspace                          0x08008afd   Thumb Code     8  libspace.o(.text)
    __user_perproc_libspace                  0x08008afd   Thumb Code     0  libspace.o(.text)
    __user_perthread_libspace                0x08008afd   Thumb Code     0  libspace.o(.text)
    __user_setup_stackheap                   0x08008b05   Thumb Code    74  sys_stackheap_outer.o(.text)
    exit                                     0x08008b4f   Thumb Code    12  exit.o(.text)
    _sys_exit                                0x08008b5d   Thumb Code     8  sys_exit.o(.text)
    __I$use$semihosting                      0x08008b69   Thumb Code     0  use_no_semi.o(.text)
    __use_no_semihosting_swi                 0x08008b69   Thumb Code     2  use_no_semi.o(.text)
    __ARM_fpclassify                         0x08008b6b   Thumb Code    40  fpclassify.o(i.__ARM_fpclassify)
    __semihosting_library_function           0x08008b6b   Thumb Code     0  indicate_semi.o(.text)
    __kernel_poly                            0x08008b93   Thumb Code   170  poly.o(i.__kernel_poly)
    __mathlib_dbl_underflow                  0x08008c3d   Thumb Code    10  dunder.o(i.__mathlib_dbl_underflow)
    asin                                     0x08008c4d   Thumb Code   584  asin.o(i.asin)
    atan                                     0x08008ec9   Thumb Code   478  atan.o(i.atan)
    atan2                                    0x080090ed   Thumb Code   346  atan2.o(i.atan2)
    sqrt                                     0x0800926d   Thumb Code    76  sqrt.o(i.sqrt)
    __aeabi_d2f                              0x080092b9   Thumb Code     0  d2f.o(x$fpl$d2f)
    _d2f                                     0x080092b9   Thumb Code    98  d2f.o(x$fpl$d2f)
    __aeabi_dadd                             0x0800931d   Thumb Code     0  daddsub_clz.o(x$fpl$dadd)
    _dadd                                    0x0800931d   Thumb Code   332  daddsub_clz.o(x$fpl$dadd)
    __fpl_dcheck_NaN1                        0x0800946d   Thumb Code    10  dcheck1.o(x$fpl$dcheck1)
    __aeabi_ddiv                             0x0800947d   Thumb Code     0  ddiv.o(x$fpl$ddiv)
    _ddiv                                    0x0800947d   Thumb Code   552  ddiv.o(x$fpl$ddiv)
    __aeabi_dmul                             0x0800972d   Thumb Code     0  dmul.o(x$fpl$dmul)
    _dmul                                    0x0800972d   Thumb Code   332  dmul.o(x$fpl$dmul)
    __fpl_dnaninf                            0x08009881   Thumb Code   156  dnaninf.o(x$fpl$dnaninf)
    __fpl_dretinf                            0x0800991d   Thumb Code    12  dretinf.o(x$fpl$dretinf)
    __aeabi_drsub                            0x08009929   Thumb Code     0  daddsub_clz.o(x$fpl$drsb)
    _drsb                                    0x08009929   Thumb Code    22  daddsub_clz.o(x$fpl$drsb)
    _dsqrt                                   0x08009941   Thumb Code   456  dsqrt_noumaal.o(x$fpl$dsqrt)
    __aeabi_dsub                             0x08009b0d   Thumb Code     0  daddsub_clz.o(x$fpl$dsub)
    _dsub                                    0x08009b0d   Thumb Code   464  daddsub_clz.o(x$fpl$dsub)
    __aeabi_f2d                              0x08009ce1   Thumb Code     0  f2d.o(x$fpl$f2d)
    _f2d                                     0x08009ce1   Thumb Code    86  f2d.o(x$fpl$f2d)
    __aeabi_fadd                             0x08009d39   Thumb Code     0  faddsub_clz.o(x$fpl$fadd)
    _fadd                                    0x08009d39   Thumb Code   196  faddsub_clz.o(x$fpl$fadd)
    __fpl_fcmp_Inf                           0x08009dfd   Thumb Code    24  fcmpi.o(x$fpl$fcmpinf)
    __aeabi_fdiv                             0x08009e15   Thumb Code     0  fdiv.o(x$fpl$fdiv)
    _fdiv                                    0x08009e15   Thumb Code   384  fdiv.o(x$fpl$fdiv)
    __aeabi_cfcmpeq                          0x08009f99   Thumb Code     0  feqf.o(x$fpl$feqf)
    _fcmpeq                                  0x08009f99   Thumb Code   104  feqf.o(x$fpl$feqf)
    __aeabi_f2iz                             0x0800a001   Thumb Code     0  ffix.o(x$fpl$ffix)
    _ffix                                    0x0800a001   Thumb Code    54  ffix.o(x$fpl$ffix)
    __aeabi_f2uiz                            0x0800a039   Thumb Code     0  ffixu.o(x$fpl$ffixu)
    _ffixu                                   0x0800a039   Thumb Code    62  ffixu.o(x$fpl$ffixu)
    __aeabi_i2f                              0x0800a079   Thumb Code     0  fflt_clz.o(x$fpl$fflt)
    _fflt                                    0x0800a079   Thumb Code    48  fflt_clz.o(x$fpl$fflt)
    __aeabi_ui2f                             0x0800a0a9   Thumb Code     0  fflt_clz.o(x$fpl$ffltu)
    _ffltu                                   0x0800a0a9   Thumb Code    38  fflt_clz.o(x$fpl$ffltu)
    __aeabi_cfcmple                          0x0800a0d1   Thumb Code     0  fleqf.o(x$fpl$fleqf)
    _fcmple                                  0x0800a0d1   Thumb Code   104  fleqf.o(x$fpl$fleqf)
    __fpl_fcmple_InfNaN                      0x0800a123   Thumb Code     0  fleqf.o(x$fpl$fleqf)
    __aeabi_fmul                             0x0800a139   Thumb Code     0  fmul.o(x$fpl$fmul)
    _fmul                                    0x0800a139   Thumb Code   258  fmul.o(x$fpl$fmul)
    __fpl_fnaninf                            0x0800a23b   Thumb Code   140  fnaninf.o(x$fpl$fnaninf)
    __fpl_fretinf                            0x0800a2c7   Thumb Code    10  fretinf.o(x$fpl$fretinf)
    __aeabi_cfrcmple                         0x0800a2d1   Thumb Code     0  frleqf.o(x$fpl$frleqf)
    _frcmple                                 0x0800a2d1   Thumb Code    98  frleqf.o(x$fpl$frleqf)
    __aeabi_frsub                            0x0800a333   Thumb Code     0  faddsub_clz.o(x$fpl$frsb)
    _frsb                                    0x0800a333   Thumb Code    20  faddsub_clz.o(x$fpl$frsb)
    __aeabi_fsub                             0x0800a349   Thumb Code     0  faddsub_clz.o(x$fpl$fsub)
    _fsub                                    0x0800a349   Thumb Code   234  faddsub_clz.o(x$fpl$fsub)
    __fpl_return_NaN                         0x0800a433   Thumb Code   100  retnan.o(x$fpl$retnan)
    __ARM_scalbn                             0x0800a497   Thumb Code    92  scalbn.o(x$fpl$scalbn)
    __fpl_cmpreturn                          0x0800a4f3   Thumb Code    48  trapv.o(x$fpl$trapveneer)
    TX_ADDRESS                               0x0800a522   Data           5  24l01.o(.constdata)
    __I$use$fp                               0x0800a522   Number         0  usenofp.o(x$fpl$usenofp)
    RX_ADDRESS                               0x0800a527   Data           5  24l01.o(.constdata)
    asc2_1206                                0x0800a52c   Data        1140  gui.o(.constdata)
    asc2_1608                                0x0800a9a0   Data        1520  gui.o(.constdata)
    hw                                       0x0800af90   Data          12  inv_mpu.o(.constdata)
    reg                                      0x0800af9c   Data          27  inv_mpu.o(.constdata)
    test                                     0x0800afb8   Data          40  inv_mpu.o(.constdata)
    __mathlib_zero                           0x0800bcc0   Data           8  qnan.o(.constdata)
    Region$$Table$$Base                      0x0800bcc8   Number         0  anon$$obj.o(Region$$Table)
    Region$$Table$$Limit                     0x0800bce8   Number         0  anon$$obj.o(Region$$Table)
    SystemCoreClock                          0x20000000   Data           4  system_stm32f10x.o(.data)
    AHBPrescTable                            0x20000004   Data          16  system_stm32f10x.o(.data)
    System_key_type                          0x20000022   Data           3  key.o(.data)
    Val_ladx                                 0x20000028   Data           2  adc.o(.data)
    Val_lady                                 0x2000002a   Data           2  adc.o(.data)
    Val_radx                                 0x2000002c   Data           2  adc.o(.data)
    Val_rady                                 0x2000002e   Data           2  adc.o(.data)
    Bat_val                                  0x20000030   Data           2  adc.o(.data)
    Photoresistor_val                        0x20000032   Data           2  adc.o(.data)
    Pre_ladx                                 0x20000034   Data           1  adc.o(.data)
    Pre_lady                                 0x20000035   Data           1  adc.o(.data)
    Pre_radx                                 0x20000036   Data           1  adc.o(.data)
    Pre_rady                                 0x20000037   Data           1  adc.o(.data)
    Pre_bat                                  0x20000038   Data           1  adc.o(.data)
    Pre_photoresistor                        0x20000039   Data           1  adc.o(.data)
    Joystick_left_x_axis_val                 0x20000040   Data           1  exti.o(.data)
    Joystick_left_y_axis_val                 0x20000041   Data           1  exti.o(.data)
    Joystick_right_x_axis_val                0x20000042   Data           1  exti.o(.data)
    Joystick_right_y_axis_val                0x20000043   Data           1  exti.o(.data)
    Nrf24l01_rx_handle_flag                  0x20000044   Data           1  exti.o(.data)
    Point_color                              0x20000048   Data           2  lcd_driver.o(.data)
    Back_color                               0x2000004a   Data           2  lcd_driver.o(.data)
    Pitch                                    0x20000080   Data           4  imu_motion.o(.data)
    Roll                                     0x20000084   Data           4  imu_motion.o(.data)
    Yaw                                      0x20000088   Data           4  imu_motion.o(.data)
    System_fault_flag                        0x20000090   Data           1  sys.o(.data)
    bat_val                                  0x200000a4   Data           2  sys.o(.data)
    Adc_converted_value                      0x200000bc   Data          12  adc.o(.bss)
    Nrf24l01_rx_buff                         0x200000c8   Data          33  exti.o(.bss)
    Nrf24l01_tx_buff                         0x200000fc   Data          33  sys.o(.bss)
    System_ini_state                         0x2000011d   Data           9  sys.o(.bss)
    __libspace_start                         0x20000128   Data          96  libspace.o(.bss)
    __temporary_stack_top$libspace           0x20000188   Data           0  libspace.o(.bss)



==============================================================================

Memory Map of the image

  Image Entry point : 0x08000131

  Load Region LR_IROM1 (Base: 0x08000000, Size: 0x0000bda4, Max: 0x00010000, ABSOLUTE)

    Execution Region ER_IROM1 (Base: 0x08000000, Size: 0x0000bce8, Max: 0x00010000, ABSOLUTE)

    Base Addr    Size         Type   Attr      Idx    E Section Name        Object

    0x08000000   0x00000130   Data   RO          476    RESET               startup_stm32f10x_hd.o
    0x08000130   0x00000008   Code   RO          601  * !!!main             c_w.l(__main.o)
    0x08000138   0x00000034   Code   RO          894    !!!scatter          c_w.l(__scatter.o)
    0x0800016c   0x0000001a   Code   RO          896    !!handler_copy      c_w.l(__scatter_copy.o)
    0x08000186   0x00000002   PAD
    0x08000188   0x0000001c   Code   RO          898    !!handler_zi        c_w.l(__scatter_zi.o)
    0x080001a4   0x00000002   Code   RO          760    .ARM.Collect$$libinit$$00000000  c_w.l(libinit.o)
    0x080001a6   0x00000000   Code   RO          772    .ARM.Collect$$libinit$$00000002  c_w.l(libinit2.o)
    0x080001a6   0x00000000   Code   RO          775    .ARM.Collect$$libinit$$00000008  c_w.l(libinit2.o)
    0x080001a6   0x00000000   Code   RO          777    .ARM.Collect$$libinit$$0000000A  c_w.l(libinit2.o)
    0x080001a6   0x00000000   Code   RO          779    .ARM.Collect$$libinit$$0000000C  c_w.l(libinit2.o)
    0x080001a6   0x00000000   Code   RO          782    .ARM.Collect$$libinit$$0000000F  c_w.l(libinit2.o)
    0x080001a6   0x00000000   Code   RO          784    .ARM.Collect$$libinit$$00000011  c_w.l(libinit2.o)
    0x080001a6   0x00000000   Code   RO          786    .ARM.Collect$$libinit$$00000013  c_w.l(libinit2.o)
    0x080001a6   0x00000000   Code   RO          788    .ARM.Collect$$libinit$$00000015  c_w.l(libinit2.o)
    0x080001a6   0x00000000   Code   RO          790    .ARM.Collect$$libinit$$00000017  c_w.l(libinit2.o)
    0x080001a6   0x00000000   Code   RO          792    .ARM.Collect$$libinit$$00000019  c_w.l(libinit2.o)
    0x080001a6   0x00000000   Code   RO          794    .ARM.Collect$$libinit$$0000001B  c_w.l(libinit2.o)
    0x080001a6   0x00000000   Code   RO          796    .ARM.Collect$$libinit$$0000001D  c_w.l(libinit2.o)
    0x080001a6   0x00000000   Code   RO          798    .ARM.Collect$$libinit$$0000001F  c_w.l(libinit2.o)
    0x080001a6   0x00000000   Code   RO          800    .ARM.Collect$$libinit$$00000021  c_w.l(libinit2.o)
    0x080001a6   0x00000000   Code   RO          802    .ARM.Collect$$libinit$$00000023  c_w.l(libinit2.o)
    0x080001a6   0x00000000   Code   RO          806    .ARM.Collect$$libinit$$0000002A  c_w.l(libinit2.o)
    0x080001a6   0x00000000   Code   RO          808    .ARM.Collect$$libinit$$0000002C  c_w.l(libinit2.o)
    0x080001a6   0x00000000   Code   RO          810    .ARM.Collect$$libinit$$0000002E  c_w.l(libinit2.o)
    0x080001a6   0x00000000   Code   RO          812    .ARM.Collect$$libinit$$00000030  c_w.l(libinit2.o)
    0x080001a6   0x00000002   Code   RO          813    .ARM.Collect$$libinit$$00000031  c_w.l(libinit2.o)
    0x080001a8   0x00000002   Code   RO          845    .ARM.Collect$$libshutdown$$00000000  c_w.l(libshutdown.o)
    0x080001aa   0x00000000   Code   RO          863    .ARM.Collect$$libshutdown$$00000003  c_w.l(libshutdown2.o)
    0x080001aa   0x00000000   Code   RO          866    .ARM.Collect$$libshutdown$$00000006  c_w.l(libshutdown2.o)
    0x080001aa   0x00000000   Code   RO          869    .ARM.Collect$$libshutdown$$00000009  c_w.l(libshutdown2.o)
    0x080001aa   0x00000000   Code   RO          871    .ARM.Collect$$libshutdown$$0000000B  c_w.l(libshutdown2.o)
    0x080001aa   0x00000000   Code   RO          874    .ARM.Collect$$libshutdown$$0000000E  c_w.l(libshutdown2.o)
    0x080001aa   0x00000002   Code   RO          875    .ARM.Collect$$libshutdown$$0000000F  c_w.l(libshutdown2.o)
    0x080001ac   0x00000000   Code   RO          659    .ARM.Collect$$rtentry$$00000000  c_w.l(rtentry.o)
    0x080001ac   0x00000000   Code   RO          715    .ARM.Collect$$rtentry$$00000002  c_w.l(rtentry2.o)
    0x080001ac   0x00000006   Code   RO          727    .ARM.Collect$$rtentry$$00000004  c_w.l(rtentry4.o)
    0x080001b2   0x00000000   Code   RO          717    .ARM.Collect$$rtentry$$00000009  c_w.l(rtentry2.o)
    0x080001b2   0x00000004   Code   RO          718    .ARM.Collect$$rtentry$$0000000A  c_w.l(rtentry2.o)
    0x080001b6   0x00000000   Code   RO          720    .ARM.Collect$$rtentry$$0000000C  c_w.l(rtentry2.o)
    0x080001b6   0x00000008   Code   RO          721    .ARM.Collect$$rtentry$$0000000D  c_w.l(rtentry2.o)
    0x080001be   0x00000002   Code   RO          765    .ARM.Collect$$rtexit$$00000000  c_w.l(rtexit.o)
    0x080001c0   0x00000000   Code   RO          817    .ARM.Collect$$rtexit$$00000002  c_w.l(rtexit2.o)
    0x080001c0   0x00000004   Code   RO          818    .ARM.Collect$$rtexit$$00000003  c_w.l(rtexit2.o)
    0x080001c4   0x00000006   Code   RO          819    .ARM.Collect$$rtexit$$00000004  c_w.l(rtexit2.o)
    0x080001ca   0x00000002   PAD
    0x080001cc   0x00000034   Code   RO            1    .text               main.o
    0x08000200   0x0000001a   Code   RO          116    .text               stm32f10x_it.o
    0x0800021a   0x00000002   PAD
    0x0800021c   0x000001dc   Code   RO          154    .text               system_stm32f10x.o
    0x080003f8   0x000003a8   Code   RO          172    .text               led.o
    0x080007a0   0x000003bc   Code   RO          185    .text               key.o
    0x08000b5c   0x0000013c   Code   RO          204    .text               timer.o
    0x08000c98   0x00000418   Code   RO          220    .text               adc.o
    0x080010b0   0x000004ac   Code   RO          240    .text               beep.o
    0x0800155c   0x000000f0   Code   RO          254    .text               exti.o
    0x0800164c   0x0000010c   Code   RO          277    .text               spi.o
    0x08001758   0x000002e4   Code   RO          289    .text               24l01.o
    0x08001a3c   0x0000092c   Code   RO          304    .text               gui.o
    0x08002368   0x0000067c   Code   RO          320    .text               lcd_driver.o
    0x080029e4   0x00000378   Code   RO          338    .text               iic.o
    0x08002d5c   0x00001f30   Code   RO          350    .text               inv_mpu.o
    0x08004c8c   0x00000d6c   Code   RO          389    .text               inv_mpu_dmp_motion_driver.o
    0x080059f8   0x0000043c   Code   RO          414    .text               imu_motion.o
    0x08005e34   0x000000d0   Code   RO          429    .text               delay.o
    0x08005f04   0x000008a4   Code   RO          443    .text               sys.o
    0x080067a8   0x00000040   Code   RO          477    .text               startup_stm32f10x_hd.o
    0x080067e8   0x000000dc   Code   RO          481    .text               misc.o
    0x080068c4   0x00000358   Code   RO          493    .text               stm32f10x_gpio.o
    0x08006c1c   0x000003a4   Code   RO          505    .text               stm32f10x_rcc.o
    0x08006fc0   0x00000e1a   Code   RO          519    .text               stm32f10x_tim.o
    0x08007dda   0x00000002   PAD
    0x08007ddc   0x0000044e   Code   RO          543    .text               stm32f10x_adc.o
    0x0800822a   0x00000002   PAD
    0x0800822c   0x0000011c   Code   RO          555    .text               stm32f10x_exti.o
    0x08008348   0x0000030c   Code   RO          567    .text               stm32f10x_spi.o
    0x08008654   0x00000250   Code   RO          579    .text               stm32f10x_dma.o
    0x080088a4   0x00000048   Code   RO          593    .text               c_w.l(llsdiv.o)
    0x080088ec   0x00000058   Code   RO          595    .text               c_w.l(memcmp.o)
    0x08008944   0x00000010   Code   RO          597    .text               c_w.l(aeabi_memset.o)
    0x08008954   0x00000006   Code   RO          599    .text               c_w.l(heapauxi.o)
    0x0800895a   0x000000ee   Code   RO          660    .text               c_w.l(lludivv7m.o)
    0x08008a48   0x00000016   Code   RO          662    .text               c_w.l(_rserrno.o)
    0x08008a5e   0x00000044   Code   RO          664    .text               c_w.l(rt_memclr.o)
    0x08008aa2   0x00000002   PAD
    0x08008aa4   0x00000008   Code   RO          736    .text               c_w.l(rt_errno_addr_intlibspace.o)
    0x08008aac   0x0000004e   Code   RO          738    .text               c_w.l(rt_memclr_w.o)
    0x08008afa   0x00000002   PAD
    0x08008afc   0x00000008   Code   RO          746    .text               c_w.l(libspace.o)
    0x08008b04   0x0000004a   Code   RO          749    .text               c_w.l(sys_stackheap_outer.o)
    0x08008b4e   0x0000000c   Code   RO          753    .text               c_w.l(exit.o)
    0x08008b5a   0x00000002   PAD
    0x08008b5c   0x0000000c   Code   RO          833    .text               c_w.l(sys_exit.o)
    0x08008b68   0x00000002   Code   RO          850    .text               c_w.l(use_no_semi.o)
    0x08008b6a   0x00000000   Code   RO          852    .text               c_w.l(indicate_semi.o)
    0x08008b6a   0x00000028   Code   RO          701    i.__ARM_fpclassify  m_ws.l(fpclassify.o)
    0x08008b92   0x000000aa   Code   RO          703    i.__kernel_poly     m_ws.l(poly.o)
    0x08008c3c   0x00000010   Code   RO          699    i.__mathlib_dbl_underflow  m_ws.l(dunder.o)
    0x08008c4c   0x0000027c   Code   RO          642    i.asin              m_ws.l(asin.o)
    0x08008ec8   0x00000224   Code   RO          690    i.atan              m_ws.l(atan.o)
    0x080090ec   0x00000180   Code   RO          652    i.atan2             m_ws.l(atan2.o)
    0x0800926c   0x0000004c   Code   RO          707    i.sqrt              m_ws.l(sqrt.o)
    0x080092b8   0x00000062   Code   RO          603    x$fpl$d2f           fz_ws.l(d2f.o)
    0x0800931a   0x00000002   PAD
    0x0800931c   0x00000150   Code   RO          666    x$fpl$dadd          fz_ws.l(daddsub_clz.o)
    0x0800946c   0x00000010   Code   RO          740    x$fpl$dcheck1       fz_ws.l(dcheck1.o)
    0x0800947c   0x000002b0   Code   RO          673    x$fpl$ddiv          fz_ws.l(ddiv.o)
    0x0800972c   0x00000154   Code   RO          605    x$fpl$dmul          fz_ws.l(dmul.o)
    0x08009880   0x0000009c   Code   RO          676    x$fpl$dnaninf       fz_ws.l(dnaninf.o)
    0x0800991c   0x0000000c   Code   RO          678    x$fpl$dretinf       fz_ws.l(dretinf.o)
    0x08009928   0x00000016   Code   RO          667    x$fpl$drsb          fz_ws.l(daddsub_clz.o)
    0x0800993e   0x00000002   PAD
    0x08009940   0x000001cc   Code   RO          744    x$fpl$dsqrt         fz_ws.l(dsqrt_noumaal.o)
    0x08009b0c   0x000001d4   Code   RO          668    x$fpl$dsub          fz_ws.l(daddsub_clz.o)
    0x08009ce0   0x00000056   Code   RO          607    x$fpl$f2d           fz_ws.l(f2d.o)
    0x08009d36   0x00000002   PAD
    0x08009d38   0x000000c4   Code   RO          609    x$fpl$fadd          fz_ws.l(faddsub_clz.o)
    0x08009dfc   0x00000018   Code   RO          680    x$fpl$fcmpinf       fz_ws.l(fcmpi.o)
    0x08009e14   0x00000184   Code   RO          616    x$fpl$fdiv          fz_ws.l(fdiv.o)
    0x08009f98   0x00000068   Code   RO          619    x$fpl$feqf          fz_ws.l(feqf.o)
    0x0800a000   0x00000036   Code   RO          621    x$fpl$ffix          fz_ws.l(ffix.o)
    0x0800a036   0x00000002   PAD
    0x0800a038   0x0000003e   Code   RO          625    x$fpl$ffixu         fz_ws.l(ffixu.o)
    0x0800a076   0x00000002   PAD
    0x0800a078   0x00000030   Code   RO          630    x$fpl$fflt          fz_ws.l(fflt_clz.o)
    0x0800a0a8   0x00000026   Code   RO          629    x$fpl$ffltu         fz_ws.l(fflt_clz.o)
    0x0800a0ce   0x00000002   PAD
    0x0800a0d0   0x00000068   Code   RO          635    x$fpl$fleqf         fz_ws.l(fleqf.o)
    0x0800a138   0x00000102   Code   RO          637    x$fpl$fmul          fz_ws.l(fmul.o)
    0x0800a23a   0x0000008c   Code   RO          682    x$fpl$fnaninf       fz_ws.l(fnaninf.o)
    0x0800a2c6   0x0000000a   Code   RO          684    x$fpl$fretinf       fz_ws.l(fretinf.o)
    0x0800a2d0   0x00000062   Code   RO          639    x$fpl$frleqf        fz_ws.l(frleqf.o)
    0x0800a332   0x00000014   Code   RO          610    x$fpl$frsb          fz_ws.l(faddsub_clz.o)
    0x0800a346   0x00000002   PAD
    0x0800a348   0x000000ea   Code   RO          611    x$fpl$fsub          fz_ws.l(faddsub_clz.o)
    0x0800a432   0x00000064   Code   RO          763    x$fpl$retnan        fz_ws.l(retnan.o)
    0x0800a496   0x0000005c   Code   RO          686    x$fpl$scalbn        fz_ws.l(scalbn.o)
    0x0800a4f2   0x00000030   Code   RO          814    x$fpl$trapveneer    fz_ws.l(trapv.o)
    0x0800a522   0x00000000   Code   RO          688    x$fpl$usenofp       fz_ws.l(usenofp.o)
    0x0800a522   0x0000000a   Data   RO          290    .constdata          24l01.o
    0x0800a52c   0x00000a64   Data   RO          305    .constdata          gui.o
    0x0800af90   0x00000050   Data   RO          351    .constdata          inv_mpu.o
    0x0800afe0   0x00000bf6   Data   RO          391    .constdata          inv_mpu_dmp_motion_driver.o
    0x0800bbd6   0x00000002   PAD
    0x0800bbd8   0x00000050   Data   RO          643    .constdata          m_ws.l(asin.o)
    0x0800bc28   0x00000098   Data   RO          691    .constdata          m_ws.l(atan.o)
    0x0800bcc0   0x00000008   Data   RO          705    .constdata          m_ws.l(qnan.o)
    0x0800bcc8   0x00000020   Data   RO          892    Region$$Table       anon$$obj.o


    Execution Region RW_IRAM1 (Base: 0x20000000, Size: 0x00000788, Max: 0x00005000, ABSOLUTE)

    Base Addr    Size         Type   Attr      Idx    E Section Name        Object

    0x20000000   0x00000014   Data   RW          155    .data               system_stm32f10x.o
    0x20000014   0x0000000b   Data   RW          173    .data               led.o
    0x2000001f   0x00000006   Data   RW          186    .data               key.o
    0x20000025   0x00000001   Data   RW          205    .data               timer.o
    0x20000026   0x00000014   Data   RW          222    .data               adc.o
    0x2000003a   0x00000006   Data   RW          241    .data               beep.o
    0x20000040   0x00000005   Data   RW          256    .data               exti.o
    0x20000045   0x00000001   PAD
    0x20000046   0x00000007   Data   RW          321    .data               lcd_driver.o
    0x2000004d   0x00000003   PAD
    0x20000050   0x0000002c   Data   RW          352    .data               inv_mpu.o
    0x2000007c   0x00000010   Data   RW          415    .data               imu_motion.o
    0x2000008c   0x00000004   Data   RW          430    .data               delay.o
    0x20000090   0x00000016   Data   RW          445    .data               sys.o
    0x200000a6   0x00000014   Data   RW          506    .data               stm32f10x_rcc.o
    0x200000ba   0x00000002   PAD
    0x200000bc   0x0000000c   Zero   RW          221    .bss                adc.o
    0x200000c8   0x00000021   Zero   RW          255    .bss                exti.o
    0x200000e9   0x00000003   PAD
    0x200000ec   0x00000010   Zero   RW          390    .bss                inv_mpu_dmp_motion_driver.o
    0x200000fc   0x0000002a   Zero   RW          444    .bss                sys.o
    0x20000126   0x00000002   PAD
    0x20000128   0x00000060   Zero   RW          747    .bss                c_w.l(libspace.o)
    0x20000188   0x00000200   Zero   RW          475    HEAP                startup_stm32f10x_hd.o
    0x20000388   0x00000400   Zero   RW          474    STACK               startup_stm32f10x_hd.o


==============================================================================

Image component sizes


      Code (inc. data)   RO Data    RW Data    ZI Data      Debug   Object Name

       740         40         10          0          0       3391   24l01.o
      1048        128          0         20         12       2860   adc.o
      1196         50          0          6          0       2380   beep.o
         0          0          0          0          0         32   core_cm3.o
       208         18          0          4          0        911   delay.o
       240         14          0          5         33       1521   exti.o
      2348        370       2660          0          0       6142   gui.o
       888         20          0          0          0       3951   iic.o
      1084         70          0         16          0       1368   imu_motion.o
      7984         90         80         44          0      21728   inv_mpu.o
      3436        124       3062          0         16      14951   inv_mpu_dmp_motion_driver.o
       956         46          0          6          0       4870   key.o
      1660        114          0          7          0       4783   lcd_driver.o
       936         62          0         11          0       2810   led.o
        52          4          0          0          0     274347   main.o
       220         20          0          0          0       1697   misc.o
       268         10          0          0          0       1049   spi.o
        64         26        304          0       1536        736   startup_stm32f10x_hd.o
      1102         26          0          0          0      10729   stm32f10x_adc.o
       592          8          0          0          0       4226   stm32f10x_dma.o
       284         10          0          0          0       2127   stm32f10x_exti.o
       856         40          0          0          0       5541   stm32f10x_gpio.o
        26          0          0          0          0       1130   stm32f10x_it.o
       932         44          0         20          0       8660   stm32f10x_rcc.o
       780         14          0          0          0       6422   stm32f10x_spi.o
      3610         88          0          0          0      22024   stm32f10x_tim.o
      2212        516          0         22         42       6924   sys.o
       476         36          0         20          0       1587   system_stm32f10x.o
       316         14          0          1          0       1230   timer.o

    ----------------------------------------------------------------------
     34520       2002       6150        188       1644     420127   Object Totals
         0          0         32          0          0          0   (incl. Generated)
         6          0          2          6          5          0   (incl. Padding)

    ----------------------------------------------------------------------

      Code (inc. data)   RO Data    RW Data    ZI Data      Debug   Library Member Name

         8          0          0          0          0         68   __main.o
        52          8          0          0          0          0   __scatter.o
        26          0          0          0          0          0   __scatter_copy.o
        28          0          0          0          0          0   __scatter_zi.o
        22          0          0          0          0        100   _rserrno.o
        16          0          0          0          0         68   aeabi_memset.o
        12          0          0          0          0         72   exit.o
         6          0          0          0          0        152   heapauxi.o
         0          0          0          0          0          0   indicate_semi.o
         2          0          0          0          0          0   libinit.o
         2          0          0          0          0          0   libinit2.o
         2          0          0          0          0          0   libshutdown.o
         2          0          0          0          0          0   libshutdown2.o
         8          4          0          0         96         68   libspace.o
        72          0          0          0          0         76   llsdiv.o
       238          0          0          0          0        100   lludivv7m.o
        88          0          0          0          0         76   memcmp.o
         8          4          0          0          0         68   rt_errno_addr_intlibspace.o
        68          0          0          0          0         68   rt_memclr.o
        78          0          0          0          0         80   rt_memclr_w.o
         0          0          0          0          0          0   rtentry.o
        12          0          0          0          0          0   rtentry2.o
         6          0          0          0          0          0   rtentry4.o
         2          0          0          0          0          0   rtexit.o
        10          0          0          0          0          0   rtexit2.o
        12          4          0          0          0         68   sys_exit.o
        74          0          0          0          0         80   sys_stackheap_outer.o
         2          0          0          0          0         68   use_no_semi.o
        98          4          0          0          0         92   d2f.o
       826         16          0          0          0        348   daddsub_clz.o
        16          4          0          0          0         68   dcheck1.o
       688        140          0          0          0        208   ddiv.o
       340         12          0          0          0        104   dmul.o
       156          4          0          0          0         92   dnaninf.o
        12          0          0          0          0         68   dretinf.o
       460         56          0          0          0        120   dsqrt_noumaal.o
        86          4          0          0          0         84   f2d.o
       450          8          0          0          0        236   faddsub_clz.o
        24          0          0          0          0         68   fcmpi.o
       388         76          0          0          0         96   fdiv.o
       104          4          0          0          0         84   feqf.o
        54          4          0          0          0         84   ffix.o
        62          4          0          0          0         84   ffixu.o
        86          0          0          0          0        136   fflt_clz.o
       104          4          0          0          0         84   fleqf.o
       258          4          0          0          0         84   fmul.o
       140          4          0          0          0         84   fnaninf.o
        10          0          0          0          0         68   fretinf.o
        98          0          0          0          0         68   frleqf.o
       100          0          0          0          0         68   retnan.o
        92          0          0          0          0         68   scalbn.o
        48          0          0          0          0         68   trapv.o
         0          0          0          0          0          0   usenofp.o
       636         52         80          0          0        168   asin.o
       548         70        152          0          0        124   atan.o
       384         38          0          0          0        144   atan2.o
        16          6          0          0          0         68   dunder.o
        40          0          0          0          0         68   fpclassify.o
       170          0          0          0          0         96   poly.o
         0          0          8          0          0          0   qnan.o
        76          0          0          0          0         84   sqrt.o

    ----------------------------------------------------------------------
      7450        534        240          0         96       4528   Library Totals
        24          0          0          0          0          0   (incl. Padding)

    ----------------------------------------------------------------------

      Code (inc. data)   RO Data    RW Data    ZI Data      Debug   Library Name

       856         20          0          0         96       1212   c_w.l
      4700        348          0          0          0       2564   fz_ws.l
      1870        166        240          0          0        752   m_ws.l

    ----------------------------------------------------------------------
      7450        534        240          0         96       4528   Library Totals

    ----------------------------------------------------------------------

==============================================================================


      Code (inc. data)   RO Data    RW Data    ZI Data      Debug   

     41970       2536       6390        188       1740     419403   Grand Totals
     41970       2536       6390        188       1740     419403   ELF Image Totals
     41970       2536       6390        188          0          0   ROM Totals

==============================================================================

    Total RO  Size (Code + RO Data)                48360 (  47.23kB)
    Total RW  Size (RW Data + ZI Data)              1928 (   1.88kB)
    Total ROM Size (Code + RO Data + RW Data)      48548 (  47.41kB)

==============================================================================

