<html>
<body>
<pre>
<h1>礦ision Build Log</h1>
<h2>Project:</h2>
E:\job\spider\外发\程序\ctrl_ram\USER\PWM.uvproj
Project File Date:  04/28/2016

<h2>Output:</h2>
Build target 'Target 1'
compiling main.c...
compiling stm32f10x_it.c...
compiling system_stm32f10x.c...
compiling led.c...
compiling key.c...
compiling timer.c...
compiling adc.c...
compiling beep.c...
compiling exti.c...
compiling spi.c...
compiling 24l01.c...
compiling GUI.c...
..\HARDWARE\TFT\GUI.c(333): warning:  #177-D: variable "cnt" was declared but never referenced
compiling Lcd_Driver.c...
compiling IIC.c...
compiling inv_mpu.c...
compiling inv_mpu_dmp_motion_driver.c...
..\HARDWARE\MPU6050\inv_mpu_dmp_motion_driver.c(1344): warning:  #223-D: function "get_ms" declared implicitly
compiling imu_motion.c...
compiling delay.c...
compiling sys.c...
compiling core_cm3.c...
assembling startup_stm32f10x_hd.s...
compiling misc.c...
compiling stm32f10x_gpio.c...
compiling stm32f10x_rcc.c...
compiling stm32f10x_tim.c...
compiling stm32f10x_usart.c...
compiling stm32f10x_adc.c...
compiling stm32f10x_exti.c...
compiling stm32f10x_spi.c...
compiling stm32f10x_dma.c...
linking...
Program Size: Code=41970 RO-data=6390 RW-data=188 ZI-data=1740  
FromELF: creating hex file...
"..\OBJ\PWM.axf" - 0 Errors, 2 Warning(s).
Build target 'Target 1'
compiling main.c...
compiling led.c...
compiling key.c...
compiling timer.c...
compiling adc.c...
compiling beep.c...
compiling exti.c...
compiling spi.c...
compiling 24l01.c...
compiling GUI.c...
..\HARDWARE\TFT\GUI.c(333): warning:  #177-D: variable "cnt" was declared but never referenced
compiling Lcd_Driver.c...
compiling IIC.c...
compiling inv_mpu.c...
compiling inv_mpu_dmp_motion_driver.c...
..\HARDWARE\MPU6050\inv_mpu_dmp_motion_driver.c(1344): warning:  #223-D: function "get_ms" declared implicitly
compiling imu_motion.c...
compiling delay.c...
compiling sys.c...
linking...
Program Size: Code=41970 RO-data=6390 RW-data=188 ZI-data=1740  
FromELF: creating hex file...
"..\OBJ\PWM.axf" - 0 Errors, 2 Warning(s).
Load "..\\OBJ\\PWM.axf" 
Set JLink Project File to "E:\job\spider\外发\程序\ctrl_ram\USER\JLinkSettings.ini"
* JLink Info: Device "STM32F103C8" selected (64 KB flash, 20 KB RAM).
 
JLink info:
------------
DLL: V4.68a, compiled Apr 12 2013 13:26:50
Firmware: J-Link ARM-OB STM32 compiled Aug 22 2012 19:52:04
Hardware: V7.00
S/N : 20090928 
Feature(s) : RDI,FlashDL,FlashBP,JFlash,GDBFull 
 
* JLink Info: Found SWD-DP with ID 0x1BA01477
* JLink Info: Found SWD-DP with ID 0x1BA01477
* JLink Info: TPIU fitted.
* JLink Info: FPUnit: 6 code (BP) slots and 2 literal slots
* JLink Info: Found Cortex-M3 r1p1, Little endian.
ROMTableAddr = 0xE00FF003
 
Target info:
------------
Device: STM32F103C8
VTarget = 3.300V
State of Pins: 
TCK: 0, TDI: 0, TDO: 1, TMS: 0, TRES: 1, TRST: 1
Hardware-Breakpoints: 6
Software-Breakpoints: 8192
Watchpoints:          4
JTAG speed: 2000 kHz
 
Erase Done.
Programming Done.
Verify OK.
Application running ...
